Archive member included to satisfy reference by file (symbol)

app/libapp.a(main.c.obj)      (--whole-archive)
zephyr/libzephyr.a(heap.c.obj)
                              (--whole-archive)
zephyr/libzephyr.a(cbprintf_packaged.c.obj)
                              (--whole-archive)
zephyr/libzephyr.a(printk.c.obj)
                              (--whole-archive)
zephyr/libzephyr.a(sem.c.obj)
                              (--whole-archive)
zephyr/libzephyr.a(thread_entry.c.obj)
                              (--whole-archive)
zephyr/libzephyr.a(cbprintf_complete.c.obj)
                              (--whole-archive)
zephyr/libzephyr.a(assert.c.obj)
                              (--whole-archive)
zephyr/libzephyr.a(reboot.c.obj)
                              (--whole-archive)
zephyr/libzephyr.a(dec.c.obj)
                              (--whole-archive)
zephyr/libzephyr.a(hex.c.obj)
                              (--whole-archive)
zephyr/libzephyr.a(rb.c.obj)  (--whole-archive)
zephyr/libzephyr.a(timeutil.c.obj)
                              (--whole-archive)
zephyr/libzephyr.a(bitarray.c.obj)
                              (--whole-archive)
zephyr/libzephyr.a(ring_buffer.c.obj)
                              (--whole-archive)
zephyr/libzephyr.a(configs.c.obj)
                              (--whole-archive)
zephyr/libzephyr.a(stm32cube_hal.c.obj)
                              (--whole-archive)
zephyr/libzephyr.a(soc_config.c.obj)
                              (--whole-archive)
zephyr/libzephyr.a(soc.c.obj)
                              (--whole-archive)
zephyr/libzephyr.a(mem_attr.c.obj)
                              (--whole-archive)
zephyr/libzephyr.a(tracing_none.c.obj)
                              (--whole-archive)
zephyr/libzephyr.a(say_hello.c.obj)
                              (--whole-archive)
zephyr/arch/common/libarch__common.a(sw_isr_common.c.obj)
                              (--whole-archive)
zephyr/arch/arch/arm/core/libarch__arm__core.a(fatal.c.obj)
                              (--whole-archive)
zephyr/arch/arch/arm/core/libarch__arm__core.a(nmi.c.obj)
                              (--whole-archive)
zephyr/arch/arch/arm/core/libarch__arm__core.a(nmi_on_reset.S.obj)
                              (--whole-archive)
zephyr/arch/arch/arm/core/libarch__arm__core.a(tls.c.obj)
                              (--whole-archive)
zephyr/arch/arch/arm/core/cortex_m/libarch__arm__core__cortex_m.a(exc_exit.c.obj)
                              (--whole-archive)
zephyr/arch/arch/arm/core/cortex_m/libarch__arm__core__cortex_m.a(fault.c.obj)
                              (--whole-archive)
zephyr/arch/arch/arm/core/cortex_m/libarch__arm__core__cortex_m.a(fault_s.S.obj)
                              (--whole-archive)
zephyr/arch/arch/arm/core/cortex_m/libarch__arm__core__cortex_m.a(fpu.c.obj)
                              (--whole-archive)
zephyr/arch/arch/arm/core/cortex_m/libarch__arm__core__cortex_m.a(reset.S.obj)
                              (--whole-archive)
zephyr/arch/arch/arm/core/cortex_m/libarch__arm__core__cortex_m.a(scb.c.obj)
                              (--whole-archive)
zephyr/arch/arch/arm/core/cortex_m/libarch__arm__core__cortex_m.a(thread_abort.c.obj)
                              (--whole-archive)
zephyr/arch/arch/arm/core/cortex_m/libarch__arm__core__cortex_m.a(vector_table.S.obj)
                              (--whole-archive)
zephyr/arch/arch/arm/core/cortex_m/libarch__arm__core__cortex_m.a(swap_helper.S.obj)
                              (--whole-archive)
zephyr/arch/arch/arm/core/cortex_m/libarch__arm__core__cortex_m.a(irq_manage.c.obj)
                              (--whole-archive)
zephyr/arch/arch/arm/core/cortex_m/libarch__arm__core__cortex_m.a(prep_c.c.obj)
                              (--whole-archive)
zephyr/arch/arch/arm/core/cortex_m/libarch__arm__core__cortex_m.a(thread.c.obj)
                              (--whole-archive)
zephyr/arch/arch/arm/core/cortex_m/libarch__arm__core__cortex_m.a(cpu_idle.c.obj)
                              (--whole-archive)
zephyr/arch/arch/arm/core/cortex_m/libarch__arm__core__cortex_m.a(irq_init.c.obj)
                              (--whole-archive)
zephyr/arch/arch/arm/core/cortex_m/libarch__arm__core__cortex_m.a(isr_wrapper.c.obj)
                              (--whole-archive)
zephyr/arch/arch/arm/core/cortex_m/libarch__arm__core__cortex_m.a(__aeabi_read_tp.S.obj)
                              (--whole-archive)
zephyr/arch/arch/arm/core/mpu/libarch__arm__core__mpu.a(arm_core_mpu.c.obj)
                              (--whole-archive)
zephyr/arch/arch/arm/core/mpu/libarch__arm__core__mpu.a(arm_mpu.c.obj)
                              (--whole-archive)
zephyr/arch/arch/arm/core/mpu/libarch__arm__core__mpu.a(arm_mpu_regions.c.obj)
                              (--whole-archive)
zephyr/lib/libc/picolibc/liblib__libc__picolibc.a(assert.c.obj)
                              (--whole-archive)
zephyr/lib/libc/picolibc/liblib__libc__picolibc.a(cbprintf.c.obj)
[...]
Memory Configuration

Name             Origin             Length             Attributes
FLASH            0x0000000008000000 0x0000000000080000 xr
RAM              0x0000000020000000 0x0000000000020000 xw
BACKUP_SRAM      0x0000000040024000 0x0000000000001000 rw
IDT_LIST         0x00000000ffff7fff 0x0000000000008000 xw
*default*        0x0000000000000000 0xffffffffffffffff

Linker script and memory map

                0x0000000008002adc                vfprintf = __l_vfprintf
                0x0000000000000000                vfscanf = __l_vfscanf
LOAD zephyr/CMakeFiles/zephyr_pre0.dir/misc/empty_file.c.obj
LOAD zephyr/CMakeFiles/offsets.dir/./arch/arm/core/offsets/offsets.c.obj
LOAD app/libapp.a
LOAD zephyr/libzephyr.a
LOAD zephyr/arch/common/libarch__common.a
LOAD zephyr/arch/arch/arm/core/libarch__arm__core.a
LOAD zephyr/arch/arch/arm/core/cortex_m/libarch__arm__core__cortex_m.a
LOAD zephyr/arch/arch/arm/core/mpu/libarch__arm__core__mpu.a
LOAD zephyr/lib/libc/picolibc/liblib__libc__picolibc.a
LOAD zephyr/lib/libc/common/liblib__libc__common.a
LOAD zephyr/drivers/interrupt_controller/libdrivers__interrupt_controller.a
LOAD zephyr/drivers/clock_control/libdrivers__clock_control.a
LOAD zephyr/drivers/console/libdrivers__console.a
LOAD zephyr/drivers/gpio/libdrivers__gpio.a
LOAD zephyr/drivers/pinctrl/libdrivers__pinctrl.a
LOAD zephyr/drivers/reset/libdrivers__reset.a
LOAD zephyr/drivers/serial/libdrivers__serial.a
LOAD zephyr/drivers/timer/libdrivers__timer.a
LOAD modules/hal_stm32/stm32cube/lib..__modules__hal__stm32__stm32cube.a
LOAD zephyr/kernel/libkernel.a
LOAD zephyr/arch/common/libisr_tables.a
LOAD /home/alextran/zephyr-sdk-0.17.0/arm-zephyr-eabi/bin/../lib/gcc/../../picolibc/arm-zephyr-eabi/lib/thumb/v7e-m/nofp/libc.a
LOAD /home/alextran/zephyr-sdk-0.17.0/arm-zephyr-eabi/bin/../lib/gcc/arm-zephyr-eabi/12.2.0/thumb/v7e-m/nofp/libgcc.a
                0x0000000000000020                _region_min_align = 0x20

.rel.plt        0x0000000008000000        0x0
 *(SORT_BY_ALIGNMENT(.rel.plt))
                [!provide]                        PROVIDE (__rel_iplt_start = .)
 *(SORT_BY_ALIGNMENT(.rel.iplt))
 .rel.iplt      0x0000000008000000        0x0 app/libapp.a(main.c.obj)
                [!provide]                        PROVIDE (__rel_iplt_end = .)

.rela.plt       0x0000000000000000        0x0
 *(SORT_BY_ALIGNMENT(.rela.plt))
                [!provide]                        PROVIDE (__rela_iplt_start = .)
 *(SORT_BY_ALIGNMENT(.rela.iplt))
                [!provide]                        PROVIDE (__rela_iplt_end = .)

.rel.dyn
 *(SORT_BY_ALIGNMENT(.rel.*))

.rela.dyn
 *(SORT_BY_ALIGNMENT(.rela.*))

/DISCARD/
 *(SORT_BY_ALIGNMENT(.plt))

/DISCARD/
 *(SORT_BY_ALIGNMENT(.iplt))
                0x0000000008000000                __rom_region_start = 0x8000000

rom_start       0x0000000008000000      0x1c4
                0x0000000008000000                __rom_start_address = .
 FILL mask 0x00
                0x0000000008000000                . = (. + (0x0 - (. - __rom_start_address)))
                0x0000000008000000                . = ALIGN (0x4)
                0x0000000008000000                . = ALIGN (0x80)
                0x0000000008000000                . = ALIGN (0x200)
                0x0000000008000000                _vector_start = .
 *(SORT_BY_ALIGNMENT(.exc_vector_table))
 *(SORT_BY_ALIGNMENT(.exc_vector_table.*))
 .exc_vector_table._vector_table_section
                0x0000000008000000       0x40 zephyr/arch/arch/arm/core/cortex_m/libarch__arm__core__cortex_m.a(vector_table.S.obj)
                0x0000000008000000                _vector_table
 *(SORT_BY_ALIGNMENT(.vectors))
                0x00000000080001c4                _vector_end = .
                0x0000000008000040                . = ALIGN (0x4)
 *(SORT_BY_ALIGNMENT(.gnu.linkonce.irq_vector_table*))
 .gnu.linkonce.irq_vector_table
                0x0000000008000040      0x184 zephyr/arch/common/libisr_tables.a(isr_tables.c.obj)
                0x0000000008000040                _irq_vector_table
                0x00000000080001c4                _vector_end = .

text            0x00000000080001c4     0x41e4
                0x00000000080001c4                __text_region_start = .
 *(SORT_BY_ALIGNMENT(.text))
 .text          0x00000000080001c4       0x30 /home/alextran/zephyr-sdk-0.17.0/arm-zephyr-eabi/bin/../lib/gcc/arm-zephyr-eabi/12.2.0/thumb/v7e-m/nofp/libgcc.a(_aeabi_uldivmod.o)
                0x00000000080001c4                __aeabi_uldivmod
 .text          0x00000000080001f4        0x4 /home/alextran/zephyr-sdk-0.17.0/arm-zephyr-eabi/bin/../lib/gcc/arm-zephyr-eabi/12.2.0/thumb/v7e-m/nofp/libgcc.a(_dvmd_tls.o)
                0x00000000080001f4                __aeabi_ldiv0
                0x00000000080001f4                __aeabi_idiv0
 .text          0x00000000080001f8      0x2a0 /home/alextran/zephyr-sdk-0.17.0/arm-zephyr-eabi/bin/../lib/gcc/arm-zephyr-eabi/12.2.0/thumb/v7e-m/nofp/libgcc.a(_udivmoddi4.o)
                0x00000000080001f8                __udivmoddi4
 *(SORT_BY_ALIGNMENT(.text.*))
 .text.main     0x0000000008000498       0x40 app/libapp.a(main.c.obj)
                0x0000000008000498                main
 .text.char_out
                0x00000000080004d8       0x10 zephyr/libzephyr.a(printk.c.obj)
 .text.__printk_hook_install
                0x00000000080004e8        0xc zephyr/libzephyr.a(printk.c.obj)
                0x00000000080004e8                __printk_hook_install
 .text.vprintk  0x00000000080004f4       0x2c zephyr/libzephyr.a(printk.c.obj)
                0x00000000080004f4                vprintk
 .text.z_thread_entry
                0x0000000008000520       0x34 zephyr/libzephyr.a(thread_entry.c.obj)
                0x0000000008000520                z_thread_entry
 .text.st_stm32_common_config
                0x0000000008000554       0x14 zephyr/libzephyr.a(soc_config.c.obj)
 .text.soc_early_init_hook
                0x0000000008000568       0x30 zephyr/libzephyr.a(soc.c.obj)
                0x0000000008000568                soc_early_init_hook
 .text.mem_attr_get_regions
                0x0000000008000598        0xc zephyr/libzephyr.a(mem_attr.c.obj)
                0x0000000008000598                mem_attr_get_regions
 .text.say_hello
                0x00000000080005a4       0x10 zephyr/libzephyr.a(say_hello.c.obj)
                0x00000000080005a4                say_hello
 .text.z_arm_nmi
                0x00000000080005b4       0x14 zephyr/arch/arch/arm/core/libarch__arm__core.a(nmi.c.obj)
                0x00000000080005b4                z_arm_nmi
 .text.z_SysNmiOnReset
                0x00000000080005c8        0x8 zephyr/arch/arch/arm/core/libarch__arm__core.a(nmi_on_reset.S.obj)
                0x00000000080005c8                z_SysNmiOnReset
 .text.z_tls_copy
                0x00000000080005d0       0x28 zephyr/arch/arch/arm/core/libarch__arm__core.a(tls.c.obj)
 .text.arch_tls_stack_setup
                0x00000000080005f8       0x24 zephyr/arch/arch/arm/core/libarch__arm__core.a(tls.c.obj)
                0x00000000080005f8                arch_tls_stack_setup
 .text._HandlerModeExit
                0x000000000800061c       0x20 zephyr/arch/arch/arm/core/cortex_m/libarch__arm__core__cortex_m.a(exc_exit.c.obj)
                0x000000000800061c                z_arm_exc_exit
                0x000000000800061c                z_arm_int_exit
 .text.bus_fault
                0x000000000800063c       0x8c zephyr/arch/arch/arm/core/cortex_m/libarch__arm__core__cortex_m.a(fault.c.obj)
 .text.usage_fault
                0x00000000080006c8       0x64 zephyr/arch/arch/arm/core/cortex_m/libarch__arm__core__cortex_m.a(fault.c.obj)
 .text.z_arm_is_synchronous_svc
                0x000000000800072c       0x3c zephyr/arch/arch/arm/core/cortex_m/libarch__arm__core__cortex_m.a(fault.c.obj)
 .text.mem_manage_fault
                0x0000000008000768       0xd4 zephyr/arch/arch/arm/core/cortex_m/libarch__arm__core__cortex_m.a(fault.c.obj)
 .text.hard_fault
                0x000000000800083c       0x78 zephyr/arch/arch/arm/core/cortex_m/libarch__arm__core__cortex_m.a(fault.c.obj)
 .text.z_arm_fault
                0x00000000080008b4       0xa4 zephyr/arch/arch/arm/core/cortex_m/libarch__arm__core__cortex_m.a(fault.c.obj)
                0x00000000080008b4                z_arm_fault
 .text.z_arm_fault_init
                0x0000000008000958       0x18 zephyr/arch/arch/arm/core/cortex_m/libarch__arm__core__cortex_m.a(fault.c.obj)
                0x0000000008000958                z_arm_fault_init
 .text.__fault  0x0000000008000970       0x14 zephyr/arch/arch/arm/core/cortex_m/libarch__arm__core__cortex_m.a(fault_s.S.obj)
                0x0000000008000970                z_arm_bus_fault
                0x0000000008000970                z_arm_usage_fault
                0x0000000008000970                z_arm_mpu_fault
                0x0000000008000970                z_arm_exc_spurious
                0x0000000008000970                z_arm_debug_monitor
                0x0000000008000970                z_arm_hard_fault
 .text._reset_section
                0x0000000008000984       0x34 zephyr/arch/arch/arm/core/cortex_m/libarch__arm__core__cortex_m.a(reset.S.obj)
                0x0000000008000984                z_arm_reset
                0x0000000008000984                __start
 .text.z_impl_k_thread_abort
                0x00000000080009b8       0x34 zephyr/arch/arch/arm/core/cortex_m/libarch__arm__core__cortex_m.a(thread_abort.c.obj)
                0x00000000080009b8                z_impl_k_thread_abort
 .text.z_arm_pendsv
                0x00000000080009ec       0x60 zephyr/arch/arch/arm/core/cortex_m/libarch__arm__core__cortex_m.a(swap_helper.S.obj)
                0x00000000080009ec                z_arm_pendsv
 .text.z_arm_svc
                0x0000000008000a4c       0x24 zephyr/arch/arch/arm/core/cortex_m/libarch__arm__core__cortex_m.a(swap_helper.S.obj)
                0x0000000008000a4c                z_arm_svc
 .text.__NVIC_EnableIRQ
                0x0000000008000a70       0x1c zephyr/arch/arch/arm/core/cortex_m/libarch__arm__core__cortex_m.a(irq_manage.c.obj)
 .text.__NVIC_SetPriority
                0x0000000008000a8c       0x28 zephyr/arch/arch/arm/core/cortex_m/libarch__arm__core__cortex_m.a(irq_manage.c.obj)
 .text.relocate_vector_table
                0x0000000008000ab4       0x1c zephyr/arch/arch/arm/core/cortex_m/libarch__arm__core__cortex_m.a(prep_c.c.obj)
                0x0000000008000ab4                relocate_vector_table
 .text.z_prep_c
                0x0000000008000ad0       0x38 zephyr/arch/arch/arm/core/cortex_m/libarch__arm__core__cortex_m.a(prep_c.c.obj)
                0x0000000008000ad0                z_prep_c
 .text.arch_new_thread
                0x0000000008000b08       0x40 zephyr/arch/arch/arm/core/cortex_m/libarch__arm__core__cortex_m.a(thread.c.obj)
                0x0000000008000b08                arch_new_thread
 .text.z_check_thread_stack_fail
                0x0000000008000b48       0x40 zephyr/arch/arch/arm/core/cortex_m/libarch__arm__core__cortex_m.a(thread.c.obj)
                0x0000000008000b48                z_check_thread_stack_fail
 .text.arch_switch_to_main_thread
                0x0000000008000b88       0x3c zephyr/arch/arch/arm/core/cortex_m/libarch__arm__core__cortex_m.a(thread.c.obj)
                0x0000000008000b88                arch_switch_to_main_thread
 .text.z_arm_cpu_idle_init
                0x0000000008000bc4        0xc zephyr/arch/arch/arm/core/cortex_m/libarch__arm__core__cortex_m.a(cpu_idle.c.obj)
                0x0000000008000bc4                z_arm_cpu_idle_init
 .text.z_arm_interrupt_init
                0x0000000008000bd0       0x34 zephyr/arch/arch/arm/core/cortex_m/libarch__arm__core__cortex_m.a(irq_init.c.obj)
                0x0000000008000bd0                z_arm_interrupt_init
 .text._isr_wrapper
                0x0000000008000c04       0x20 zephyr/arch/arch/arm/core/cortex_m/libarch__arm__core__cortex_m.a(isr_wrapper.c.obj)
                0x0000000008000c04                _isr_wrapper
 .text.z_arm_configure_static_mpu_regions
                0x0000000008000c24       0x1c zephyr/arch/arch/arm/core/mpu/libarch__arm__core__mpu.a(arm_core_mpu.c.obj)
                0x0000000008000c24                z_arm_configure_static_mpu_regions
 .text.z_arm_configure_dynamic_mpu_regions
                0x0000000008000c40       0x24 zephyr/arch/arch/arm/core/mpu/libarch__arm__core__mpu.a(arm_core_mpu.c.obj)
                0x0000000008000c40                z_arm_configure_dynamic_mpu_regions
 .text.region_init
                0x0000000008000c64       0x28 zephyr/arch/arch/arm/core/mpu/libarch__arm__core__mpu.a(arm_mpu.c.obj)
 .text.region_allocate_and_init
                0x0000000008000c8c       0x28 zephyr/arch/arch/arm/core/mpu/libarch__arm__core__mpu.a(arm_mpu.c.obj)
 .text.mpu_configure_static_mpu_regions
                0x0000000008000cb4       0x14 zephyr/arch/arch/arm/core/mpu/libarch__arm__core__mpu.a(arm_mpu.c.obj)
 .text.mpu_configure_dynamic_mpu_regions
                0x0000000008000cc8       0x3c zephyr/arch/arch/arm/core/mpu/libarch__arm__core__mpu.a(arm_mpu.c.obj)
 .text.arm_core_mpu_enable
                0x0000000008000d04       0x18 zephyr/arch/arch/arm/core/mpu/libarch__arm__core__mpu.a(arm_mpu.c.obj)
                0x0000000008000d04                arm_core_mpu_enable
 .text.arm_core_mpu_disable
                0x0000000008000d1c       0x14 zephyr/arch/arch/arm/core/mpu/libarch__arm__core__mpu.a(arm_mpu.c.obj)
                0x0000000008000d1c                arm_core_mpu_disable
 .text.z_arm_mpu_init
                0x0000000008000d30       0x80 zephyr/arch/arch/arm/core/mpu/libarch__arm__core__mpu.a(arm_mpu.c.obj)
                0x0000000008000d30                z_arm_mpu_init
 .text.z_impl_zephyr_fputc
                0x0000000008000db0       0x10 zephyr/lib/libc/picolibc/liblib__libc__picolibc.a(stdio.c.obj)
                0x0000000008000db0                z_impl_zephyr_fputc
 .text.__stdout_hook_install
                0x0000000008000dc0       0x18 zephyr/lib/libc/picolibc/liblib__libc__picolibc.a(stdio.c.obj)
                0x0000000008000dc0                __stdout_hook_install
 .text.malloc_prepare
                0x0000000008000dd8       0x24 zephyr/lib/libc/common/liblib__libc__common.a(malloc.c.obj)
 .text.stm32_exti_isr
                0x0000000008000dfc       0x48 zephyr/drivers/interrupt_controller/libdrivers__interrupt_controller.a(intc_exti_stm32.c.obj)
 .text.stm32_exti_enable_registers
                0x0000000008000e44       0x3c zephyr/drivers/interrupt_controller/libdrivers__interrupt_controller.a(intc_exti_stm32.c.obj)
 .text.stm32_fill_irq_table
                0x0000000008000e80       0x24 zephyr/drivers/interrupt_controller/libdrivers__interrupt_controller.a(intc_exti_stm32.c.obj)
 .text.LL_SYSCFG_SetEXTISource
                0x0000000008000ea4       0x38 zephyr/drivers/interrupt_controller/libdrivers__interrupt_controller.a(intc_exti_stm32.c.obj)
 .text.LL_SYSCFG_GetEXTISource
                0x0000000008000edc       0x28 zephyr/drivers/interrupt_controller/libdrivers__interrupt_controller.a(intc_exti_stm32.c.obj)
 .text.stm32_gpio_intc_enable_line
                0x0000000008000f04       0x30 zephyr/drivers/interrupt_controller/libdrivers__interrupt_controller.a(intc_exti_stm32.c.obj)
                0x0000000008000f04                stm32_gpio_intc_enable_line
 .text.stm32_gpio_intc_disable_line
                0x0000000008000f34       0x10 zephyr/drivers/interrupt_controller/libdrivers__interrupt_controller.a(intc_exti_stm32.c.obj)
                0x0000000008000f34                stm32_gpio_intc_disable_line
 .text.stm32_gpio_intc_select_line_trigger
                0x0000000008000f44       0x58 zephyr/drivers/interrupt_controller/libdrivers__interrupt_controller.a(intc_exti_stm32.c.obj)
                0x0000000008000f44                stm32_gpio_intc_select_line_trigger
 .text.stm32_gpio_intc_set_irq_callback
                0x0000000008000f9c       0x4c zephyr/drivers/interrupt_controller/libdrivers__interrupt_controller.a(intc_exti_stm32.c.obj)
                0x0000000008000f9c                stm32_gpio_intc_set_irq_callback
 .text.stm32_gpio_intc_remove_irq_callback
                0x0000000008000fe8       0x24 zephyr/drivers/interrupt_controller/libdrivers__interrupt_controller.a(intc_exti_stm32.c.obj)
                0x0000000008000fe8                stm32_gpio_intc_remove_irq_callback
 .text.stm32_clock_switch_to_hsi
                0x000000000800100c       0x38 zephyr/drivers/clock_control/libdrivers__clock_control.a(clock_stm32_ll_common.c.obj)
 .text.set_up_fixed_clock_sources
                0x0000000008001044       0x38 zephyr/drivers/clock_control/libdrivers__clock_control.a(clock_stm32_ll_common.c.obj)
 .text.stm32_clock_control_get_subsys_rate
                0x000000000800107c      0x110 zephyr/drivers/clock_control/libdrivers__clock_control.a(clock_stm32_ll_common.c.obj)
 .text.set_up_plls
                0x000000000800118c       0x68 zephyr/drivers/clock_control/libdrivers__clock_control.a(clock_stm32_ll_common.c.obj)
 .text.stm32_clock_control_init
                0x00000000080011f4       0x98 zephyr/drivers/clock_control/libdrivers__clock_control.a(clock_stm32_ll_common.c.obj)
                0x00000000080011f4                stm32_clock_control_init
 .text.LL_RCC_PLL_ConfigDomain_SYS
                0x000000000800128c       0x34 zephyr/drivers/clock_control/libdrivers__clock_control.a(clock_stm32f2_f4_f7.c.obj)
 .text.get_pllsrc_frequency
                0x00000000080012c0        0x8 zephyr/drivers/clock_control/libdrivers__clock_control.a(clock_stm32f2_f4_f7.c.obj)
                0x00000000080012c0                get_pllsrc_frequency
 .text.config_pll_sysclock
                0x00000000080012c8       0x34 zephyr/drivers/clock_control/libdrivers__clock_control.a(clock_stm32f2_f4_f7.c.obj)
                0x00000000080012c8                config_pll_sysclock
 .text.config_enable_default_clocks
                0x00000000080012fc       0x20 zephyr/drivers/clock_control/libdrivers__clock_control.a(clock_stm32f2_f4_f7.c.obj)
                0x00000000080012fc                config_enable_default_clocks
 .text.console_out
                0x000000000800131c       0x28 zephyr/drivers/console/libdrivers__console.a(uart_console.c.obj)
 .text.uart_console_hook_install
                0x0000000008001344       0x18 zephyr/drivers/console/libdrivers__console.a(uart_console.c.obj)
 .text.uart_console_init
                0x000000000800135c       0x1c zephyr/drivers/console/libdrivers__console.a(uart_console.c.obj)
 .text.gpio_stm32_clock_request
                0x0000000008001378       0x3c zephyr/drivers/gpio/libdrivers__gpio.a(gpio_stm32.c.obj)
 .text.gpio_stm32_pin_interrupt_configure
                0x00000000080013b4       0x94 zephyr/drivers/gpio/libdrivers__gpio.a(gpio_stm32.c.obj)
 .text.gpio_stm32_init
                0x0000000008001448       0x2c zephyr/drivers/gpio/libdrivers__gpio.a(gpio_stm32.c.obj)
 .text.stm32_pin_configure
                0x0000000008001474       0x40 zephyr/drivers/pinctrl/libdrivers__pinctrl.a(pinctrl_stm32.c.obj)
 .text.LL_USART_SetBaudRate
                0x00000000080014b4       0xcc zephyr/drivers/serial/libdrivers__serial.a(uart_stm32.c.obj)
 .text.uart_stm32_configure
                0x0000000008001580      0x140 zephyr/drivers/serial/libdrivers__serial.a(uart_stm32.c.obj)
 .text.uart_stm32_poll_in
                0x00000000080016c0       0x10 zephyr/drivers/serial/libdrivers__serial.a(uart_stm32.c.obj)
 .text.uart_stm32_poll_out
                0x00000000080016d0       0x10 zephyr/drivers/serial/libdrivers__serial.a(uart_stm32.c.obj)
 .text.uart_stm32_clocks_enable
                0x00000000080016e0       0x30 zephyr/drivers/serial/libdrivers__serial.a(uart_stm32.c.obj)
 .text.elapsed  0x0000000008001710       0x48 zephyr/drivers/timer/libdrivers__timer.a(cortex_m_systick.c.obj)
 .text.sys_clock_driver_init
                0x0000000008001758       0x38 zephyr/drivers/timer/libdrivers__timer.a(cortex_m_systick.c.obj)
 .text.sys_clock_isr
                0x0000000008001790       0x68 zephyr/drivers/timer/libdrivers__timer.a(cortex_m_systick.c.obj)
                0x0000000008001790                sys_clock_isr
 .text.sys_clock_set_timeout
                0x00000000080017f8      0x124 zephyr/drivers/timer/libdrivers__timer.a(cortex_m_systick.c.obj)
                0x00000000080017f8                sys_clock_set_timeout
 .text.sys_clock_elapsed
                0x000000000800191c       0x40 zephyr/drivers/timer/libdrivers__timer.a(cortex_m_systick.c.obj)
                0x000000000800191c                sys_clock_elapsed
 .text.HAL_RCC_GetSysClockFreq
                0x000000000800195c      0x190 modules/hal_stm32/stm32cube/lib..__modules__hal__stm32__stm32cube.a(stm32f4xx_hal_rcc_ex.c.obj)
                0x000000000800195c                HAL_RCC_GetSysClockFreq
 .text.LL_SetFlashLatency
                0x0000000008001aec      0x124 modules/hal_stm32/stm32cube/lib..__modules__hal__stm32__stm32cube.a(stm32f4xx_ll_utils.c.obj)
                0x0000000008001aec                LL_SetFlashLatency
 .text.z_device_state_init
                0x0000000008001c10       0x18 zephyr/kernel/libkernel.a(device.c.obj)
                0x0000000008001c10                z_device_state_init
 .text.z_fatal_error
                0x0000000008001c28       0x2c zephyr/kernel/libkernel.a(fatal.c.obj)
                0x0000000008001c28                z_fatal_error
 .text.z_sys_init_run_level
                0x0000000008001c54       0x38 zephyr/kernel/libkernel.a(init.c.obj)
 .text.init_idle_thread
                0x0000000008001c8c       0x58 zephyr/kernel/libkernel.a(init.c.obj)
 .text.thread_schedule_new
                0x0000000008001ce4       0x1c zephyr/kernel/libkernel.a(init.c.obj)
 .text.z_init_static_threads
                0x0000000008001d00       0x70 zephyr/kernel/libkernel.a(init.c.obj)
 .text.bg_thread_main
                0x0000000008001d70       0x34 zephyr/kernel/libkernel.a(init.c.obj)
 .text.switch_to_main_thread
                0x0000000008001da4       0x14 zephyr/kernel/libkernel.a(init.c.obj)
 .text.z_bss_zero
                0x0000000008001db8       0x18 zephyr/kernel/libkernel.a(init.c.obj)
                0x0000000008001db8                z_bss_zero
 .text.z_init_cpu
                0x0000000008001dd0       0x44 zephyr/kernel/libkernel.a(init.c.obj)
                0x0000000008001dd0                z_init_cpu
 .text.prepare_multithreading
                0x0000000008001e14       0x60 zephyr/kernel/libkernel.a(init.c.obj)
 .text.z_cstart
                0x0000000008001e74       0x7c zephyr/kernel/libkernel.a(init.c.obj)
                0x0000000008001e74                z_cstart
 .text.z_setup_new_thread
                0x0000000008001ef0       0x60 zephyr/kernel/libkernel.a(thread.c.obj)
                0x0000000008001ef0                z_setup_new_thread
 .text.z_dummy_thread_init
                0x0000000008001f50       0x18 zephyr/kernel/libkernel.a(thread.c.obj)
                0x0000000008001f50                z_dummy_thread_init
 .text.z_swap_irqlock
                0x0000000008001f68       0x30 zephyr/kernel/libkernel.a(sched.c.obj)
 .text.ready_thread
                0x0000000008001f98       0xb4 zephyr/kernel/libkernel.a(sched.c.obj)
 .text.unready_thread
                0x000000000800204c       0x68 zephyr/kernel/libkernel.a(sched.c.obj)
 .text.thread_halt_spin
                0x00000000080020b4      0x108 zephyr/kernel/libkernel.a(sched.c.obj)
 .text.move_thread_to_end_of_prio_q
                0x00000000080021bc       0xc8 zephyr/kernel/libkernel.a(sched.c.obj)
                0x00000000080021bc                move_thread_to_end_of_prio_q
 .text.z_reschedule
                0x0000000008002284       0x2c zephyr/kernel/libkernel.a(sched.c.obj)
                0x0000000008002284                z_reschedule
 .text.z_reschedule_irqlock
                0x00000000080022b0       0x2c zephyr/kernel/libkernel.a(sched.c.obj)
                0x00000000080022b0                z_reschedule_irqlock
 .text.k_sched_lock
                0x00000000080022dc       0x30 zephyr/kernel/libkernel.a(sched.c.obj)
                0x00000000080022dc                k_sched_lock
 .text.k_sched_unlock
                0x000000000800230c       0x70 zephyr/kernel/libkernel.a(sched.c.obj)
                0x000000000800230c                k_sched_unlock
 .text.z_sched_init
                0x000000000800237c       0x10 zephyr/kernel/libkernel.a(sched.c.obj)
                0x000000000800237c                z_sched_init
 .text.z_impl_k_yield
                0x000000000800238c       0xa0 zephyr/kernel/libkernel.a(sched.c.obj)
                0x000000000800238c                z_impl_k_yield
 .text.z_tick_sleep
                0x000000000800242c       0x7c zephyr/kernel/libkernel.a(sched.c.obj)
 .text.z_impl_k_sleep
                0x00000000080024a8       0x84 zephyr/kernel/libkernel.a(sched.c.obj)
                0x00000000080024a8                z_impl_k_sleep
 .text.z_impl_k_wakeup
                0x000000000800252c       0x48 zephyr/kernel/libkernel.a(sched.c.obj)
                0x000000000800252c                z_impl_k_wakeup
 .text.z_impl_k_sched_current_thread_query
                0x0000000008002574        0xc zephyr/kernel/libkernel.a(sched.c.obj)
                0x0000000008002574                z_impl_k_sched_current_thread_query
 .text.z_thread_abort
                0x0000000008002580      0x160 zephyr/kernel/libkernel.a(sched.c.obj)
                0x0000000008002580                z_thread_abort
 .text.slice_timeout
                0x00000000080026e0       0x20 zephyr/kernel/libkernel.a(timeslicing.c.obj)
 .text.thread_is_sliceable
                0x0000000008002700       0x4c zephyr/kernel/libkernel.a(timeslicing.c.obj)
                0x0000000008002700                thread_is_sliceable
 .text.z_reset_time_slice
                0x000000000800274c       0x50 zephyr/kernel/libkernel.a(timeslicing.c.obj)
                0x000000000800274c                z_reset_time_slice
 .text.z_time_slice
                0x000000000800279c       0x70 zephyr/kernel/libkernel.a(timeslicing.c.obj)
                0x000000000800279c                z_time_slice
 .text.z_data_copy
                0x000000000800280c       0x34 zephyr/kernel/libkernel.a(xip.c.obj)
                0x000000000800280c                z_data_copy
 .text.first    0x0000000008002840       0x14 zephyr/kernel/libkernel.a(timeout.c.obj)
 .text.next     0x0000000008002854       0x18 zephyr/kernel/libkernel.a(timeout.c.obj)
 .text.elapsed  0x000000000800286c       0x18 zephyr/kernel/libkernel.a(timeout.c.obj)
 .text.z_add_timeout
                0x0000000008002884      0x144 zephyr/kernel/libkernel.a(timeout.c.obj)
                0x0000000008002884                z_add_timeout
 .text.sys_clock_announce
                0x00000000080029c8       0xc4 zephyr/kernel/libkernel.a(timeout.c.obj)
                0x00000000080029c8                sys_clock_announce
 .text.sys_clock_tick_get
                0x0000000008002a8c       0x40 zephyr/kernel/libkernel.a(timeout.c.obj)
                0x0000000008002a8c                sys_clock_tick_get
 .text.boot_banner
                0x0000000008002acc       0x10 zephyr/kernel/libkernel.a(banner.c.obj)
                0x0000000008002acc                boot_banner
 .text.__l_vfprintf
                0x0000000008002adc      0x4b8 /home/alextran/zephyr-sdk-0.17.0/arm-zephyr-eabi/bin/../lib/gcc/../../picolibc/arm-zephyr-eabi/lib/thumb/v7e-m/nofp/libc.a(libc_tinystdio_vflprintf.c.o)
                0x0000000008002adc                __l_vfprintf
 .text._OffsetAbsSyms
                0x0000000008002f94        0x2 zephyr/CMakeFiles/offsets.dir/./arch/arm/core/offsets/offsets.c.obj
                0x0000000008002f94                _OffsetAbsSyms
 .text.z_impl_gpio_pin_configure
                0x0000000008002f96       0x50 app/libapp.a(main.c.obj)
 .text.gpio_pin_configure_dt
                0x0000000008002fe6       0x16 app/libapp.a(main.c.obj)
 .text.gpio_pin_toggle_dt
                0x0000000008002ffc       0x14 app/libapp.a(main.c.obj)
 .text.k_msleep
                0x0000000008003010       0x20 app/libapp.a(main.c.obj)
 .text.free_list_add_bidx
                0x0000000008003030       0x4e zephyr/libzephyr.a(heap.c.obj)
 .text.free_list_add
                0x000000000800307e       0x18 zephyr/libzephyr.a(heap.c.obj)
 .text.sys_heap_init
                0x0000000008003096       0x84 zephyr/libzephyr.a(heap.c.obj)
                0x0000000008003096                sys_heap_init
 .text.arch_printk_char_out
                0x000000000800311a        0x4 zephyr/libzephyr.a(printk.c.obj)
                0x000000000800311a                arch_printk_char_out
 .text.printk   0x000000000800311e       0x1c zephyr/libzephyr.a(printk.c.obj)
                0x000000000800311e                printk
 .text._ConfigAbsSyms
                0x000000000800313a        0x2 zephyr/libzephyr.a(configs.c.obj)
                0x000000000800313a                _ConfigAbsSyms
 .text.z_arm_fatal_error
                0x000000000800313c       0x12 zephyr/arch/arch/arm/core/libarch__arm__core.a(fatal.c.obj)
                0x000000000800313c                z_arm_fatal_error
 .text.z_do_kernel_oops
                0x000000000800314e        0xc zephyr/arch/arch/arm/core/libarch__arm__core.a(fatal.c.obj)
                0x000000000800314e                z_do_kernel_oops
 .text.memory_fault_recoverable
                0x000000000800315a        0x4 zephyr/arch/arch/arm/core/cortex_m/libarch__arm__core__cortex_m.a(fault.c.obj)
 .text.debug_monitor
                0x000000000800315e        0x6 zephyr/arch/arch/arm/core/cortex_m/libarch__arm__core__cortex_m.a(fault.c.obj)
 .text.fault_handle
                0x0000000008003164       0x46 zephyr/arch/arch/arm/core/cortex_m/libarch__arm__core__cortex_m.a(fault.c.obj)
 .text.arm_irq_enable
                0x00000000080031aa        0xa zephyr/arch/arch/arm/core/cortex_m/libarch__arm__core__cortex_m.a(irq_manage.c.obj)
                0x00000000080031aa                arm_irq_enable
 .text.arm_irq_priority_set
                0x00000000080031b4        0xc zephyr/arch/arch/arm/core/cortex_m/libarch__arm__core__cortex_m.a(irq_manage.c.obj)
                0x00000000080031b4                arm_irq_priority_set
 .text.z_irq_spurious
                0x00000000080031c0        0xc zephyr/arch/arch/arm/core/cortex_m/libarch__arm__core__cortex_m.a(irq_manage.c.obj)
                0x00000000080031c0                z_irq_spurious
 .text.arch_irq_unlock_outlined
                0x00000000080031cc        0xe zephyr/arch/arch/arm/core/cortex_m/libarch__arm__core__cortex_m.a(thread.c.obj)
                0x00000000080031cc                arch_irq_unlock_outlined
 .text.arch_cpu_idle
                0x00000000080031da       0x1a zephyr/arch/arch/arm/core/cortex_m/libarch__arm__core__cortex_m.a(cpu_idle.c.obj)
                0x00000000080031da                arch_cpu_idle
 .text.mpu_partition_is_valid
                0x00000000080031f4       0x22 zephyr/arch/arch/arm/core/mpu/libarch__arm__core__mpu.a(arm_mpu.c.obj)
 .text.mpu_configure_region
                0x0000000008003216       0x3e zephyr/arch/arch/arm/core/mpu/libarch__arm__core__mpu.a(arm_mpu.c.obj)
 .text.mpu_configure_regions
                0x0000000008003254       0x50 zephyr/arch/arch/arm/core/mpu/libarch__arm__core__mpu.a(arm_mpu.c.obj)
 .text.mpu_configure_regions_from_dt
                0x00000000080032a4      0x1b0 zephyr/arch/arch/arm/core/mpu/libarch__arm__core__mpu.a(arm_mpu.c.obj)
 .text.arm_core_mpu_configure_static_mpu_regions
                0x0000000008003454        0x8 zephyr/arch/arch/arm/core/mpu/libarch__arm__core__mpu.a(arm_mpu.c.obj)
                0x0000000008003454                arm_core_mpu_configure_static_mpu_regions
 .text.arm_core_mpu_configure_dynamic_mpu_regions
                0x000000000800345c        0x8 zephyr/arch/arch/arm/core/mpu/libarch__arm__core__mpu.a(arm_mpu.c.obj)
                0x000000000800345c                arm_core_mpu_configure_dynamic_mpu_regions
 .text.picolibc_put
                0x0000000008003464        0xa zephyr/lib/libc/picolibc/liblib__libc__picolibc.a(stdio.c.obj)
 .text.stm32_exti_init
                0x000000000800346e       0x94 zephyr/drivers/interrupt_controller/libdrivers__interrupt_controller.a(intc_exti_stm32.c.obj)
 .text.stm32_gpio_intc_get_pin_irq_line
                0x0000000008003502        0x6 zephyr/drivers/interrupt_controller/libdrivers__interrupt_controller.a(intc_exti_stm32.c.obj)
                0x0000000008003502                stm32_gpio_intc_get_pin_irq_line
 .text.stm32_exti_set_line_src_port
                0x0000000008003508       0x1c zephyr/drivers/interrupt_controller/libdrivers__interrupt_controller.a(intc_exti_stm32.c.obj)
                0x0000000008003508                stm32_exti_set_line_src_port
 .text.stm32_exti_get_line_src_port
                0x0000000008003524       0x1a zephyr/drivers/interrupt_controller/libdrivers__interrupt_controller.a(intc_exti_stm32.c.obj)
                0x0000000008003524                stm32_exti_get_line_src_port
 .text.get_pll_div_frequency
                0x000000000800353e        0xe zephyr/drivers/clock_control/libdrivers__clock_control.a(clock_stm32_ll_common.c.obj)
 .text.get_bus_clock
                0x000000000800354c        0x6 zephyr/drivers/clock_control/libdrivers__clock_control.a(clock_stm32_ll_common.c.obj)
 .text.stm32_clock_control_on
                0x0000000008003552       0x44 zephyr/drivers/clock_control/libdrivers__clock_control.a(clock_stm32_ll_common.c.obj)
 .text.stm32_clock_control_off
                0x0000000008003596       0x2e zephyr/drivers/clock_control/libdrivers__clock_control.a(clock_stm32_ll_common.c.obj)
 .text.enabled_clock
                0x00000000080035c4       0x1e zephyr/drivers/clock_control/libdrivers__clock_control.a(clock_stm32_ll_common.c.obj)
                0x00000000080035c4                enabled_clock
 .text.stm32_clock_control_configure
                0x00000000080035e2       0x56 zephyr/drivers/clock_control/libdrivers__clock_control.a(clock_stm32_ll_common.c.obj)
 .text.stm32_clock_control_get_status
                0x0000000008003638       0x3a zephyr/drivers/clock_control/libdrivers__clock_control.a(clock_stm32_ll_common.c.obj)
 .text.config_regulator_voltage
                0x0000000008003672        0x2 zephyr/drivers/clock_control/libdrivers__clock_control.a(clock_stm32_ll_common.c.obj)
                0x0000000008003672                config_regulator_voltage
 .text.get_pll_source
                0x0000000008003674        0x6 zephyr/drivers/clock_control/libdrivers__clock_control.a(clock_stm32f2_f4_f7.c.obj)
 .text.sys_slist_remove
                0x000000000800367a       0x26 zephyr/drivers/gpio/libdrivers__gpio.a(gpio_stm32.c.obj)
 .text.sys_slist_find_and_remove
                0x00000000080036a0       0x20 zephyr/drivers/gpio/libdrivers__gpio.a(gpio_stm32.c.obj)
 .text.gpio_manage_callback
                0x00000000080036c0       0x3e zephyr/drivers/gpio/libdrivers__gpio.a(gpio_stm32.c.obj)
 .text.gpio_fire_callbacks
                0x00000000080036fe       0x40 zephyr/drivers/gpio/libdrivers__gpio.a(gpio_stm32.c.obj)
 .text.gpio_stm32_isr
                0x000000000800373e       0x10 zephyr/drivers/gpio/libdrivers__gpio.a(gpio_stm32.c.obj)
 .text.gpio_stm32_flags_to_conf
                0x000000000800374e       0xa8 zephyr/drivers/gpio/libdrivers__gpio.a(gpio_stm32.c.obj)
 .text.gpio_stm32_port_get_raw
                0x00000000080037f6        0xc zephyr/drivers/gpio/libdrivers__gpio.a(gpio_stm32.c.obj)
 .text.gpio_stm32_port_set_masked_raw
                0x0000000008003802       0x12 zephyr/drivers/gpio/libdrivers__gpio.a(gpio_stm32.c.obj)
 .text.gpio_stm32_port_set_bits_raw
                0x0000000008003814        0xa zephyr/drivers/gpio/libdrivers__gpio.a(gpio_stm32.c.obj)
 .text.gpio_stm32_port_clear_bits_raw
                0x000000000800381e        0xc zephyr/drivers/gpio/libdrivers__gpio.a(gpio_stm32.c.obj)
 .text.gpio_stm32_port_toggle_bits
                0x000000000800382a        0xe zephyr/drivers/gpio/libdrivers__gpio.a(gpio_stm32.c.obj)
 .text.gpio_stm32_manage_callback
                0x0000000008003838        0xc zephyr/drivers/gpio/libdrivers__gpio.a(gpio_stm32.c.obj)
 .text.LL_GPIO_SetPinMode
                0x0000000008003844       0x3a zephyr/drivers/gpio/libdrivers__gpio.a(gpio_stm32.c.obj)
 .text.LL_GPIO_SetPinSpeed
                0x000000000800387e       0x3a zephyr/drivers/gpio/libdrivers__gpio.a(gpio_stm32.c.obj)
 .text.LL_GPIO_SetPinPull
                0x00000000080038b8       0x3a zephyr/drivers/gpio/libdrivers__gpio.a(gpio_stm32.c.obj)
 .text.LL_GPIO_SetAFPin_0_7
                0x00000000080038f2       0x3a zephyr/drivers/gpio/libdrivers__gpio.a(gpio_stm32.c.obj)
 .text.LL_GPIO_SetAFPin_8_15
                0x000000000800392c       0x3c zephyr/drivers/gpio/libdrivers__gpio.a(gpio_stm32.c.obj)
 .text.gpio_stm32_configure_raw
                0x0000000008003968       0x70 zephyr/drivers/gpio/libdrivers__gpio.a(gpio_stm32.c.obj)
 .text.gpio_stm32_config
                0x00000000080039d8       0x98 zephyr/drivers/gpio/libdrivers__gpio.a(gpio_stm32.c.obj)
 .text.gpio_stm32_disable_pin_irqs
                0x0000000008003a70       0x30 zephyr/drivers/gpio/libdrivers__gpio.a(gpio_stm32.c.obj)
 .text.gpio_stm32_configure
                0x0000000008003aa0       0x34 zephyr/drivers/gpio/libdrivers__gpio.a(gpio_stm32.c.obj)
                0x0000000008003aa0                gpio_stm32_configure
 .text.pinctrl_lookup_state
                0x0000000008003ad4       0x32 zephyr/drivers/pinctrl/libdrivers__pinctrl.a(common.c.obj)
                0x0000000008003ad4                pinctrl_lookup_state
 .text.pinctrl_configure_pins
                0x0000000008003b06       0x5e zephyr/drivers/pinctrl/libdrivers__pinctrl.a(pinctrl_stm32.c.obj)
                0x0000000008003b06                pinctrl_configure_pins
 .text.reset_stm32_status
                0x0000000008003b64       0x20 zephyr/drivers/reset/libdrivers__reset.a(reset_stm32.c.obj)
 .text.reset_stm32_line_assert
                0x0000000008003b84       0x1e zephyr/drivers/reset/libdrivers__reset.a(reset_stm32.c.obj)
 .text.reset_stm32_line_deassert
                0x0000000008003ba2       0x20 zephyr/drivers/reset/libdrivers__reset.a(reset_stm32.c.obj)
 .text.reset_stm32_line_toggle
                0x0000000008003bc2       0x16 zephyr/drivers/reset/libdrivers__reset.a(reset_stm32.c.obj)
 .text.reset_line_toggle
                0x0000000008003bd8       0x12 zephyr/drivers/serial/libdrivers__serial.a(uart_stm32.c.obj)
 .text.uart_stm32_set_baudrate
                0x0000000008003bea       0x36 zephyr/drivers/serial/libdrivers__serial.a(uart_stm32.c.obj)
 .text.uart_stm32_parameters_set
                0x0000000008003c20      0x114 zephyr/drivers/serial/libdrivers__serial.a(uart_stm32.c.obj)
 .text.uart_stm32_config_get
                0x0000000008003d34       0x94 zephyr/drivers/serial/libdrivers__serial.a(uart_stm32.c.obj)
 .text.uart_stm32_poll_in_visitor
                0x0000000008003dc8       0x34 zephyr/drivers/serial/libdrivers__serial.a(uart_stm32.c.obj)
 .text.uart_stm32_poll_out_visitor
                0x0000000008003dfc       0x3a zephyr/drivers/serial/libdrivers__serial.a(uart_stm32.c.obj)
 .text.poll_in_u8
                0x0000000008003e36        0x6 zephyr/drivers/serial/libdrivers__serial.a(uart_stm32.c.obj)
 .text.poll_out_u8
                0x0000000008003e3c        0x6 zephyr/drivers/serial/libdrivers__serial.a(uart_stm32.c.obj)
 .text.uart_stm32_err_check
                0x0000000008003e42       0x98 zephyr/drivers/serial/libdrivers__serial.a(uart_stm32.c.obj)
 .text.uart_stm32_registers_configure
                0x0000000008003eda       0x62 zephyr/drivers/serial/libdrivers__serial.a(uart_stm32.c.obj)
 .text.pinctrl_apply_state
                0x0000000008003f3c       0x20 zephyr/drivers/serial/libdrivers__serial.a(uart_stm32.c.obj)
 .text.uart_stm32_init
                0x0000000008003f5c       0x28 zephyr/drivers/serial/libdrivers__serial.a(uart_stm32.c.obj)
 .text.z_impl_device_is_ready
                0x0000000008003f84       0x20 zephyr/kernel/libkernel.a(device.c.obj)
                0x0000000008003f84                z_impl_device_is_ready
 .text.arch_system_halt
                0x0000000008003fa4       0x10 zephyr/kernel/libkernel.a(fatal.c.obj)
                0x0000000008003fa4                arch_system_halt
 .text.k_sys_fatal_error_handler
                0x0000000008003fb4        0x6 zephyr/kernel/libkernel.a(fatal.c.obj)
                0x0000000008003fb4                k_sys_fatal_error_handler
 .text.do_device_init
                0x0000000008003fba       0x2e zephyr/kernel/libkernel.a(init.c.obj)
 .text.z_early_memset
                0x0000000008003fe8        0x8 zephyr/kernel/libkernel.a(init.c.obj)
                0x0000000008003fe8                z_early_memset
 .text.z_early_memcpy
                0x0000000008003ff0        0x8 zephyr/kernel/libkernel.a(init.c.obj)
                0x0000000008003ff0                z_early_memcpy
 .text.idle     0x0000000008003ff8       0x16 zephyr/kernel/libkernel.a(idle.c.obj)
                0x0000000008003ff8                idle
 .text.arch_spin_relax
                0x000000000800400e        0x4 zephyr/kernel/libkernel.a(idle.c.obj)
                0x000000000800400e                arch_spin_relax
 .text.setup_thread_stack
                0x0000000008004012       0x46 zephyr/kernel/libkernel.a(thread.c.obj)
 .text.z_init_thread_base
                0x0000000008004058       0x16 zephyr/kernel/libkernel.a(thread.c.obj)
                0x0000000008004058                z_init_thread_base
 .text.thread_active_elsewhere
                0x000000000800406e        0x4 zephyr/kernel/libkernel.a(sched.c.obj)
 .text.add_to_waitq_locked
                0x0000000008004072       0x64 zephyr/kernel/libkernel.a(sched.c.obj)
 .text.z_abort_thread_timeout
                0x00000000080040d6        0xa zephyr/kernel/libkernel.a(sched.c.obj)
 .text.unpend_all
                0x00000000080040e0       0x44 zephyr/kernel/libkernel.a(sched.c.obj)
 .text.z_ready_thread
                0x0000000008004124       0x36 zephyr/kernel/libkernel.a(sched.c.obj)
                0x0000000008004124                z_ready_thread
 .text.z_sched_wake_thread
                0x000000000800415a       0x5a zephyr/kernel/libkernel.a(sched.c.obj)
                0x000000000800415a                z_sched_wake_thread
 .text.z_thread_timeout
                0x00000000080041b4        0xc zephyr/kernel/libkernel.a(sched.c.obj)
                0x00000000080041b4                z_thread_timeout
 .text.z_reschedule_unlocked
                0x00000000080041c0       0x16 zephyr/kernel/libkernel.a(sched.c.obj)
 .text.init_ready_q
                0x00000000080041d6        0x8 zephyr/kernel/libkernel.a(sched.c.obj)
                0x00000000080041d6                init_ready_q
 .text.remove_timeout
                0x00000000080041de       0x2e zephyr/kernel/libkernel.a(timeout.c.obj)
 .text.next_timeout
                0x000000000800420c       0x36 zephyr/kernel/libkernel.a(timeout.c.obj)
 .text.z_abort_timeout
                0x0000000008004242       0x5e zephyr/kernel/libkernel.a(timeout.c.obj)
                0x0000000008004242                z_abort_timeout
 .text.sys_clock_tick_get_32
                0x00000000080042a0        0x8 zephyr/kernel/libkernel.a(timeout.c.obj)
                0x00000000080042a0                sys_clock_tick_get_32
 .text.memcpy   0x00000000080042a8       0x1c /home/alextran/zephyr-sdk-0.17.0/arm-zephyr-eabi/bin/../lib/gcc/../../picolibc/arm-zephyr-eabi/lib/thumb/v7e-m/nofp/libc.a(memcpy.c.o)
                0x00000000080042a8                memcpy
                0x00000000080042a8                __aeabi_memcpy
                0x00000000080042a8                __aeabi_memcpy4
                0x00000000080042a8                __aeabi_memcpy8
 .text.memset   0x00000000080042c4       0x10 /home/alextran/zephyr-sdk-0.17.0/arm-zephyr-eabi/bin/../lib/gcc/../../picolibc/arm-zephyr-eabi/lib/thumb/v7e-m/nofp/libc.a(memset.c.o)
                0x00000000080042c4                memset
 .text.strnlen  0x00000000080042d4       0x18 /home/alextran/zephyr-sdk-0.17.0/arm-zephyr-eabi/bin/../lib/gcc/../../picolibc/arm-zephyr-eabi/lib/thumb/v7e-m/nofp/libc.a(libc_string_strnlen.c.o)
                0x00000000080042d4                strnlen
 .text.__ultoa_invert
                0x00000000080042ec       0xae /home/alextran/zephyr-sdk-0.17.0/arm-zephyr-eabi/bin/../lib/gcc/../../picolibc/arm-zephyr-eabi/lib/thumb/v7e-m/nofp/libc.a(libc_tinystdio_vflprintf.c.o)
 *(SORT_BY_ALIGNMENT(.TEXT.*))
 *fill*         0x000000000800439a        0x2 
 .TEXT.__aeabi_read_tp
                0x000000000800439c        0xc zephyr/arch/arch/arm/core/cortex_m/libarch__arm__core__cortex_m.a(__aeabi_read_tp.S.obj)
                0x000000000800439c                __aeabi_read_tp
 *(SORT_BY_ALIGNMENT(.gnu.linkonce.t.*))
 *(SORT_BY_ALIGNMENT(.glue_7t))
 .glue_7t       0x00000000080043a8        0x0 linker stubs
 *(SORT_BY_ALIGNMENT(.glue_7))
 .glue_7        0x00000000080043a8        0x0 linker stubs
 *(SORT_BY_ALIGNMENT(.vfp11_veneer))
 .vfp11_veneer  0x00000000080043a8        0x0 linker stubs
 *(SORT_BY_ALIGNMENT(.v4_bx))
 .v4_bx         0x00000000080043a8        0x0 linker stubs
                0x00000000080043a8                . = ALIGN (0x4)
                0x00000000080043a8                __text_region_end = .

.ARM.exidx      0x00000000080043a8        0x8
                0x00000000080043a8                __exidx_start = .
 *(SORT_BY_ALIGNMENT(.ARM.exidx*) SORT_BY_ALIGNMENT(gnu.linkonce.armexidx.*))
 .ARM.exidx     0x00000000080043a8        0x8 /home/alextran/zephyr-sdk-0.17.0/arm-zephyr-eabi/bin/../lib/gcc/arm-zephyr-eabi/12.2.0/thumb/v7e-m/nofp/libgcc.a(_udivmoddi4.o)
                0x00000000080043b0                __exidx_end = .
                0x00000000080043b0                __rodata_region_start = .

initlevel       0x00000000080043b0       0x88
                0x00000000080043b0                __init_start = .
                0x00000000080043b0                __init_EARLY_start = .
 *(SORT_BY_NAME(SORT_BY_ALIGNMENT(.z_init_EARLY_P_?_*)))
 *(SORT_BY_NAME(SORT_BY_ALIGNMENT(.z_init_EARLY_P_??_*)))
 *(SORT_BY_NAME(SORT_BY_ALIGNMENT(.z_init_EARLY_P_???_*)))
                0x00000000080043b0                __init_PRE_KERNEL_1_start = .
 *(SORT_BY_NAME(SORT_BY_ALIGNMENT(.z_init_PRE_KERNEL_1_P_?_*)))
 .z_init_PRE_KERNEL_1_P_1_SUB_00009_
                0x00000000080043b0        0x8 zephyr/drivers/clock_control/libdrivers__clock_control.a(clock_stm32_ll_common.c.obj)
 .z_init_PRE_KERNEL_1_P_1_SUB_0_
                0x00000000080043b8        0x8 zephyr/libzephyr.a(soc_config.c.obj)
 *(SORT_BY_NAME(SORT_BY_ALIGNMENT(.z_init_PRE_KERNEL_1_P_??_*)))
 .z_init_PRE_KERNEL_1_P_35_SUB_00048_
                0x00000000080043c0        0x8 zephyr/drivers/reset/libdrivers__reset.a(reset_stm32.c.obj)
 .z_init_PRE_KERNEL_1_P_40_SUB_00037_
                0x00000000080043c8        0x8 zephyr/drivers/gpio/libdrivers__gpio.a(gpio_stm32.c.obj)
 .z_init_PRE_KERNEL_1_P_40_SUB_00040_
                0x00000000080043d0        0x8 zephyr/drivers/gpio/libdrivers__gpio.a(gpio_stm32.c.obj)
 .z_init_PRE_KERNEL_1_P_40_SUB_00068_
                0x00000000080043d8        0x8 zephyr/drivers/interrupt_controller/libdrivers__interrupt_controller.a(intc_exti_stm32.c.obj)
 .z_init_PRE_KERNEL_1_P_40_SUB_00106_
                0x00000000080043e0        0x8 zephyr/drivers/gpio/libdrivers__gpio.a(gpio_stm32.c.obj)
 .z_init_PRE_KERNEL_1_P_40_SUB_00107_
                0x00000000080043e8        0x8 zephyr/drivers/gpio/libdrivers__gpio.a(gpio_stm32.c.obj)
 .z_init_PRE_KERNEL_1_P_40_SUB_00108_
                0x00000000080043f0        0x8 zephyr/drivers/gpio/libdrivers__gpio.a(gpio_stm32.c.obj)
 .z_init_PRE_KERNEL_1_P_40_SUB_00109_
                0x00000000080043f8        0x8 zephyr/drivers/gpio/libdrivers__gpio.a(gpio_stm32.c.obj)
 .z_init_PRE_KERNEL_1_P_40_SUB_00110_
                0x0000000008004400        0x8 zephyr/drivers/gpio/libdrivers__gpio.a(gpio_stm32.c.obj)
 .z_init_PRE_KERNEL_1_P_40_SUB_00111_
                0x0000000008004408        0x8 zephyr/drivers/gpio/libdrivers__gpio.a(gpio_stm32.c.obj)
 .z_init_PRE_KERNEL_1_P_50_SUB_00073_
                0x0000000008004410        0x8 zephyr/drivers/serial/libdrivers__serial.a(uart_stm32.c.obj)
 .z_init_PRE_KERNEL_1_P_50_SUB_00079_
                0x0000000008004418        0x8 zephyr/drivers/serial/libdrivers__serial.a(uart_stm32.c.obj)
 .z_init_PRE_KERNEL_1_P_60_SUB_0_
                0x0000000008004420        0x8 zephyr/drivers/console/libdrivers__console.a(uart_console.c.obj)
 *(SORT_BY_NAME(SORT_BY_ALIGNMENT(.z_init_PRE_KERNEL_1_P_???_*)))
                0x0000000008004428                __init_PRE_KERNEL_2_start = .
 *(SORT_BY_NAME(SORT_BY_ALIGNMENT(.z_init_PRE_KERNEL_2_P_?_*)))
 .z_init_PRE_KERNEL_2_P_0_SUB_0_
                0x0000000008004428        0x8 zephyr/drivers/timer/libdrivers__timer.a(cortex_m_systick.c.obj)
 *(SORT_BY_NAME(SORT_BY_ALIGNMENT(.z_init_PRE_KERNEL_2_P_??_*)))
 *(SORT_BY_NAME(SORT_BY_ALIGNMENT(.z_init_PRE_KERNEL_2_P_???_*)))
                0x0000000008004430                __init_POST_KERNEL_start = .
 *(SORT_BY_NAME(SORT_BY_ALIGNMENT(.z_init_POST_KERNEL_P_?_*)))
 *(SORT_BY_NAME(SORT_BY_ALIGNMENT(.z_init_POST_KERNEL_P_??_*)))
 .z_init_POST_KERNEL_P_35_SUB_0_
                0x0000000008004430        0x8 zephyr/lib/libc/common/liblib__libc__common.a(malloc.c.obj)
 *(SORT_BY_NAME(SORT_BY_ALIGNMENT(.z_init_POST_KERNEL_P_???_*)))
                0x0000000008004438                __init_APPLICATION_start = .
 *(SORT_BY_NAME(SORT_BY_ALIGNMENT(.z_init_APPLICATION_P_?_*)))
 *(SORT_BY_NAME(SORT_BY_ALIGNMENT(.z_init_APPLICATION_P_??_*)))
 *(SORT_BY_NAME(SORT_BY_ALIGNMENT(.z_init_APPLICATION_P_???_*)))
                0x0000000008004438                __init_SMP_start = .
 *(SORT_BY_NAME(SORT_BY_ALIGNMENT(.z_init_SMP_P_?_*)))
 *(SORT_BY_NAME(SORT_BY_ALIGNMENT(.z_init_SMP_P_??_*)))
 *(SORT_BY_NAME(SORT_BY_ALIGNMENT(.z_init_SMP_P_???_*)))
                0x0000000008004438                __init_end = .

device_area     0x0000000008004438      0x1a0
                0x0000000008004438                _device_list_start = .
 *(SORT_BY_NAME(SORT_BY_ALIGNMENT(._device.static.*_?_*)))
 ._device.static.1_1_
                0x0000000008004438       0x20 zephyr/drivers/clock_control/libdrivers__clock_control.a(clock_stm32_ll_common.c.obj)
                0x0000000008004438                __device_dts_ord_9
 *(SORT_BY_NAME(SORT_BY_ALIGNMENT(._device.static.*_??_*)))
 ._device.static.1_35_
                0x0000000008004458       0x20 zephyr/drivers/reset/libdrivers__reset.a(reset_stm32.c.obj)
                0x0000000008004458                __device_dts_ord_48
 ._device.static.1_40_
                0x0000000008004478       0x20 zephyr/drivers/interrupt_controller/libdrivers__interrupt_controller.a(intc_exti_stm32.c.obj)
                0x0000000008004478                __device_dts_ord_68
 ._device.static.1_40_
                0x0000000008004498      0x100 zephyr/drivers/gpio/libdrivers__gpio.a(gpio_stm32.c.obj)
                0x0000000008004498                __device_dts_ord_111
                0x00000000080044b8                __device_dts_ord_110
                0x00000000080044d8                __device_dts_ord_109
                0x00000000080044f8                __device_dts_ord_108
                0x0000000008004518                __device_dts_ord_107
                0x0000000008004538                __device_dts_ord_37
                0x0000000008004558                __device_dts_ord_106
                0x0000000008004578                __device_dts_ord_40
 ._device.static.1_50_
                0x0000000008004598       0x40 zephyr/drivers/serial/libdrivers__serial.a(uart_stm32.c.obj)
                0x0000000008004598                __device_dts_ord_73
                0x00000000080045b8                __device_dts_ord_79
 *(SORT_BY_NAME(SORT_BY_ALIGNMENT(._device.static.*_???_*)))
 *(SORT_BY_NAME(SORT_BY_ALIGNMENT(._device.static.*_????_*)))
 *(SORT_BY_NAME(SORT_BY_ALIGNMENT(._device.static.*_?????_*)))
                0x00000000080045d8                _device_list_end = .

sw_isr_table    0x00000000080045d8      0x308
                0x00000000080045d8                . = ALIGN (0x4)
 *(SORT_BY_ALIGNMENT(.gnu.linkonce.sw_isr_table*))
 .gnu.linkonce.sw_isr_table
                0x00000000080045d8      0x308 zephyr/arch/common/libisr_tables.a(isr_tables.c.obj)
                0x00000000080045d8                _sw_isr_table

initlevel_error
                0x00000000080043b0        0x0
 *(SORT_BY_NAME(SORT_BY_ALIGNMENT(.z_init_*)))
                0x0000000000000001                ASSERT ((SIZEOF (initlevel_error) == 0x0), Undefined initialization levels used.)

app_shmem_regions
                0x00000000080048e0        0x0
                0x00000000080048e0                __app_shmem_regions_start = .
 *(SORT_BY_NAME(SORT_BY_ALIGNMENT(.app_regions.*)))
                0x00000000080048e0                __app_shmem_regions_end = .

k_p4wq_initparam_area
                0x00000000080048e0        0x0
                0x00000000080048e0                _k_p4wq_initparam_list_start = .
 *(SORT_BY_NAME(SORT_BY_ALIGNMENT(._k_p4wq_initparam.static.*)))
                0x00000000080048e0                _k_p4wq_initparam_list_end = .

_static_thread_data_area
                0x00000000080048e0        0x0
                0x00000000080048e0                __static_thread_data_list_start = .
 *(SORT_BY_NAME(SORT_BY_ALIGNMENT(.__static_thread_data.static.*)))
                0x00000000080048e0                __static_thread_data_list_end = .

device_deps     0x00000000080048e0        0x0
                0x00000000080048e0                __device_deps_start = .
 *(SORT_BY_NAME(SORT_BY_ALIGNMENT(.__device_deps_pass2*)))
                0x00000000080048e0                __device_deps_end = .

gpio_driver_api_area
                0x00000000080048e0       0x24
                0x00000000080048e0                _gpio_driver_api_list_start = .
 *(SORT_BY_NAME(SORT_BY_ALIGNMENT(._gpio_driver_api.static.*)))
 ._gpio_driver_api.static.gpio_stm32_driver_
                0x00000000080048e0       0x24 zephyr/drivers/gpio/libdrivers__gpio.a(gpio_stm32.c.obj)
                0x0000000008004904                _gpio_driver_api_list_end = .

reset_driver_api_area
                0x0000000008004904       0x10
                0x0000000008004904                _reset_driver_api_list_start = .
 *(SORT_BY_NAME(SORT_BY_ALIGNMENT(._reset_driver_api.static.*)))
 ._reset_driver_api.static.reset_stm32_driver_api_
                0x0000000008004904       0x10 zephyr/drivers/reset/libdrivers__reset.a(reset_stm32.c.obj)
                0x0000000008004914                _reset_driver_api_list_end = .

shared_irq_driver_api_area
                0x0000000008004914        0x0
                0x0000000008004914                _shared_irq_driver_api_list_start = .
 *(SORT_BY_NAME(SORT_BY_ALIGNMENT(._shared_irq_driver_api.static.*)))
                0x0000000008004914                _shared_irq_driver_api_list_end = .

crypto_driver_api_area
                0x0000000008004914        0x0
                0x0000000008004914                _crypto_driver_api_list_start = .
 *(SORT_BY_NAME(SORT_BY_ALIGNMENT(._crypto_driver_api.static.*)))
                0x0000000008004914                _crypto_driver_api_list_end = .

adc_driver_api_area
                0x0000000008004914        0x0
                0x0000000008004914                _adc_driver_api_list_start = .
 *(SORT_BY_NAME(SORT_BY_ALIGNMENT(._adc_driver_api.static.*)))
                0x0000000008004914                _adc_driver_api_list_end = .

auxdisplay_driver_api_area
                0x0000000008004914        0x0
                0x0000000008004914                _auxdisplay_driver_api_list_start = .
 *(SORT_BY_NAME(SORT_BY_ALIGNMENT(._auxdisplay_driver_api.static.*)))
                0x0000000008004914                _auxdisplay_driver_api_list_end = .

bbram_driver_api_area
                0x0000000008004914        0x0
                0x0000000008004914                _bbram_driver_api_list_start = .
 *(SORT_BY_NAME(SORT_BY_ALIGNMENT(._bbram_driver_api.static.*)))
                0x0000000008004914                _bbram_driver_api_list_end = .

bt_hci_driver_api_area
                0x0000000008004914        0x0
                0x0000000008004914                _bt_hci_driver_api_list_start = .
 *(SORT_BY_NAME(SORT_BY_ALIGNMENT(._bt_hci_driver_api.static.*)))
                0x0000000008004914                _bt_hci_driver_api_list_end = .

can_driver_api_area
                0x0000000008004914        0x0
                0x0000000008004914                _can_driver_api_list_start = .
 *(SORT_BY_NAME(SORT_BY_ALIGNMENT(._can_driver_api.static.*)))
                0x0000000008004914                _can_driver_api_list_end = .

cellular_driver_api_area
                0x0000000008004914        0x0
                0x0000000008004914                _cellular_driver_api_list_start = .
 *(SORT_BY_NAME(SORT_BY_ALIGNMENT(._cellular_driver_api.static.*)))
                0x0000000008004914                _cellular_driver_api_list_end = .

charger_driver_api_area
                0x0000000008004914        0x0
                0x0000000008004914                _charger_driver_api_list_start = .
 *(SORT_BY_NAME(SORT_BY_ALIGNMENT(._charger_driver_api.static.*)))
                0x0000000008004914                _charger_driver_api_list_end = .

clock_control_driver_api_area
                0x0000000008004914       0x1c
                0x0000000008004914                _clock_control_driver_api_list_start = .
 *(SORT_BY_NAME(SORT_BY_ALIGNMENT(._clock_control_driver_api.static.*)))
 ._clock_control_driver_api.static.stm32_clock_control_api_
                0x0000000008004914       0x1c zephyr/drivers/clock_control/libdrivers__clock_control.a(clock_stm32_ll_common.c.obj)
                0x0000000008004930                _clock_control_driver_api_list_end = .

comparator_driver_api_area
                0x0000000008004930        0x0
                0x0000000008004930                _comparator_driver_api_list_start = .
 *(SORT_BY_NAME(SORT_BY_ALIGNMENT(._comparator_driver_api.static.*)))
                0x0000000008004930                _comparator_driver_api_list_end = .

coredump_driver_api_area
                0x0000000008004930        0x0
                0x0000000008004930                _coredump_driver_api_list_start = .
 *(SORT_BY_NAME(SORT_BY_ALIGNMENT(._coredump_driver_api.static.*)))
                0x0000000008004930                _coredump_driver_api_list_end = .

counter_driver_api_area
                0x0000000008004930        0x0
                0x0000000008004930                _counter_driver_api_list_start = .
 *(SORT_BY_NAME(SORT_BY_ALIGNMENT(._counter_driver_api.static.*)))
                0x0000000008004930                _counter_driver_api_list_end = .

dac_driver_api_area
                0x0000000008004930        0x0
                0x0000000008004930                _dac_driver_api_list_start = .
 *(SORT_BY_NAME(SORT_BY_ALIGNMENT(._dac_driver_api.static.*)))
                0x0000000008004930                _dac_driver_api_list_end = .

dai_driver_api_area
                0x0000000008004930        0x0
                0x0000000008004930                _dai_driver_api_list_start = .
 *(SORT_BY_NAME(SORT_BY_ALIGNMENT(._dai_driver_api.static.*)))
                0x0000000008004930                _dai_driver_api_list_end = .

display_driver_api_area
                0x0000000008004930        0x0
                0x0000000008004930                _display_driver_api_list_start = .
 *(SORT_BY_NAME(SORT_BY_ALIGNMENT(._display_driver_api.static.*)))
                0x0000000008004930                _display_driver_api_list_end = .

dma_driver_api_area
                0x0000000008004930        0x0
                0x0000000008004930                _dma_driver_api_list_start = .
 *(SORT_BY_NAME(SORT_BY_ALIGNMENT(._dma_driver_api.static.*)))
                0x0000000008004930                _dma_driver_api_list_end = .

edac_driver_api_area
                0x0000000008004930        0x0
                0x0000000008004930                _edac_driver_api_list_start = .
 *(SORT_BY_NAME(SORT_BY_ALIGNMENT(._edac_driver_api.static.*)))
                0x0000000008004930                _edac_driver_api_list_end = .

eeprom_driver_api_area
                0x0000000008004930        0x0
                0x0000000008004930                _eeprom_driver_api_list_start = .
 *(SORT_BY_NAME(SORT_BY_ALIGNMENT(._eeprom_driver_api.static.*)))
                0x0000000008004930                _eeprom_driver_api_list_end = .

emul_bbram_driver_api_area
                0x0000000008004930        0x0
                0x0000000008004930                _emul_bbram_driver_api_list_start = .
 *(SORT_BY_NAME(SORT_BY_ALIGNMENT(._emul_bbram_driver_api.static.*)))
                0x0000000008004930                _emul_bbram_driver_api_list_end = .

fuel_gauge_emul_driver_api_area
                0x0000000008004930        0x0
                0x0000000008004930                _fuel_gauge_emul_driver_api_list_start = .
 *(SORT_BY_NAME(SORT_BY_ALIGNMENT(._fuel_gauge_emul_driver_api.static.*)))
                0x0000000008004930                _fuel_gauge_emul_driver_api_list_end = .

emul_sensor_driver_api_area
                0x0000000008004930        0x0
                0x0000000008004930                _emul_sensor_driver_api_list_start = .
 *(SORT_BY_NAME(SORT_BY_ALIGNMENT(._emul_sensor_driver_api.static.*)))
                0x0000000008004930                _emul_sensor_driver_api_list_end = .

entropy_driver_api_area
                0x0000000008004930        0x0
                0x0000000008004930                _entropy_driver_api_list_start = .
 *(SORT_BY_NAME(SORT_BY_ALIGNMENT(._entropy_driver_api.static.*)))
                0x0000000008004930                _entropy_driver_api_list_end = .

espi_driver_api_area
                0x0000000008004930        0x0
                0x0000000008004930                _espi_driver_api_list_start = .
 *(SORT_BY_NAME(SORT_BY_ALIGNMENT(._espi_driver_api.static.*)))
                0x0000000008004930                _espi_driver_api_list_end = .

espi_saf_driver_api_area
                0x0000000008004930        0x0
                0x0000000008004930                _espi_saf_driver_api_list_start = .
 *(SORT_BY_NAME(SORT_BY_ALIGNMENT(._espi_saf_driver_api.static.*)))
                0x0000000008004930                _espi_saf_driver_api_list_end = .

flash_driver_api_area
                0x0000000008004930        0x0
                0x0000000008004930                _flash_driver_api_list_start = .
 *(SORT_BY_NAME(SORT_BY_ALIGNMENT(._flash_driver_api.static.*)))
                0x0000000008004930                _flash_driver_api_list_end = .

fpga_driver_api_area
                0x0000000008004930        0x0
                0x0000000008004930                _fpga_driver_api_list_start = .
 *(SORT_BY_NAME(SORT_BY_ALIGNMENT(._fpga_driver_api.static.*)))
                0x0000000008004930                _fpga_driver_api_list_end = .

fuel_gauge_driver_api_area
                0x0000000008004930        0x0
                0x0000000008004930                _fuel_gauge_driver_api_list_start = .
 *(SORT_BY_NAME(SORT_BY_ALIGNMENT(._fuel_gauge_driver_api.static.*)))
                0x0000000008004930                _fuel_gauge_driver_api_list_end = .

gnss_driver_api_area
                0x0000000008004930        0x0
                0x0000000008004930                _gnss_driver_api_list_start = .
 *(SORT_BY_NAME(SORT_BY_ALIGNMENT(._gnss_driver_api.static.*)))
                0x0000000008004930                _gnss_driver_api_list_end = .

haptics_driver_api_area
                0x0000000008004930        0x0
                0x0000000008004930                _haptics_driver_api_list_start = .
 *(SORT_BY_NAME(SORT_BY_ALIGNMENT(._haptics_driver_api.static.*)))
                0x0000000008004930                _haptics_driver_api_list_end = .

hwspinlock_driver_api_area
                0x0000000008004930        0x0
                0x0000000008004930                _hwspinlock_driver_api_list_start = .
 *(SORT_BY_NAME(SORT_BY_ALIGNMENT(._hwspinlock_driver_api.static.*)))
                0x0000000008004930                _hwspinlock_driver_api_list_end = .

i2c_driver_api_area
                0x0000000008004930        0x0
                0x0000000008004930                _i2c_driver_api_list_start = .
 *(SORT_BY_NAME(SORT_BY_ALIGNMENT(._i2c_driver_api.static.*)))
                0x0000000008004930                _i2c_driver_api_list_end = .

i2c_target_driver_api_area
                0x0000000008004930        0x0
                0x0000000008004930                _i2c_target_driver_api_list_start = .
 *(SORT_BY_NAME(SORT_BY_ALIGNMENT(._i2c_target_driver_api.static.*)))
                0x0000000008004930                _i2c_target_driver_api_list_end = .

i2s_driver_api_area
                0x0000000008004930        0x0
                0x0000000008004930                _i2s_driver_api_list_start = .
 *(SORT_BY_NAME(SORT_BY_ALIGNMENT(._i2s_driver_api.static.*)))
                0x0000000008004930                _i2s_driver_api_list_end = .

i3c_driver_api_area
                0x0000000008004930        0x0
                0x0000000008004930                _i3c_driver_api_list_start = .
 *(SORT_BY_NAME(SORT_BY_ALIGNMENT(._i3c_driver_api.static.*)))
                0x0000000008004930                _i3c_driver_api_list_end = .

ipm_driver_api_area
                0x0000000008004930        0x0
                0x0000000008004930                _ipm_driver_api_list_start = .
 *(SORT_BY_NAME(SORT_BY_ALIGNMENT(._ipm_driver_api.static.*)))
                0x0000000008004930                _ipm_driver_api_list_end = .

led_driver_api_area
                0x0000000008004930        0x0
                0x0000000008004930                _led_driver_api_list_start = .
 *(SORT_BY_NAME(SORT_BY_ALIGNMENT(._led_driver_api.static.*)))
                0x0000000008004930                _led_driver_api_list_end = .

led_strip_driver_api_area
                0x0000000008004930        0x0
                0x0000000008004930                _led_strip_driver_api_list_start = .
 *(SORT_BY_NAME(SORT_BY_ALIGNMENT(._led_strip_driver_api.static.*)))
                0x0000000008004930                _led_strip_driver_api_list_end = .

lora_driver_api_area
                0x0000000008004930        0x0
                0x0000000008004930                _lora_driver_api_list_start = .
 *(SORT_BY_NAME(SORT_BY_ALIGNMENT(._lora_driver_api.static.*)))
                0x0000000008004930                _lora_driver_api_list_end = .

mbox_driver_api_area
                0x0000000008004930        0x0
                0x0000000008004930                _mbox_driver_api_list_start = .
 *(SORT_BY_NAME(SORT_BY_ALIGNMENT(._mbox_driver_api.static.*)))
                0x0000000008004930                _mbox_driver_api_list_end = .

mdio_driver_api_area
                0x0000000008004930        0x0
                0x0000000008004930                _mdio_driver_api_list_start = .
 *(SORT_BY_NAME(SORT_BY_ALIGNMENT(._mdio_driver_api.static.*)))
                0x0000000008004930                _mdio_driver_api_list_end = .

mipi_dbi_driver_api_area
                0x0000000008004930        0x0
                0x0000000008004930                _mipi_dbi_driver_api_list_start = .
 *(SORT_BY_NAME(SORT_BY_ALIGNMENT(._mipi_dbi_driver_api.static.*)))
                0x0000000008004930                _mipi_dbi_driver_api_list_end = .

mipi_dsi_driver_api_area
                0x0000000008004930        0x0
                0x0000000008004930                _mipi_dsi_driver_api_list_start = .
 *(SORT_BY_NAME(SORT_BY_ALIGNMENT(._mipi_dsi_driver_api.static.*)))
                0x0000000008004930                _mipi_dsi_driver_api_list_end = .

mspi_driver_api_area
                0x0000000008004930        0x0
                0x0000000008004930                _mspi_driver_api_list_start = .
 *(SORT_BY_NAME(SORT_BY_ALIGNMENT(._mspi_driver_api.static.*)))
                0x0000000008004930                _mspi_driver_api_list_end = .

peci_driver_api_area
                0x0000000008004930        0x0
                0x0000000008004930                _peci_driver_api_list_start = .
 *(SORT_BY_NAME(SORT_BY_ALIGNMENT(._peci_driver_api.static.*)))
                0x0000000008004930                _peci_driver_api_list_end = .

ps2_driver_api_area
                0x0000000008004930        0x0
                0x0000000008004930                _ps2_driver_api_list_start = .
 *(SORT_BY_NAME(SORT_BY_ALIGNMENT(._ps2_driver_api.static.*)))
                0x0000000008004930                _ps2_driver_api_list_end = .

ptp_clock_driver_api_area
                0x0000000008004930        0x0
                0x0000000008004930                _ptp_clock_driver_api_list_start = .
 *(SORT_BY_NAME(SORT_BY_ALIGNMENT(._ptp_clock_driver_api.static.*)))
                0x0000000008004930                _ptp_clock_driver_api_list_end = .

pwm_driver_api_area
                0x0000000008004930        0x0
                0x0000000008004930                _pwm_driver_api_list_start = .
 *(SORT_BY_NAME(SORT_BY_ALIGNMENT(._pwm_driver_api.static.*)))
                0x0000000008004930                _pwm_driver_api_list_end = .

regulator_parent_driver_api_area
                0x0000000008004930        0x0
                0x0000000008004930                _regulator_parent_driver_api_list_start = .
 *(SORT_BY_NAME(SORT_BY_ALIGNMENT(._regulator_parent_driver_api.static.*)))
                0x0000000008004930                _regulator_parent_driver_api_list_end = .

regulator_driver_api_area
                0x0000000008004930        0x0
                0x0000000008004930                _regulator_driver_api_list_start = .
 *(SORT_BY_NAME(SORT_BY_ALIGNMENT(._regulator_driver_api.static.*)))
                0x0000000008004930                _regulator_driver_api_list_end = .

retained_mem_driver_api_area
                0x0000000008004930        0x0
                0x0000000008004930                _retained_mem_driver_api_list_start = .
 *(SORT_BY_NAME(SORT_BY_ALIGNMENT(._retained_mem_driver_api.static.*)))
                0x0000000008004930                _retained_mem_driver_api_list_end = .

rtc_driver_api_area
                0x0000000008004930        0x0
                0x0000000008004930                _rtc_driver_api_list_start = .
 *(SORT_BY_NAME(SORT_BY_ALIGNMENT(._rtc_driver_api.static.*)))
                0x0000000008004930                _rtc_driver_api_list_end = .

sdhc_driver_api_area
                0x0000000008004930        0x0
                0x0000000008004930                _sdhc_driver_api_list_start = .
 *(SORT_BY_NAME(SORT_BY_ALIGNMENT(._sdhc_driver_api.static.*)))
                0x0000000008004930                _sdhc_driver_api_list_end = .

sensor_driver_api_area
                0x0000000008004930        0x0
                0x0000000008004930                _sensor_driver_api_list_start = .
 *(SORT_BY_NAME(SORT_BY_ALIGNMENT(._sensor_driver_api.static.*)))
                0x0000000008004930                _sensor_driver_api_list_end = .

smbus_driver_api_area
                0x0000000008004930        0x0
                0x0000000008004930                _smbus_driver_api_list_start = .
 *(SORT_BY_NAME(SORT_BY_ALIGNMENT(._smbus_driver_api.static.*)))
                0x0000000008004930                _smbus_driver_api_list_end = .

spi_driver_api_area
                0x0000000008004930        0x0
                0x0000000008004930                _spi_driver_api_list_start = .
 *(SORT_BY_NAME(SORT_BY_ALIGNMENT(._spi_driver_api.static.*)))
                0x0000000008004930                _spi_driver_api_list_end = .

stepper_driver_api_area
                0x0000000008004930        0x0
                0x0000000008004930                _stepper_driver_api_list_start = .
 *(SORT_BY_NAME(SORT_BY_ALIGNMENT(._stepper_driver_api.static.*)))
                0x0000000008004930                _stepper_driver_api_list_end = .

syscon_driver_api_area
                0x0000000008004930        0x0
                0x0000000008004930                _syscon_driver_api_list_start = .
 *(SORT_BY_NAME(SORT_BY_ALIGNMENT(._syscon_driver_api.static.*)))
                0x0000000008004930                _syscon_driver_api_list_end = .

tee_driver_api_area
                0x0000000008004930        0x0
                0x0000000008004930                _tee_driver_api_list_start = .
 *(SORT_BY_NAME(SORT_BY_ALIGNMENT(._tee_driver_api.static.*)))
                0x0000000008004930                _tee_driver_api_list_end = .

video_driver_api_area
                0x0000000008004930        0x0
                0x0000000008004930                _video_driver_api_list_start = .
 *(SORT_BY_NAME(SORT_BY_ALIGNMENT(._video_driver_api.static.*)))
                0x0000000008004930                _video_driver_api_list_end = .

w1_driver_api_area
                0x0000000008004930        0x0
                0x0000000008004930                _w1_driver_api_list_start = .
 *(SORT_BY_NAME(SORT_BY_ALIGNMENT(._w1_driver_api.static.*)))
                0x0000000008004930                _w1_driver_api_list_end = .

wdt_driver_api_area
                0x0000000008004930        0x0
                0x0000000008004930                _wdt_driver_api_list_start = .
 *(SORT_BY_NAME(SORT_BY_ALIGNMENT(._wdt_driver_api.static.*)))
                0x0000000008004930                _wdt_driver_api_list_end = .

can_transceiver_driver_api_area
                0x0000000008004930        0x0
                0x0000000008004930                _can_transceiver_driver_api_list_start = .
 *(SORT_BY_NAME(SORT_BY_ALIGNMENT(._can_transceiver_driver_api.static.*)))
                0x0000000008004930                _can_transceiver_driver_api_list_end = .

nrf_clock_control_driver_api_area
                0x0000000008004930        0x0
                0x0000000008004930                _nrf_clock_control_driver_api_list_start = .
 *(SORT_BY_NAME(SORT_BY_ALIGNMENT(._nrf_clock_control_driver_api.static.*)))
                0x0000000008004930                _nrf_clock_control_driver_api_list_end = .

i3c_target_driver_api_area
                0x0000000008004930        0x0
                0x0000000008004930                _i3c_target_driver_api_list_start = .
 *(SORT_BY_NAME(SORT_BY_ALIGNMENT(._i3c_target_driver_api.static.*)))
                0x0000000008004930                _i3c_target_driver_api_list_end = .

its_driver_api_area
                0x0000000008004930        0x0
                0x0000000008004930                _its_driver_api_list_start = .
 *(SORT_BY_NAME(SORT_BY_ALIGNMENT(._its_driver_api.static.*)))
                0x0000000008004930                _its_driver_api_list_end = .

vtd_driver_api_area
                0x0000000008004930        0x0
                0x0000000008004930                _vtd_driver_api_list_start = .
 *(SORT_BY_NAME(SORT_BY_ALIGNMENT(._vtd_driver_api.static.*)))
                0x0000000008004930                _vtd_driver_api_list_end = .

tgpio_driver_api_area
                0x0000000008004930        0x0
                0x0000000008004930                _tgpio_driver_api_list_start = .
 *(SORT_BY_NAME(SORT_BY_ALIGNMENT(._tgpio_driver_api.static.*)))
                0x0000000008004930                _tgpio_driver_api_list_end = .

pcie_ctrl_driver_api_area
                0x0000000008004930        0x0
                0x0000000008004930                _pcie_ctrl_driver_api_list_start = .
 *(SORT_BY_NAME(SORT_BY_ALIGNMENT(._pcie_ctrl_driver_api.static.*)))
                0x0000000008004930                _pcie_ctrl_driver_api_list_end = .

pcie_ep_driver_api_area
                0x0000000008004930        0x0
                0x0000000008004930                _pcie_ep_driver_api_list_start = .
 *(SORT_BY_NAME(SORT_BY_ALIGNMENT(._pcie_ep_driver_api.static.*)))
                0x0000000008004930                _pcie_ep_driver_api_list_end = .

svc_driver_api_area
                0x0000000008004930        0x0
                0x0000000008004930                _svc_driver_api_list_start = .
 *(SORT_BY_NAME(SORT_BY_ALIGNMENT(._svc_driver_api.static.*)))
                0x0000000008004930                _svc_driver_api_list_end = .

uart_driver_api_area
                0x0000000008004930       0x14
                0x0000000008004930                _uart_driver_api_list_start = .
 *(SORT_BY_NAME(SORT_BY_ALIGNMENT(._uart_driver_api.static.*)))
 ._uart_driver_api.static.uart_stm32_driver_api_
                0x0000000008004930       0x14 zephyr/drivers/serial/libdrivers__serial.a(uart_stm32.c.obj)
                0x0000000008004944                _uart_driver_api_list_end = .

bc12_emul_driver_api_area
                0x0000000008004944        0x0
                0x0000000008004944                _bc12_emul_driver_api_list_start = .
 *(SORT_BY_NAME(SORT_BY_ALIGNMENT(._bc12_emul_driver_api.static.*)))
                0x0000000008004944                _bc12_emul_driver_api_list_end = .

bc12_driver_api_area
                0x0000000008004944        0x0
                0x0000000008004944                _bc12_driver_api_list_start = .
 *(SORT_BY_NAME(SORT_BY_ALIGNMENT(._bc12_driver_api.static.*)))
                0x0000000008004944                _bc12_driver_api_list_end = .

usbc_ppc_driver_api_area
                0x0000000008004944        0x0
                0x0000000008004944                _usbc_ppc_driver_api_list_start = .
 *(SORT_BY_NAME(SORT_BY_ALIGNMENT(._usbc_ppc_driver_api.static.*)))
                0x0000000008004944                _usbc_ppc_driver_api_list_end = .

tcpc_driver_api_area
                0x0000000008004944        0x0
                0x0000000008004944                _tcpc_driver_api_list_start = .
 *(SORT_BY_NAME(SORT_BY_ALIGNMENT(._tcpc_driver_api.static.*)))
                0x0000000008004944                _tcpc_driver_api_list_end = .

usbc_vbus_driver_api_area
                0x0000000008004944        0x0
                0x0000000008004944                _usbc_vbus_driver_api_list_start = .
 *(SORT_BY_NAME(SORT_BY_ALIGNMENT(._usbc_vbus_driver_api.static.*)))
                0x0000000008004944                _usbc_vbus_driver_api_list_end = .

ivshmem_driver_api_area
                0x0000000008004944        0x0
                0x0000000008004944                _ivshmem_driver_api_list_start = .
 *(SORT_BY_NAME(SORT_BY_ALIGNMENT(._ivshmem_driver_api.static.*)))
                0x0000000008004944                _ivshmem_driver_api_list_end = .

ethphy_driver_api_area
                0x0000000008004944        0x0
                0x0000000008004944                _ethphy_driver_api_list_start = .
 *(SORT_BY_NAME(SORT_BY_ALIGNMENT(._ethphy_driver_api.static.*)))
                0x0000000008004944                _ethphy_driver_api_list_end = .

ztest           0x0000000008004944        0x0
                0x0000000008004944                _ztest_expected_result_entry_list_start = .
 *(SORT_BY_NAME(SORT_BY_ALIGNMENT(._ztest_expected_result_entry.static.*)))
                0x0000000008004944                _ztest_expected_result_entry_list_end = .
                0x0000000008004944                _ztest_suite_node_list_start = .
 *(SORT_BY_NAME(SORT_BY_ALIGNMENT(._ztest_suite_node.static.*)))
                0x0000000008004944                _ztest_suite_node_list_end = .
                0x0000000008004944                _ztest_unit_test_list_start = .
 *(SORT_BY_NAME(SORT_BY_ALIGNMENT(._ztest_unit_test.static.*)))
                0x0000000008004944                _ztest_unit_test_list_end = .
                0x0000000008004944                _ztest_test_rule_list_start = .
 *(SORT_BY_NAME(SORT_BY_ALIGNMENT(._ztest_test_rule.static.*)))
                0x0000000008004944                _ztest_test_rule_list_end = .

init_array      0x0000000008004944        0x0
                0x0000000008004944                __zephyr_init_array_start = .
 *(SORT_BY_INIT_PRIORITY(.init_array.*) SORT_BY_INIT_PRIORITY(.ctors.*))
 *(SORT_BY_ALIGNMENT(.init_array) SORT_BY_ALIGNMENT(.ctors))
                0x0000000008004944                __zephyr_init_array_end = .
                0x0000000000000001                ASSERT ((__zephyr_init_array_start == __zephyr_init_array_end), GNU-style constructors required but STATIC_INIT_GNU not enabled)

bt_l2cap_fixed_chan_area
                0x0000000008004944        0x0
                0x0000000008004944                _bt_l2cap_fixed_chan_list_start = .
 *(SORT_BY_NAME(SORT_BY_ALIGNMENT(._bt_l2cap_fixed_chan.static.*)))
                0x0000000008004944                _bt_l2cap_fixed_chan_list_end = .

bt_gatt_service_static_area
                0x0000000008004944        0x0
                0x0000000008004944                _bt_gatt_service_static_list_start = .
 *(SORT_BY_NAME(SORT_BY_ALIGNMENT(._bt_gatt_service_static.static.*)))
                0x0000000008004944                _bt_gatt_service_static_list_end = .

log_strings_area
                0x0000000008004944        0x0
                0x0000000008004944                _log_strings_list_start = .
 *(SORT_BY_NAME(SORT_BY_ALIGNMENT(._log_strings.static.*)))
                0x0000000008004944                _log_strings_list_end = .

log_stmesp_ptr_area
                0x0000000008004944        0x0
                0x0000000008004944                _log_stmesp_ptr_list_start = .
 *(SORT_BY_NAME(SORT_BY_ALIGNMENT(._log_stmesp_ptr.static.*)))
                0x0000000008004944                _log_stmesp_ptr_list_end = .

log_stmesp_str_area
                0x0000000008004944        0x0
                0x0000000008004944                _log_stmesp_str_list_start = .
 *(SORT_BY_NAME(SORT_BY_ALIGNMENT(._log_stmesp_str.static.*)))
                0x0000000008004944                _log_stmesp_str_list_end = .

log_const_area  0x0000000008004944        0x0
                0x0000000008004944                _log_const_list_start = .
 *(SORT_BY_NAME(SORT_BY_ALIGNMENT(._log_const.static.*)))
                0x0000000008004944                _log_const_list_end = .

log_backend_area
                0x0000000008004944        0x0
                0x0000000008004944                _log_backend_list_start = .
 *(SORT_BY_NAME(SORT_BY_ALIGNMENT(._log_backend.static.*)))
                0x0000000008004944                _log_backend_list_end = .

log_link_area   0x0000000008004944        0x0
                0x0000000008004944                _log_link_list_start = .
 *(SORT_BY_NAME(SORT_BY_ALIGNMENT(._log_link.static.*)))
                0x0000000008004944                _log_link_list_end = .

tracing_backend_area
                0x0000000008004944        0x0
                0x0000000008004944                _tracing_backend_list_start = .
 *(SORT_BY_NAME(SORT_BY_ALIGNMENT(._tracing_backend.static.*)))
                0x0000000008004944                _tracing_backend_list_end = .

zephyr_dbg_info
 *(SORT_BY_ALIGNMENT(.dbg_thread_info))

intc_table_area
                0x0000000008004944        0x0
                0x0000000008004944                _intc_table_list_start = .
 *(SORT_BY_NAME(SORT_BY_ALIGNMENT(._intc_table.static.*)))
                0x0000000008004944                _intc_table_list_end = .

symbol_to_keep  0x0000000008004944        0x0
                0x0000000008004944                __symbol_to_keep_start = .
 *(SORT_BY_NAME(SORT_BY_ALIGNMENT(.symbol_to_keep*)))
                0x0000000008004944                __symbol_to_keep_end = .

shell_area      0x0000000008004944        0x0
                0x0000000008004944                _shell_list_start = .
 *(SORT_BY_NAME(SORT_BY_ALIGNMENT(._shell.static.*)))
                0x0000000008004944                _shell_list_end = .

shell_root_cmds_area
                0x0000000008004944        0x0
                0x0000000008004944                _shell_root_cmds_list_start = .
 *(SORT_BY_NAME(SORT_BY_ALIGNMENT(._shell_root_cmds.static.*)))
                0x0000000008004944                _shell_root_cmds_list_end = .

shell_subcmds_area
                0x0000000008004944        0x0
                0x0000000008004944                _shell_subcmds_list_start = .
 *(SORT_BY_NAME(SORT_BY_ALIGNMENT(._shell_subcmds.static.*)))
                0x0000000008004944                _shell_subcmds_list_end = .

shell_dynamic_subcmds_area
                0x0000000008004944        0x0
                0x0000000008004944                _shell_dynamic_subcmds_list_start = .
 *(SORT_BY_NAME(SORT_BY_ALIGNMENT(._shell_dynamic_subcmds.static.*)))
                0x0000000008004944                _shell_dynamic_subcmds_list_end = .

cfb_font_area   0x0000000008004944        0x0
                0x0000000008004944                _cfb_font_list_start = .
 *(SORT_BY_NAME(SORT_BY_ALIGNMENT(._cfb_font.static.*)))
                0x0000000008004944                _cfb_font_list_end = .

tdata           0x0000000008004944        0x0
 *(SORT_BY_ALIGNMENT(.tdata) SORT_BY_ALIGNMENT(.tdata.*) SORT_BY_ALIGNMENT(.gnu.linkonce.td.*))

tbss            0x0000000008004944        0x4
 *(SORT_BY_ALIGNMENT(.tbss) SORT_BY_ALIGNMENT(.tbss.*) SORT_BY_ALIGNMENT(.gnu.linkonce.tb.*) SORT_BY_ALIGNMENT(.tcommon))
 .tbss.z_tls_current
                0x0000000008004944        0x4 zephyr/libzephyr.a(thread_entry.c.obj)
                0x0000000008004944                z_tls_current
                0x0000000008004944                PROVIDE (__tdata_start = LOADADDR (tdata))
                0x0000000000000001                PROVIDE (__tdata_align = ALIGNOF (tdata))
                0x0000000000000000                PROVIDE (__tdata_size = (((SIZEOF (tdata) + __tdata_align) - 0x1) & ~ ((__tdata_align - 0x1))))
                [!provide]                        PROVIDE (__tdata_end = (__tdata_start + __tdata_size))
                0x0000000000000004                PROVIDE (__tbss_align = ALIGNOF (tbss))
                [!provide]                        PROVIDE (__tbss_start = ADDR (tbss))
                0x0000000000000004                PROVIDE (__tbss_size = (((SIZEOF (tbss) + __tbss_align) - 0x1) & ~ ((__tbss_align - 0x1))))
                [!provide]                        PROVIDE (__tbss_end = (__tbss_start + __tbss_size))
                [!provide]                        PROVIDE (__tls_start = __tdata_start)
                [!provide]                        PROVIDE (__tls_end = __tbss_end)
                [!provide]                        PROVIDE (__tls_size = (__tbss_end - __tdata_start))

rodata          0x0000000008004944      0x350
 *(SORT_BY_ALIGNMENT(.rodata))
 *(SORT_BY_ALIGNMENT(.rodata.*))
 .rodata.led    0x0000000008004944        0x8 app/libapp.a(main.c.obj)
 .rodata.mem_attr_region
                0x000000000800494c        0x0 zephyr/libzephyr.a(mem_attr.c.obj)
 .rodata.say_hello.str1.4
                0x000000000800494c        0xe zephyr/libzephyr.a(say_hello.c.obj)
 *fill*         0x000000000800495a        0x2 
 .rodata.static_regions
                0x000000000800495c        0xc zephyr/arch/arch/arm/core/mpu/libarch__arm__core__mpu.a(arm_core_mpu.c.obj)
 .rodata.mpu_config
                0x0000000008004968        0x8 zephyr/arch/arch/arm/core/mpu/libarch__arm__core__mpu.a(arm_mpu_regions.c.obj)
                0x0000000008004968                mpu_config
 .rodata.str1.4
                0x0000000008004970        0xf zephyr/arch/arch/arm/core/mpu/libarch__arm__core__mpu.a(arm_mpu_regions.c.obj)
 *fill*         0x000000000800497f        0x1 
 .rodata.mpu_regions
                0x0000000008004980       0x18 zephyr/arch/arch/arm/core/mpu/libarch__arm__core__mpu.a(arm_mpu_regions.c.obj)
 .rodata.line_range_6.0
                0x0000000008004998        0x2 zephyr/drivers/interrupt_controller/libdrivers__interrupt_controller.a(intc_exti_stm32.c.obj)
 *fill*         0x000000000800499a        0x2 
 .rodata.line_range_5.1
                0x000000000800499c        0x2 zephyr/drivers/interrupt_controller/libdrivers__interrupt_controller.a(intc_exti_stm32.c.obj)
 *fill*         0x000000000800499e        0x2 
 .rodata.line_range_4.2
                0x00000000080049a0        0x2 zephyr/drivers/interrupt_controller/libdrivers__interrupt_controller.a(intc_exti_stm32.c.obj)
 *fill*         0x00000000080049a2        0x2 
 .rodata.line_range_3.3
                0x00000000080049a4        0x2 zephyr/drivers/interrupt_controller/libdrivers__interrupt_controller.a(intc_exti_stm32.c.obj)
 *fill*         0x00000000080049a6        0x2 
 .rodata.line_range_2.4
                0x00000000080049a8        0x2 zephyr/drivers/interrupt_controller/libdrivers__interrupt_controller.a(intc_exti_stm32.c.obj)
 *fill*         0x00000000080049aa        0x2 
 .rodata.line_range_1.5
                0x00000000080049ac        0x2 zephyr/drivers/interrupt_controller/libdrivers__interrupt_controller.a(intc_exti_stm32.c.obj)
 *fill*         0x00000000080049ae        0x2 
 .rodata.line_range_0.6
                0x00000000080049b0        0x2 zephyr/drivers/interrupt_controller/libdrivers__interrupt_controller.a(intc_exti_stm32.c.obj)
 *fill*         0x00000000080049b2        0x2 
 .rodata.str1.4
                0x00000000080049b4       0x1e zephyr/drivers/interrupt_controller/libdrivers__interrupt_controller.a(intc_exti_stm32.c.obj)
 *fill*         0x00000000080049d2        0x2 
 .rodata.str1.4
                0x00000000080049d4        0xd zephyr/drivers/clock_control/libdrivers__clock_control.a(clock_stm32_ll_common.c.obj)
 *fill*         0x00000000080049e1        0x3 
 .rodata.str1.4
                0x00000000080049e4       0x7e zephyr/drivers/gpio/libdrivers__gpio.a(gpio_stm32.c.obj)
 *fill*         0x0000000008004a62        0x2 
 .rodata.gpio_stm32_cfg_h
                0x0000000008004a64       0x14 zephyr/drivers/gpio/libdrivers__gpio.a(gpio_stm32.c.obj)
 .rodata.gpio_stm32_cfg_g
                0x0000000008004a78       0x14 zephyr/drivers/gpio/libdrivers__gpio.a(gpio_stm32.c.obj)
 .rodata.gpio_stm32_cfg_f
                0x0000000008004a8c       0x14 zephyr/drivers/gpio/libdrivers__gpio.a(gpio_stm32.c.obj)
 .rodata.gpio_stm32_cfg_e
                0x0000000008004aa0       0x14 zephyr/drivers/gpio/libdrivers__gpio.a(gpio_stm32.c.obj)
 .rodata.gpio_stm32_cfg_d
                0x0000000008004ab4       0x14 zephyr/drivers/gpio/libdrivers__gpio.a(gpio_stm32.c.obj)
 .rodata.gpio_stm32_cfg_c
                0x0000000008004ac8       0x14 zephyr/drivers/gpio/libdrivers__gpio.a(gpio_stm32.c.obj)
 .rodata.gpio_stm32_cfg_b
                0x0000000008004adc       0x14 zephyr/drivers/gpio/libdrivers__gpio.a(gpio_stm32.c.obj)
 .rodata.gpio_stm32_cfg_a
                0x0000000008004af0       0x14 zephyr/drivers/gpio/libdrivers__gpio.a(gpio_stm32.c.obj)
 .rodata.gpio_ports
                0x0000000008004b04       0x44 zephyr/drivers/pinctrl/libdrivers__pinctrl.a(pinctrl_stm32.c.obj)
 .rodata.str1.4
                0x0000000008004b48       0x11 zephyr/drivers/reset/libdrivers__reset.a(reset_stm32.c.obj)
 *fill*         0x0000000008004b59        0x3 
 .rodata.reset_stm32_config
                0x0000000008004b5c        0x4 zephyr/drivers/reset/libdrivers__reset.a(reset_stm32.c.obj)
 .rodata.str1.4
                0x0000000008004b60       0x20 zephyr/drivers/serial/libdrivers__serial.a(uart_stm32.c.obj)
 .rodata.uart_stm32_cfg_1
                0x0000000008004b80       0x24 zephyr/drivers/serial/libdrivers__serial.a(uart_stm32.c.obj)
 .rodata.pclken_1
                0x0000000008004ba4        0x8 zephyr/drivers/serial/libdrivers__serial.a(uart_stm32.c.obj)
 .rodata.__pinctrl_dev_config__device_dts_ord_73
                0x0000000008004bac        0x8 zephyr/drivers/serial/libdrivers__serial.a(uart_stm32.c.obj)
 .rodata.__pinctrl_states__device_dts_ord_73
                0x0000000008004bb4        0x8 zephyr/drivers/serial/libdrivers__serial.a(uart_stm32.c.obj)
 .rodata.__pinctrl_state_pins_0__device_dts_ord_73
                0x0000000008004bbc       0x10 zephyr/drivers/serial/libdrivers__serial.a(uart_stm32.c.obj)
 .rodata.uart_stm32_cfg_0
                0x0000000008004bcc       0x24 zephyr/drivers/serial/libdrivers__serial.a(uart_stm32.c.obj)
 .rodata.pclken_0
                0x0000000008004bf0        0x8 zephyr/drivers/serial/libdrivers__serial.a(uart_stm32.c.obj)
 .rodata.__pinctrl_dev_config__device_dts_ord_79
                0x0000000008004bf8        0x8 zephyr/drivers/serial/libdrivers__serial.a(uart_stm32.c.obj)
 .rodata.__pinctrl_states__device_dts_ord_79
                0x0000000008004c00        0x8 zephyr/drivers/serial/libdrivers__serial.a(uart_stm32.c.obj)
 .rodata.__pinctrl_state_pins_0__device_dts_ord_79
                0x0000000008004c08       0x10 zephyr/drivers/serial/libdrivers__serial.a(uart_stm32.c.obj)
 .rodata.AHBPrescTable
                0x0000000008004c18       0x10 modules/hal_stm32/stm32cube/lib..__modules__hal__stm32__stm32cube.a(system_stm32f4xx.c.obj)
                0x0000000008004c18                AHBPrescTable
 .rodata.prepare_multithreading.str1.4
                0x0000000008004c28        0x5 zephyr/kernel/libkernel.a(init.c.obj)
 *fill*         0x0000000008004c2d        0x3 
 .rodata.levels.0
                0x0000000008004c30       0x18 zephyr/kernel/libkernel.a(init.c.obj)
 .rodata.boot_banner.str1.4
                0x0000000008004c48       0x3b zephyr/kernel/libkernel.a(banner.c.obj)
 .rodata.__l_vfprintf.str1.1
                0x0000000008004c83        0xf /home/alextran/zephyr-sdk-0.17.0/arm-zephyr-eabi/bin/../lib/gcc/../../picolibc/arm-zephyr-eabi/lib/thumb/v7e-m/nofp/libc.a(libc_tinystdio_vflprintf.c.o)
 *(SORT_BY_ALIGNMENT(.gnu.linkonce.r.*))
                0x0000000008004c94                . = ALIGN (0x4)
 *fill*         0x0000000008004c92        0x2 
                0x0000000008004c94                __rodata_region_end = .
                0x0000000008004ca0                . = ALIGN (_region_min_align)
                0x0000000008008000                . = ALIGN ((0x1 << LOG2CEIL ((__rodata_region_end - ADDR (rom_start)))))
                0x0000000008008000                __rom_region_end = ((__rom_region_start + .) - ADDR (rom_start))

/DISCARD/
 *(SORT_BY_ALIGNMENT(.got.plt))