Archive member included to satisfy reference by file (symbol)

app/libapp.a(main.c.obj)      (--whole-archive)
zephyr/libzephyr.a(heap.c.obj)
                              (--whole-archive)
zephyr/libzephyr.a(cbprintf_packaged.c.obj)
                              (--whole-archive)
zephyr/libzephyr.a(printk.c.obj)
                              (--whole-archive)
zephyr/libzephyr.a(sem.c.obj)
                              (--whole-archive)
zephyr/libzephyr.a(thread_entry.c.obj)
                              (--whole-archive)
zephyr/libzephyr.a(cbprintf_complete.c.obj)
                              (--whole-archive)
zephyr/libzephyr.a(assert.c.obj)
                              (--whole-archive)
zephyr/libzephyr.a(reboot.c.obj)
                              (--whole-archive)
zephyr/libzephyr.a(dec.c.obj)
                              (--whole-archive)
zephyr/libzephyr.a(hex.c.obj)
                              (--whole-archive)
zephyr/libzephyr.a(rb.c.obj)  (--whole-archive)
zephyr/libzephyr.a(timeutil.c.obj)
                              (--whole-archive)
zephyr/libzephyr.a(bitarray.c.obj)
                              (--whole-archive)
zephyr/libzephyr.a(ring_buffer.c.obj)
                              (--whole-archive)
zephyr/libzephyr.a(configs.c.obj)
                              (--whole-archive)
zephyr/libzephyr.a(stm32cube_hal.c.obj)
                              (--whole-archive)
zephyr/libzephyr.a(soc_config.c.obj)
                              (--whole-archive)
zephyr/libzephyr.a(soc.c.obj)
                              (--whole-archive)
zephyr/libzephyr.a(mem_attr.c.obj)
                              (--whole-archive)
zephyr/libzephyr.a(tracing_none.c.obj)
                              (--whole-archive)
zephyr/libzephyr.a(say_hello.c.obj)
                              (--whole-archive)
zephyr/arch/common/libarch__common.a(sw_isr_common.c.obj)
                              (--whole-archive)
zephyr/arch/arch/arm/core/libarch__arm__core.a(fatal.c.obj)
                              (--whole-archive)
zephyr/arch/arch/arm/core/libarch__arm__core.a(nmi.c.obj)
                              (--whole-archive)
zephyr/arch/arch/arm/core/libarch__arm__core.a(nmi_on_reset.S.obj)
                              (--whole-archive)
zephyr/arch/arch/arm/core/libarch__arm__core.a(tls.c.obj)
                              (--whole-archive)
zephyr/arch/arch/arm/core/cortex_m/libarch__arm__core__cortex_m.a(exc_exit.c.obj)
                              (--whole-archive)
zephyr/arch/arch/arm/core/cortex_m/libarch__arm__core__cortex_m.a(fault.c.obj)
                              (--whole-archive)
zephyr/arch/arch/arm/core/cortex_m/libarch__arm__core__cortex_m.a(fault_s.S.obj)
                              (--whole-archive)
zephyr/arch/arch/arm/core/cortex_m/libarch__arm__core__cortex_m.a(fpu.c.obj)
                              (--whole-archive)
zephyr/arch/arch/arm/core/cortex_m/libarch__arm__core__cortex_m.a(reset.S.obj)
                              (--whole-archive)
zephyr/arch/arch/arm/core/cortex_m/libarch__arm__core__cortex_m.a(scb.c.obj)
                              (--whole-archive)
zephyr/arch/arch/arm/core/cortex_m/libarch__arm__core__cortex_m.a(thread_abort.c.obj)
                              (--whole-archive)
zephyr/arch/arch/arm/core/cortex_m/libarch__arm__core__cortex_m.a(vector_table.S.obj)
                              (--whole-archive)
zephyr/arch/arch/arm/core/cortex_m/libarch__arm__core__cortex_m.a(swap_helper.S.obj)
                              (--whole-archive)
zephyr/arch/arch/arm/core/cortex_m/libarch__arm__core__cortex_m.a(irq_manage.c.obj)
                              (--whole-archive)
zephyr/arch/arch/arm/core/cortex_m/libarch__arm__core__cortex_m.a(prep_c.c.obj)
                              (--whole-archive)
zephyr/arch/arch/arm/core/cortex_m/libarch__arm__core__cortex_m.a(thread.c.obj)
                              (--whole-archive)
zephyr/arch/arch/arm/core/cortex_m/libarch__arm__core__cortex_m.a(cpu_idle.c.obj)
                              (--whole-archive)
zephyr/arch/arch/arm/core/cortex_m/libarch__arm__core__cortex_m.a(irq_init.c.obj)
                              (--whole-archive)
zephyr/arch/arch/arm/core/cortex_m/libarch__arm__core__cortex_m.a(isr_wrapper.c.obj)
                              (--whole-archive)
zephyr/arch/arch/arm/core/cortex_m/libarch__arm__core__cortex_m.a(__aeabi_read_tp.S.obj)
                              (--whole-archive)
zephyr/arch/arch/arm/core/mpu/libarch__arm__core__mpu.a(arm_core_mpu.c.obj)
                              (--whole-archive)
zephyr/arch/arch/arm/core/mpu/libarch__arm__core__mpu.a(arm_mpu.c.obj)
                              (--whole-archive)
zephyr/arch/arch/arm/core/mpu/libarch__arm__core__mpu.a(arm_mpu_regions.c.obj)
                              (--whole-archive)
zephyr/lib/libc/picolibc/liblib__libc__picolibc.a(assert.c.obj)
                              (--whole-archive)
zephyr/lib/libc/picolibc/liblib__libc__picolibc.a(cbprintf.c.obj)
[...]
Memory Configuration

Name             Origin             Length             Attributes
FLASH            0x0000000008000000 0x0000000000080000 xr
RAM              0x0000000020000000 0x0000000000020000 xw
BACKUP_SRAM      0x0000000040024000 0x0000000000001000 rw
IDT_LIST         0x00000000ffff7fff 0x0000000000008000 xw
*default*        0x0000000000000000 0xffffffffffffffff

Linker script and memory map

                0x0000000008002f88                vfprintf = __l_vfprintf
                0x0000000000000000                vfscanf = __l_vfscanf
LOAD zephyr/CMakeFiles/zephyr_final.dir/misc/empty_file.c.obj
LOAD zephyr/CMakeFiles/zephyr_final.dir/isr_tables.c.obj
LOAD zephyr/CMakeFiles/offsets.dir/./arch/arm/core/offsets/offsets.c.obj
LOAD app/libapp.a
LOAD zephyr/libzephyr.a
LOAD zephyr/arch/common/libarch__common.a
LOAD zephyr/arch/arch/arm/core/libarch__arm__core.a
LOAD zephyr/arch/arch/arm/core/cortex_m/libarch__arm__core__cortex_m.a
LOAD zephyr/arch/arch/arm/core/mpu/libarch__arm__core__mpu.a
LOAD zephyr/lib/libc/picolibc/liblib__libc__picolibc.a
LOAD zephyr/lib/libc/common/liblib__libc__common.a
LOAD zephyr/drivers/interrupt_controller/libdrivers__interrupt_controller.a
LOAD zephyr/drivers/clock_control/libdrivers__clock_control.a
LOAD zephyr/drivers/console/libdrivers__console.a
LOAD zephyr/drivers/gpio/libdrivers__gpio.a
LOAD zephyr/drivers/pinctrl/libdrivers__pinctrl.a
LOAD zephyr/drivers/reset/libdrivers__reset.a
LOAD zephyr/drivers/serial/libdrivers__serial.a
LOAD zephyr/drivers/timer/libdrivers__timer.a
LOAD modules/hal_stm32/stm32cube/lib..__modules__hal__stm32__stm32cube.a
LOAD zephyr/kernel/libkernel.a
LOAD zephyr/arch/common/libisr_tables.a
LOAD /home/alextran/zephyr-sdk-0.17.0/arm-zephyr-eabi/bin/../lib/gcc/../../picolibc/arm-zephyr-eabi/lib/thumb/v7e-m/nofp/libc.a
LOAD /home/alextran/zephyr-sdk-0.17.0/arm-zephyr-eabi/bin/../lib/gcc/arm-zephyr-eabi/12.2.0/thumb/v7e-m/nofp/libgcc.a
                0x0000000000000020                _region_min_align = 0x20

.rel.plt        0x0000000008000000        0x0
 *(SORT_BY_ALIGNMENT(.rel.plt))
                [!provide]                        PROVIDE (__rel_iplt_start = .)
 *(SORT_BY_ALIGNMENT(.rel.iplt))
 .rel.iplt      0x0000000008000000        0x0 zephyr/CMakeFiles/zephyr_final.dir/isr_tables.c.obj
                [!provide]                        PROVIDE (__rel_iplt_end = .)

.rela.plt       0x0000000000000000        0x0
 *(SORT_BY_ALIGNMENT(.rela.plt))
                [!provide]                        PROVIDE (__rela_iplt_start = .)
 *(SORT_BY_ALIGNMENT(.rela.iplt))
                [!provide]                        PROVIDE (__rela_iplt_end = .)

.rel.dyn
 *(SORT_BY_ALIGNMENT(.rel.*))

.rela.dyn
 *(SORT_BY_ALIGNMENT(.rela.*))

/DISCARD/
 *(SORT_BY_ALIGNMENT(.plt))

/DISCARD/
 *(SORT_BY_ALIGNMENT(.iplt))
                0x0000000008000000                __rom_region_start = 0x8000000

rom_start       0x0000000008000000      0x1c4
                0x0000000008000000                __rom_start_address = .
 FILL mask 0x00
                0x0000000008000000                . = (. + (0x0 - (. - __rom_start_address)))
                0x0000000008000000                . = ALIGN (0x4)
                0x0000000008000000                . = ALIGN (0x80)
                0x0000000008000000                . = ALIGN (0x200)
                0x0000000008000000                _vector_start = .
 *(SORT_BY_ALIGNMENT(.exc_vector_table))
 *(SORT_BY_ALIGNMENT(.exc_vector_table.*))
 .exc_vector_table._vector_table_section
                0x0000000008000000       0x40 zephyr/arch/arch/arm/core/cortex_m/libarch__arm__core__cortex_m.a(vector_table.S.obj)
                0x0000000008000000                _vector_table
 *(SORT_BY_ALIGNMENT(.vectors))
                0x00000000080001c4                _vector_end = .
                0x0000000008000040                . = ALIGN (0x4)
 *(SORT_BY_ALIGNMENT(.gnu.linkonce.irq_vector_table*))
 .gnu.linkonce.irq_vector_table
                0x0000000008000040      0x184 zephyr/CMakeFiles/zephyr_final.dir/isr_tables.c.obj
                0x0000000008000040                _irq_vector_table
                0x00000000080001c4                _vector_end = .

text            0x00000000080001c4     0x4888
                0x00000000080001c4                __text_region_start = .
 *(SORT_BY_ALIGNMENT(.text))
 .text          0x00000000080001c4       0x30 /home/alextran/zephyr-sdk-0.17.0/arm-zephyr-eabi/bin/../lib/gcc/arm-zephyr-eabi/12.2.0/thumb/v7e-m/nofp/libgcc.a(_aeabi_uldivmod.o)
                0x00000000080001c4                __aeabi_uldivmod
 .text          0x00000000080001f4        0x4 /home/alextran/zephyr-sdk-0.17.0/arm-zephyr-eabi/bin/../lib/gcc/arm-zephyr-eabi/12.2.0/thumb/v7e-m/nofp/libgcc.a(_dvmd_tls.o)
                0x00000000080001f4                __aeabi_ldiv0
                0x00000000080001f4                __aeabi_idiv0
 .text          0x00000000080001f8      0x2a0 /home/alextran/zephyr-sdk-0.17.0/arm-zephyr-eabi/bin/../lib/gcc/arm-zephyr-eabi/12.2.0/thumb/v7e-m/nofp/libgcc.a(_udivmoddi4.o)
                0x00000000080001f8                __udivmoddi4
 *(SORT_BY_ALIGNMENT(.text.*))
 .text.work_handler
                0x0000000008000498       0x30 app/libapp.a(main.c.obj)
                0x0000000008000498                work_handler
 .text.timer_handler
                0x00000000080004c8       0x1c app/libapp.a(main.c.obj)
                0x00000000080004c8                timer_handler
 .text.main     0x00000000080004e4       0x60 app/libapp.a(main.c.obj)
                0x00000000080004e4                main
 .text.char_out
                0x0000000008000544       0x10 zephyr/libzephyr.a(printk.c.obj)
 .text.__printk_hook_install
                0x0000000008000554        0xc zephyr/libzephyr.a(printk.c.obj)
                0x0000000008000554                __printk_hook_install
 .text.vprintk  0x0000000008000560       0x2c zephyr/libzephyr.a(printk.c.obj)
                0x0000000008000560                vprintk
 .text.z_thread_entry
                0x000000000800058c       0x34 zephyr/libzephyr.a(thread_entry.c.obj)
                0x000000000800058c                z_thread_entry
 .text.st_stm32_common_config
                0x00000000080005c0       0x14 zephyr/libzephyr.a(soc_config.c.obj)
 .text.soc_early_init_hook
                0x00000000080005d4       0x30 zephyr/libzephyr.a(soc.c.obj)
                0x00000000080005d4                soc_early_init_hook
 .text.mem_attr_get_regions
                0x0000000008000604        0xc zephyr/libzephyr.a(mem_attr.c.obj)
                0x0000000008000604                mem_attr_get_regions
 .text.say_hello
                0x0000000008000610       0x10 zephyr/libzephyr.a(say_hello.c.obj)
                0x0000000008000610                say_hello
 .text.z_arm_nmi
                0x0000000008000620       0x14 zephyr/arch/arch/arm/core/libarch__arm__core.a(nmi.c.obj)
                0x0000000008000620                z_arm_nmi
 .text.z_SysNmiOnReset
                0x0000000008000634        0x8 zephyr/arch/arch/arm/core/libarch__arm__core.a(nmi_on_reset.S.obj)
                0x0000000008000634                z_SysNmiOnReset
 .text.z_tls_copy
                0x000000000800063c       0x28 zephyr/arch/arch/arm/core/libarch__arm__core.a(tls.c.obj)
 .text.arch_tls_stack_setup
                0x0000000008000664       0x24 zephyr/arch/arch/arm/core/libarch__arm__core.a(tls.c.obj)
                0x0000000008000664                arch_tls_stack_setup
 .text._HandlerModeExit
                0x0000000008000688       0x20 zephyr/arch/arch/arm/core/cortex_m/libarch__arm__core__cortex_m.a(exc_exit.c.obj)
                0x0000000008000688                z_arm_exc_exit
                0x0000000008000688                z_arm_int_exit
 .text.bus_fault
                0x00000000080006a8       0x8c zephyr/arch/arch/arm/core/cortex_m/libarch__arm__core__cortex_m.a(fault.c.obj)
 .text.usage_fault
                0x0000000008000734       0x64 zephyr/arch/arch/arm/core/cortex_m/libarch__arm__core__cortex_m.a(fault.c.obj)
 .text.z_arm_is_synchronous_svc
                0x0000000008000798       0x3c zephyr/arch/arch/arm/core/cortex_m/libarch__arm__core__cortex_m.a(fault.c.obj)
 .text.mem_manage_fault
                0x00000000080007d4       0xd4 zephyr/arch/arch/arm/core/cortex_m/libarch__arm__core__cortex_m.a(fault.c.obj)
 .text.hard_fault
                0x00000000080008a8       0x78 zephyr/arch/arch/arm/core/cortex_m/libarch__arm__core__cortex_m.a(fault.c.obj)
 .text.z_arm_fault
                0x0000000008000920       0xa4 zephyr/arch/arch/arm/core/cortex_m/libarch__arm__core__cortex_m.a(fault.c.obj)
                0x0000000008000920                z_arm_fault
 .text.z_arm_fault_init
                0x00000000080009c4       0x18 zephyr/arch/arch/arm/core/cortex_m/libarch__arm__core__cortex_m.a(fault.c.obj)
                0x00000000080009c4                z_arm_fault_init
 .text.__fault  0x00000000080009dc       0x14 zephyr/arch/arch/arm/core/cortex_m/libarch__arm__core__cortex_m.a(fault_s.S.obj)
                0x00000000080009dc                z_arm_bus_fault
                0x00000000080009dc                z_arm_usage_fault
                0x00000000080009dc                z_arm_mpu_fault
                0x00000000080009dc                z_arm_exc_spurious
                0x00000000080009dc                z_arm_debug_monitor
                0x00000000080009dc                z_arm_hard_fault
 .text._reset_section
                0x00000000080009f0       0x34 zephyr/arch/arch/arm/core/cortex_m/libarch__arm__core__cortex_m.a(reset.S.obj)
                0x00000000080009f0                z_arm_reset
                0x00000000080009f0                __start
 .text.z_impl_k_thread_abort
                0x0000000008000a24       0x34 zephyr/arch/arch/arm/core/cortex_m/libarch__arm__core__cortex_m.a(thread_abort.c.obj)
                0x0000000008000a24                z_impl_k_thread_abort
 .text.z_arm_pendsv
                0x0000000008000a58       0x60 zephyr/arch/arch/arm/core/cortex_m/libarch__arm__core__cortex_m.a(swap_helper.S.obj)
                0x0000000008000a58                z_arm_pendsv
 .text.z_arm_svc
                0x0000000008000ab8       0x24 zephyr/arch/arch/arm/core/cortex_m/libarch__arm__core__cortex_m.a(swap_helper.S.obj)
                0x0000000008000ab8                z_arm_svc
 .text.__NVIC_EnableIRQ
                0x0000000008000adc       0x1c zephyr/arch/arch/arm/core/cortex_m/libarch__arm__core__cortex_m.a(irq_manage.c.obj)
 .text.__NVIC_SetPriority
                0x0000000008000af8       0x28 zephyr/arch/arch/arm/core/cortex_m/libarch__arm__core__cortex_m.a(irq_manage.c.obj)
 .text.relocate_vector_table
                0x0000000008000b20       0x1c zephyr/arch/arch/arm/core/cortex_m/libarch__arm__core__cortex_m.a(prep_c.c.obj)
                0x0000000008000b20                relocate_vector_table
 .text.z_prep_c
                0x0000000008000b3c       0x38 zephyr/arch/arch/arm/core/cortex_m/libarch__arm__core__cortex_m.a(prep_c.c.obj)
                0x0000000008000b3c                z_prep_c
 .text.arch_new_thread
                0x0000000008000b74       0x40 zephyr/arch/arch/arm/core/cortex_m/libarch__arm__core__cortex_m.a(thread.c.obj)
                0x0000000008000b74                arch_new_thread
 .text.z_check_thread_stack_fail
                0x0000000008000bb4       0x40 zephyr/arch/arch/arm/core/cortex_m/libarch__arm__core__cortex_m.a(thread.c.obj)
                0x0000000008000bb4                z_check_thread_stack_fail
 .text.arch_switch_to_main_thread
                0x0000000008000bf4       0x3c zephyr/arch/arch/arm/core/cortex_m/libarch__arm__core__cortex_m.a(thread.c.obj)
                0x0000000008000bf4                arch_switch_to_main_thread
 .text.z_arm_cpu_idle_init
                0x0000000008000c30        0xc zephyr/arch/arch/arm/core/cortex_m/libarch__arm__core__cortex_m.a(cpu_idle.c.obj)
                0x0000000008000c30                z_arm_cpu_idle_init
 .text.z_arm_interrupt_init
                0x0000000008000c3c       0x34 zephyr/arch/arch/arm/core/cortex_m/libarch__arm__core__cortex_m.a(irq_init.c.obj)
                0x0000000008000c3c                z_arm_interrupt_init
 .text._isr_wrapper
                0x0000000008000c70       0x20 zephyr/arch/arch/arm/core/cortex_m/libarch__arm__core__cortex_m.a(isr_wrapper.c.obj)
                0x0000000008000c70                _isr_wrapper
 .text.z_arm_configure_static_mpu_regions
                0x0000000008000c90       0x1c zephyr/arch/arch/arm/core/mpu/libarch__arm__core__mpu.a(arm_core_mpu.c.obj)
                0x0000000008000c90                z_arm_configure_static_mpu_regions
 .text.z_arm_configure_dynamic_mpu_regions
                0x0000000008000cac       0x24 zephyr/arch/arch/arm/core/mpu/libarch__arm__core__mpu.a(arm_core_mpu.c.obj)
                0x0000000008000cac                z_arm_configure_dynamic_mpu_regions
 .text.region_init
                0x0000000008000cd0       0x28 zephyr/arch/arch/arm/core/mpu/libarch__arm__core__mpu.a(arm_mpu.c.obj)
 .text.region_allocate_and_init
                0x0000000008000cf8       0x28 zephyr/arch/arch/arm/core/mpu/libarch__arm__core__mpu.a(arm_mpu.c.obj)
 .text.mpu_configure_static_mpu_regions
                0x0000000008000d20       0x14 zephyr/arch/arch/arm/core/mpu/libarch__arm__core__mpu.a(arm_mpu.c.obj)
 .text.mpu_configure_dynamic_mpu_regions
                0x0000000008000d34       0x3c zephyr/arch/arch/arm/core/mpu/libarch__arm__core__mpu.a(arm_mpu.c.obj)
 .text.arm_core_mpu_enable
                0x0000000008000d70       0x18 zephyr/arch/arch/arm/core/mpu/libarch__arm__core__mpu.a(arm_mpu.c.obj)
                0x0000000008000d70                arm_core_mpu_enable
 .text.arm_core_mpu_disable
                0x0000000008000d88       0x14 zephyr/arch/arch/arm/core/mpu/libarch__arm__core__mpu.a(arm_mpu.c.obj)
                0x0000000008000d88                arm_core_mpu_disable
 .text.z_arm_mpu_init
                0x0000000008000d9c       0x80 zephyr/arch/arch/arm/core/mpu/libarch__arm__core__mpu.a(arm_mpu.c.obj)
                0x0000000008000d9c                z_arm_mpu_init
 .text.z_impl_zephyr_fputc
                0x0000000008000e1c       0x10 zephyr/lib/libc/picolibc/liblib__libc__picolibc.a(stdio.c.obj)
                0x0000000008000e1c                z_impl_zephyr_fputc
 .text.__stdout_hook_install
                0x0000000008000e2c       0x18 zephyr/lib/libc/picolibc/liblib__libc__picolibc.a(stdio.c.obj)
                0x0000000008000e2c                __stdout_hook_install
 .text.malloc_prepare
                0x0000000008000e44       0x24 zephyr/lib/libc/common/liblib__libc__common.a(malloc.c.obj)
 .text.stm32_exti_isr
                0x0000000008000e68       0x48 zephyr/drivers/interrupt_controller/libdrivers__interrupt_controller.a(intc_exti_stm32.c.obj)
 .text.stm32_exti_enable_registers
                0x0000000008000eb0       0x3c zephyr/drivers/interrupt_controller/libdrivers__interrupt_controller.a(intc_exti_stm32.c.obj)
 .text.stm32_fill_irq_table
                0x0000000008000eec       0x24 zephyr/drivers/interrupt_controller/libdrivers__interrupt_controller.a(intc_exti_stm32.c.obj)
 .text.LL_SYSCFG_SetEXTISource
                0x0000000008000f10       0x38 zephyr/drivers/interrupt_controller/libdrivers__interrupt_controller.a(intc_exti_stm32.c.obj)
 .text.LL_SYSCFG_GetEXTISource
                0x0000000008000f48       0x28 zephyr/drivers/interrupt_controller/libdrivers__interrupt_controller.a(intc_exti_stm32.c.obj)
 .text.stm32_gpio_intc_enable_line
                0x0000000008000f70       0x30 zephyr/drivers/interrupt_controller/libdrivers__interrupt_controller.a(intc_exti_stm32.c.obj)
                0x0000000008000f70                stm32_gpio_intc_enable_line
 .text.stm32_gpio_intc_disable_line
                0x0000000008000fa0       0x10 zephyr/drivers/interrupt_controller/libdrivers__interrupt_controller.a(intc_exti_stm32.c.obj)
                0x0000000008000fa0                stm32_gpio_intc_disable_line
 .text.stm32_gpio_intc_select_line_trigger
                0x0000000008000fb0       0x58 zephyr/drivers/interrupt_controller/libdrivers__interrupt_controller.a(intc_exti_stm32.c.obj)
                0x0000000008000fb0                stm32_gpio_intc_select_line_trigger
 .text.stm32_gpio_intc_set_irq_callback
                0x0000000008001008       0x4c zephyr/drivers/interrupt_controller/libdrivers__interrupt_controller.a(intc_exti_stm32.c.obj)
                0x0000000008001008                stm32_gpio_intc_set_irq_callback
 .text.stm32_gpio_intc_remove_irq_callback
                0x0000000008001054       0x24 zephyr/drivers/interrupt_controller/libdrivers__interrupt_controller.a(intc_exti_stm32.c.obj)
                0x0000000008001054                stm32_gpio_intc_remove_irq_callback
 .text.stm32_clock_switch_to_hsi
                0x0000000008001078       0x38 zephyr/drivers/clock_control/libdrivers__clock_control.a(clock_stm32_ll_common.c.obj)
 .text.set_up_fixed_clock_sources
                0x00000000080010b0       0x38 zephyr/drivers/clock_control/libdrivers__clock_control.a(clock_stm32_ll_common.c.obj)
 .text.stm32_clock_control_get_subsys_rate
                0x00000000080010e8      0x110 zephyr/drivers/clock_control/libdrivers__clock_control.a(clock_stm32_ll_common.c.obj)
 .text.set_up_plls
                0x00000000080011f8       0x68 zephyr/drivers/clock_control/libdrivers__clock_control.a(clock_stm32_ll_common.c.obj)
 .text.stm32_clock_control_init
                0x0000000008001260       0x98 zephyr/drivers/clock_control/libdrivers__clock_control.a(clock_stm32_ll_common.c.obj)
                0x0000000008001260                stm32_clock_control_init
 .text.LL_RCC_PLL_ConfigDomain_SYS
                0x00000000080012f8       0x34 zephyr/drivers/clock_control/libdrivers__clock_control.a(clock_stm32f2_f4_f7.c.obj)
 .text.get_pllsrc_frequency
                0x000000000800132c        0x8 zephyr/drivers/clock_control/libdrivers__clock_control.a(clock_stm32f2_f4_f7.c.obj)
                0x000000000800132c                get_pllsrc_frequency
 .text.config_pll_sysclock
                0x0000000008001334       0x34 zephyr/drivers/clock_control/libdrivers__clock_control.a(clock_stm32f2_f4_f7.c.obj)
                0x0000000008001334                config_pll_sysclock
 .text.config_enable_default_clocks
                0x0000000008001368       0x20 zephyr/drivers/clock_control/libdrivers__clock_control.a(clock_stm32f2_f4_f7.c.obj)
                0x0000000008001368                config_enable_default_clocks
 .text.console_out
                0x0000000008001388       0x28 zephyr/drivers/console/libdrivers__console.a(uart_console.c.obj)
 .text.uart_console_hook_install
                0x00000000080013b0       0x18 zephyr/drivers/console/libdrivers__console.a(uart_console.c.obj)
 .text.uart_console_init
                0x00000000080013c8       0x1c zephyr/drivers/console/libdrivers__console.a(uart_console.c.obj)
 .text.gpio_stm32_clock_request
                0x00000000080013e4       0x3c zephyr/drivers/gpio/libdrivers__gpio.a(gpio_stm32.c.obj)
 .text.gpio_stm32_pin_interrupt_configure
                0x0000000008001420       0x94 zephyr/drivers/gpio/libdrivers__gpio.a(gpio_stm32.c.obj)
 .text.gpio_stm32_init
                0x00000000080014b4       0x2c zephyr/drivers/gpio/libdrivers__gpio.a(gpio_stm32.c.obj)
 .text.stm32_pin_configure
                0x00000000080014e0       0x40 zephyr/drivers/pinctrl/libdrivers__pinctrl.a(pinctrl_stm32.c.obj)
 .text.LL_USART_SetBaudRate
                0x0000000008001520       0xcc zephyr/drivers/serial/libdrivers__serial.a(uart_stm32.c.obj)
 .text.uart_stm32_configure
                0x00000000080015ec      0x140 zephyr/drivers/serial/libdrivers__serial.a(uart_stm32.c.obj)
 .text.uart_stm32_poll_in
                0x000000000800172c       0x10 zephyr/drivers/serial/libdrivers__serial.a(uart_stm32.c.obj)
 .text.uart_stm32_poll_out
                0x000000000800173c       0x10 zephyr/drivers/serial/libdrivers__serial.a(uart_stm32.c.obj)
 .text.uart_stm32_clocks_enable
                0x000000000800174c       0x30 zephyr/drivers/serial/libdrivers__serial.a(uart_stm32.c.obj)
 .text.elapsed  0x000000000800177c       0x48 zephyr/drivers/timer/libdrivers__timer.a(cortex_m_systick.c.obj)
 .text.sys_clock_driver_init
                0x00000000080017c4       0x38 zephyr/drivers/timer/libdrivers__timer.a(cortex_m_systick.c.obj)
 .text.sys_clock_isr
                0x00000000080017fc       0x68 zephyr/drivers/timer/libdrivers__timer.a(cortex_m_systick.c.obj)
                0x00000000080017fc                sys_clock_isr
 .text.sys_clock_set_timeout
                0x0000000008001864      0x124 zephyr/drivers/timer/libdrivers__timer.a(cortex_m_systick.c.obj)
                0x0000000008001864                sys_clock_set_timeout
 .text.sys_clock_elapsed
                0x0000000008001988       0x40 zephyr/drivers/timer/libdrivers__timer.a(cortex_m_systick.c.obj)
                0x0000000008001988                sys_clock_elapsed
 .text.HAL_RCC_GetSysClockFreq
                0x00000000080019c8      0x190 modules/hal_stm32/stm32cube/lib..__modules__hal__stm32__stm32cube.a(stm32f4xx_hal_rcc_ex.c.obj)
                0x00000000080019c8                HAL_RCC_GetSysClockFreq
 .text.LL_SetFlashLatency
                0x0000000008001b58      0x124 modules/hal_stm32/stm32cube/lib..__modules__hal__stm32__stm32cube.a(stm32f4xx_ll_utils.c.obj)
                0x0000000008001b58                LL_SetFlashLatency
 .text.z_device_state_init
                0x0000000008001c7c       0x18 zephyr/kernel/libkernel.a(device.c.obj)
                0x0000000008001c7c                z_device_state_init
 .text.z_fatal_error
                0x0000000008001c94       0x2c zephyr/kernel/libkernel.a(fatal.c.obj)
                0x0000000008001c94                z_fatal_error
 .text.z_sys_init_run_level
                0x0000000008001cc0       0x38 zephyr/kernel/libkernel.a(init.c.obj)
 .text.init_idle_thread
                0x0000000008001cf8       0x58 zephyr/kernel/libkernel.a(init.c.obj)
 .text.thread_schedule_new
                0x0000000008001d50       0x1c zephyr/kernel/libkernel.a(init.c.obj)
 .text.z_init_static_threads
                0x0000000008001d6c       0x70 zephyr/kernel/libkernel.a(init.c.obj)
 .text.bg_thread_main
                0x0000000008001ddc       0x34 zephyr/kernel/libkernel.a(init.c.obj)
 .text.switch_to_main_thread
                0x0000000008001e10       0x14 zephyr/kernel/libkernel.a(init.c.obj)
 .text.z_bss_zero
                0x0000000008001e24       0x18 zephyr/kernel/libkernel.a(init.c.obj)
                0x0000000008001e24                z_bss_zero
 .text.z_init_cpu
                0x0000000008001e3c       0x44 zephyr/kernel/libkernel.a(init.c.obj)
                0x0000000008001e3c                z_init_cpu
 .text.prepare_multithreading
                0x0000000008001e80       0x60 zephyr/kernel/libkernel.a(init.c.obj)
 .text.z_cstart
                0x0000000008001ee0       0x7c zephyr/kernel/libkernel.a(init.c.obj)
                0x0000000008001ee0                z_cstart
 .text.z_impl_k_sem_give
                0x0000000008001f5c       0x84 zephyr/kernel/libkernel.a(sem.c.obj)
                0x0000000008001f5c                z_impl_k_sem_give
 .text.queue_submit_locked
                0x0000000008001fe0       0x7c zephyr/kernel/libkernel.a(work.c.obj)
 .text.finalize_cancel_locked
                0x000000000800205c       0x5c zephyr/kernel/libkernel.a(work.c.obj)
 .text.work_queue_main
                0x00000000080020b8      0x110 zephyr/kernel/libkernel.a(work.c.obj)
 .text.k_work_submit
                0x00000000080021c8       0x10 zephyr/kernel/libkernel.a(work.c.obj)
                0x00000000080021c8                k_work_submit
 .text.k_work_queue_start
                0x00000000080021d8       0x88 zephyr/kernel/libkernel.a(work.c.obj)
                0x00000000080021d8                k_work_queue_start
 .text.thread_schedule_new
                0x0000000008002260       0x1c zephyr/kernel/libkernel.a(thread.c.obj)
 .text.z_setup_new_thread
                0x000000000800227c       0x60 zephyr/kernel/libkernel.a(thread.c.obj)
                0x000000000800227c                z_setup_new_thread
 .text.z_dummy_thread_init
                0x00000000080022dc       0x18 zephyr/kernel/libkernel.a(thread.c.obj)
                0x00000000080022dc                z_dummy_thread_init
 .text.z_swap_irqlock
                0x00000000080022f4       0x30 zephyr/kernel/libkernel.a(sched.c.obj)
 .text.ready_thread
                0x0000000008002324       0xb4 zephyr/kernel/libkernel.a(sched.c.obj)
 .text.unready_thread
                0x00000000080023d8       0x68 zephyr/kernel/libkernel.a(sched.c.obj)
 .text.thread_halt_spin
                0x0000000008002440      0x108 zephyr/kernel/libkernel.a(sched.c.obj)
 .text.add_thread_timeout
                0x0000000008002548       0x20 zephyr/kernel/libkernel.a(sched.c.obj)
 .text.move_thread_to_end_of_prio_q
                0x0000000008002568       0xc8 zephyr/kernel/libkernel.a(sched.c.obj)
                0x0000000008002568                move_thread_to_end_of_prio_q
 .text.z_pend_curr
                0x0000000008002630       0x38 zephyr/kernel/libkernel.a(sched.c.obj)
                0x0000000008002630                z_pend_curr
 .text.z_reschedule
                0x0000000008002668       0x2c zephyr/kernel/libkernel.a(sched.c.obj)
                0x0000000008002668                z_reschedule
 .text.z_reschedule_irqlock
                0x0000000008002694       0x2c zephyr/kernel/libkernel.a(sched.c.obj)
                0x0000000008002694                z_reschedule_irqlock
 .text.k_sched_lock
                0x00000000080026c0       0x30 zephyr/kernel/libkernel.a(sched.c.obj)
                0x00000000080026c0                k_sched_lock
 .text.k_sched_unlock
                0x00000000080026f0       0x70 zephyr/kernel/libkernel.a(sched.c.obj)
                0x00000000080026f0                k_sched_unlock
 .text.z_sched_init
                0x0000000008002760       0x10 zephyr/kernel/libkernel.a(sched.c.obj)
                0x0000000008002760                z_sched_init
 .text.z_impl_k_yield
                0x0000000008002770       0xa0 zephyr/kernel/libkernel.a(sched.c.obj)
                0x0000000008002770                z_impl_k_yield
 .text.z_impl_k_wakeup
                0x0000000008002810       0x48 zephyr/kernel/libkernel.a(sched.c.obj)
                0x0000000008002810                z_impl_k_wakeup
 .text.z_impl_k_sched_current_thread_query
                0x0000000008002858        0xc zephyr/kernel/libkernel.a(sched.c.obj)
                0x0000000008002858                z_impl_k_sched_current_thread_query
 .text.z_thread_abort
                0x0000000008002864      0x160 zephyr/kernel/libkernel.a(sched.c.obj)
                0x0000000008002864                z_thread_abort
 .text.z_sched_wait
                0x00000000080029c4       0x28 zephyr/kernel/libkernel.a(sched.c.obj)
                0x00000000080029c4                z_sched_wait
 .text.slice_timeout
                0x00000000080029ec       0x20 zephyr/kernel/libkernel.a(timeslicing.c.obj)
 .text.thread_is_sliceable
                0x0000000008002a0c       0x4c zephyr/kernel/libkernel.a(timeslicing.c.obj)
                0x0000000008002a0c                thread_is_sliceable
 .text.z_reset_time_slice
                0x0000000008002a58       0x50 zephyr/kernel/libkernel.a(timeslicing.c.obj)
                0x0000000008002a58                z_reset_time_slice
 .text.z_time_slice
                0x0000000008002aa8       0x70 zephyr/kernel/libkernel.a(timeslicing.c.obj)
                0x0000000008002aa8                z_time_slice
 .text.z_data_copy
                0x0000000008002b18       0x34 zephyr/kernel/libkernel.a(xip.c.obj)
                0x0000000008002b18                z_data_copy
 .text.first    0x0000000008002b4c       0x14 zephyr/kernel/libkernel.a(timeout.c.obj)
 .text.next     0x0000000008002b60       0x18 zephyr/kernel/libkernel.a(timeout.c.obj)
 .text.elapsed  0x0000000008002b78       0x18 zephyr/kernel/libkernel.a(timeout.c.obj)
 .text.z_add_timeout
                0x0000000008002b90      0x144 zephyr/kernel/libkernel.a(timeout.c.obj)
                0x0000000008002b90                z_add_timeout
 .text.sys_clock_announce
                0x0000000008002cd4       0xc4 zephyr/kernel/libkernel.a(timeout.c.obj)
                0x0000000008002cd4                sys_clock_announce
 .text.sys_clock_tick_get
                0x0000000008002d98       0x40 zephyr/kernel/libkernel.a(timeout.c.obj)
                0x0000000008002d98                sys_clock_tick_get
 .text.z_timer_expiration_handler
                0x0000000008002dd8       0xf4 zephyr/kernel/libkernel.a(timer.c.obj)
                0x0000000008002dd8                z_timer_expiration_handler
 .text.z_impl_k_timer_start
                0x0000000008002ecc       0x80 zephyr/kernel/libkernel.a(timer.c.obj)
                0x0000000008002ecc                z_impl_k_timer_start
 .text.boot_banner
                0x0000000008002f4c       0x10 zephyr/kernel/libkernel.a(banner.c.obj)
                0x0000000008002f4c                boot_banner
 .text.k_sys_work_q_init
                0x0000000008002f5c       0x2c zephyr/kernel/libkernel.a(system_work_q.c.obj)
 .text.__l_vfprintf
                0x0000000008002f88      0x4b8 /home/alextran/zephyr-sdk-0.17.0/arm-zephyr-eabi/bin/../lib/gcc/../../picolibc/arm-zephyr-eabi/lib/thumb/v7e-m/nofp/libc.a(libc_tinystdio_vflprintf.c.o)
                0x0000000008002f88                __l_vfprintf
 .text._OffsetAbsSyms
                0x0000000008003440        0x2 zephyr/CMakeFiles/offsets.dir/./arch/arm/core/offsets/offsets.c.obj
                0x0000000008003440                _OffsetAbsSyms
 .text.z_impl_gpio_pin_configure
                0x0000000008003442       0x50 app/libapp.a(main.c.obj)
 .text.gpio_pin_configure_dt
                0x0000000008003492       0x16 app/libapp.a(main.c.obj)
 .text.gpio_pin_toggle_dt
                0x00000000080034a8       0x14 app/libapp.a(main.c.obj)
 .text.free_list_add_bidx
                0x00000000080034bc       0x4e zephyr/libzephyr.a(heap.c.obj)
 .text.free_list_add
                0x000000000800350a       0x18 zephyr/libzephyr.a(heap.c.obj)
 .text.sys_heap_init
                0x0000000008003522       0x84 zephyr/libzephyr.a(heap.c.obj)
                0x0000000008003522                sys_heap_init
 .text.arch_printk_char_out
                0x00000000080035a6        0x4 zephyr/libzephyr.a(printk.c.obj)
                0x00000000080035a6                arch_printk_char_out
 .text.printk   0x00000000080035aa       0x1c zephyr/libzephyr.a(printk.c.obj)
                0x00000000080035aa                printk
 .text._ConfigAbsSyms
                0x00000000080035c6        0x2 zephyr/libzephyr.a(configs.c.obj)
                0x00000000080035c6                _ConfigAbsSyms
 .text.z_arm_fatal_error
                0x00000000080035c8       0x12 zephyr/arch/arch/arm/core/libarch__arm__core.a(fatal.c.obj)
                0x00000000080035c8                z_arm_fatal_error
 .text.z_do_kernel_oops
                0x00000000080035da        0xc zephyr/arch/arch/arm/core/libarch__arm__core.a(fatal.c.obj)
                0x00000000080035da                z_do_kernel_oops
 .text.memory_fault_recoverable
                0x00000000080035e6        0x4 zephyr/arch/arch/arm/core/cortex_m/libarch__arm__core__cortex_m.a(fault.c.obj)
 .text.debug_monitor
                0x00000000080035ea        0x6 zephyr/arch/arch/arm/core/cortex_m/libarch__arm__core__cortex_m.a(fault.c.obj)
 .text.fault_handle
                0x00000000080035f0       0x46 zephyr/arch/arch/arm/core/cortex_m/libarch__arm__core__cortex_m.a(fault.c.obj)
 .text.arm_irq_enable
                0x0000000008003636        0xa zephyr/arch/arch/arm/core/cortex_m/libarch__arm__core__cortex_m.a(irq_manage.c.obj)
                0x0000000008003636                arm_irq_enable
 .text.arm_irq_priority_set
                0x0000000008003640        0xc zephyr/arch/arch/arm/core/cortex_m/libarch__arm__core__cortex_m.a(irq_manage.c.obj)
                0x0000000008003640                arm_irq_priority_set
 .text.z_irq_spurious
                0x000000000800364c        0xc zephyr/arch/arch/arm/core/cortex_m/libarch__arm__core__cortex_m.a(irq_manage.c.obj)
                0x000000000800364c                z_irq_spurious
 .text.arch_irq_unlock_outlined
                0x0000000008003658        0xe zephyr/arch/arch/arm/core/cortex_m/libarch__arm__core__cortex_m.a(thread.c.obj)
                0x0000000008003658                arch_irq_unlock_outlined
 .text.arch_cpu_idle
                0x0000000008003666       0x1a zephyr/arch/arch/arm/core/cortex_m/libarch__arm__core__cortex_m.a(cpu_idle.c.obj)
                0x0000000008003666                arch_cpu_idle
 .text.mpu_partition_is_valid
                0x0000000008003680       0x22 zephyr/arch/arch/arm/core/mpu/libarch__arm__core__mpu.a(arm_mpu.c.obj)
 .text.mpu_configure_region
                0x00000000080036a2       0x3e zephyr/arch/arch/arm/core/mpu/libarch__arm__core__mpu.a(arm_mpu.c.obj)
 .text.mpu_configure_regions
                0x00000000080036e0       0x50 zephyr/arch/arch/arm/core/mpu/libarch__arm__core__mpu.a(arm_mpu.c.obj)
 .text.mpu_configure_regions_from_dt
                0x0000000008003730      0x1b0 zephyr/arch/arch/arm/core/mpu/libarch__arm__core__mpu.a(arm_mpu.c.obj)
 .text.arm_core_mpu_configure_static_mpu_regions
                0x00000000080038e0        0x8 zephyr/arch/arch/arm/core/mpu/libarch__arm__core__mpu.a(arm_mpu.c.obj)
                0x00000000080038e0                arm_core_mpu_configure_static_mpu_regions
 .text.arm_core_mpu_configure_dynamic_mpu_regions
                0x00000000080038e8        0x8 zephyr/arch/arch/arm/core/mpu/libarch__arm__core__mpu.a(arm_mpu.c.obj)
                0x00000000080038e8                arm_core_mpu_configure_dynamic_mpu_regions
 .text.picolibc_put
                0x00000000080038f0        0xa zephyr/lib/libc/picolibc/liblib__libc__picolibc.a(stdio.c.obj)
 .text.stm32_exti_init
                0x00000000080038fa       0x94 zephyr/drivers/interrupt_controller/libdrivers__interrupt_controller.a(intc_exti_stm32.c.obj)
 .text.stm32_gpio_intc_get_pin_irq_line
                0x000000000800398e        0x6 zephyr/drivers/interrupt_controller/libdrivers__interrupt_controller.a(intc_exti_stm32.c.obj)
                0x000000000800398e                stm32_gpio_intc_get_pin_irq_line
 .text.stm32_exti_set_line_src_port
                0x0000000008003994       0x1c zephyr/drivers/interrupt_controller/libdrivers__interrupt_controller.a(intc_exti_stm32.c.obj)
                0x0000000008003994                stm32_exti_set_line_src_port
 .text.stm32_exti_get_line_src_port
                0x00000000080039b0       0x1a zephyr/drivers/interrupt_controller/libdrivers__interrupt_controller.a(intc_exti_stm32.c.obj)
                0x00000000080039b0                stm32_exti_get_line_src_port
 .text.get_pll_div_frequency
                0x00000000080039ca        0xe zephyr/drivers/clock_control/libdrivers__clock_control.a(clock_stm32_ll_common.c.obj)
 .text.get_bus_clock
                0x00000000080039d8        0x6 zephyr/drivers/clock_control/libdrivers__clock_control.a(clock_stm32_ll_common.c.obj)
 .text.stm32_clock_control_on
                0x00000000080039de       0x44 zephyr/drivers/clock_control/libdrivers__clock_control.a(clock_stm32_ll_common.c.obj)
 .text.stm32_clock_control_off
                0x0000000008003a22       0x2e zephyr/drivers/clock_control/libdrivers__clock_control.a(clock_stm32_ll_common.c.obj)
 .text.enabled_clock
                0x0000000008003a50       0x1e zephyr/drivers/clock_control/libdrivers__clock_control.a(clock_stm32_ll_common.c.obj)
                0x0000000008003a50                enabled_clock
 .text.stm32_clock_control_configure
                0x0000000008003a6e       0x56 zephyr/drivers/clock_control/libdrivers__clock_control.a(clock_stm32_ll_common.c.obj)
 .text.stm32_clock_control_get_status
                0x0000000008003ac4       0x3a zephyr/drivers/clock_control/libdrivers__clock_control.a(clock_stm32_ll_common.c.obj)
 .text.config_regulator_voltage
                0x0000000008003afe        0x2 zephyr/drivers/clock_control/libdrivers__clock_control.a(clock_stm32_ll_common.c.obj)
                0x0000000008003afe                config_regulator_voltage
 .text.get_pll_source
                0x0000000008003b00        0x6 zephyr/drivers/clock_control/libdrivers__clock_control.a(clock_stm32f2_f4_f7.c.obj)
 .text.sys_slist_remove
                0x0000000008003b06       0x26 zephyr/drivers/gpio/libdrivers__gpio.a(gpio_stm32.c.obj)
 .text.sys_slist_find_and_remove
                0x0000000008003b2c       0x20 zephyr/drivers/gpio/libdrivers__gpio.a(gpio_stm32.c.obj)
 .text.gpio_manage_callback
                0x0000000008003b4c       0x3e zephyr/drivers/gpio/libdrivers__gpio.a(gpio_stm32.c.obj)
 .text.gpio_fire_callbacks
                0x0000000008003b8a       0x40 zephyr/drivers/gpio/libdrivers__gpio.a(gpio_stm32.c.obj)
 .text.gpio_stm32_isr
                0x0000000008003bca       0x10 zephyr/drivers/gpio/libdrivers__gpio.a(gpio_stm32.c.obj)
 .text.gpio_stm32_flags_to_conf
                0x0000000008003bda       0xa8 zephyr/drivers/gpio/libdrivers__gpio.a(gpio_stm32.c.obj)
 .text.gpio_stm32_port_get_raw
                0x0000000008003c82        0xc zephyr/drivers/gpio/libdrivers__gpio.a(gpio_stm32.c.obj)
 .text.gpio_stm32_port_set_masked_raw
                0x0000000008003c8e       0x12 zephyr/drivers/gpio/libdrivers__gpio.a(gpio_stm32.c.obj)
 .text.gpio_stm32_port_set_bits_raw
                0x0000000008003ca0        0xa zephyr/drivers/gpio/libdrivers__gpio.a(gpio_stm32.c.obj)
 .text.gpio_stm32_port_clear_bits_raw
                0x0000000008003caa        0xc zephyr/drivers/gpio/libdrivers__gpio.a(gpio_stm32.c.obj)
 .text.gpio_stm32_port_toggle_bits
                0x0000000008003cb6        0xe zephyr/drivers/gpio/libdrivers__gpio.a(gpio_stm32.c.obj)
 .text.gpio_stm32_manage_callback
                0x0000000008003cc4        0xc zephyr/drivers/gpio/libdrivers__gpio.a(gpio_stm32.c.obj)
 .text.LL_GPIO_SetPinMode
                0x0000000008003cd0       0x3a zephyr/drivers/gpio/libdrivers__gpio.a(gpio_stm32.c.obj)
 .text.LL_GPIO_SetPinSpeed
                0x0000000008003d0a       0x3a zephyr/drivers/gpio/libdrivers__gpio.a(gpio_stm32.c.obj)
 .text.LL_GPIO_SetPinPull
                0x0000000008003d44       0x3a zephyr/drivers/gpio/libdrivers__gpio.a(gpio_stm32.c.obj)
 .text.LL_GPIO_SetAFPin_0_7
                0x0000000008003d7e       0x3a zephyr/drivers/gpio/libdrivers__gpio.a(gpio_stm32.c.obj)
 .text.LL_GPIO_SetAFPin_8_15
                0x0000000008003db8       0x3c zephyr/drivers/gpio/libdrivers__gpio.a(gpio_stm32.c.obj)
 .text.gpio_stm32_configure_raw
                0x0000000008003df4       0x70 zephyr/drivers/gpio/libdrivers__gpio.a(gpio_stm32.c.obj)
 .text.gpio_stm32_config
                0x0000000008003e64       0x98 zephyr/drivers/gpio/libdrivers__gpio.a(gpio_stm32.c.obj)
 .text.gpio_stm32_disable_pin_irqs
                0x0000000008003efc       0x30 zephyr/drivers/gpio/libdrivers__gpio.a(gpio_stm32.c.obj)
 .text.gpio_stm32_configure
                0x0000000008003f2c       0x34 zephyr/drivers/gpio/libdrivers__gpio.a(gpio_stm32.c.obj)
                0x0000000008003f2c                gpio_stm32_configure
 .text.pinctrl_lookup_state
                0x0000000008003f60       0x32 zephyr/drivers/pinctrl/libdrivers__pinctrl.a(common.c.obj)
                0x0000000008003f60                pinctrl_lookup_state
 .text.pinctrl_configure_pins
                0x0000000008003f92       0x5e zephyr/drivers/pinctrl/libdrivers__pinctrl.a(pinctrl_stm32.c.obj)
                0x0000000008003f92                pinctrl_configure_pins
 .text.reset_stm32_status
                0x0000000008003ff0       0x20 zephyr/drivers/reset/libdrivers__reset.a(reset_stm32.c.obj)
 .text.reset_stm32_line_assert
                0x0000000008004010       0x1e zephyr/drivers/reset/libdrivers__reset.a(reset_stm32.c.obj)
 .text.reset_stm32_line_deassert
                0x000000000800402e       0x20 zephyr/drivers/reset/libdrivers__reset.a(reset_stm32.c.obj)
 .text.reset_stm32_line_toggle
                0x000000000800404e       0x16 zephyr/drivers/reset/libdrivers__reset.a(reset_stm32.c.obj)
 .text.reset_line_toggle
                0x0000000008004064       0x12 zephyr/drivers/serial/libdrivers__serial.a(uart_stm32.c.obj)
 .text.uart_stm32_set_baudrate
                0x0000000008004076       0x36 zephyr/drivers/serial/libdrivers__serial.a(uart_stm32.c.obj)
 .text.uart_stm32_parameters_set
                0x00000000080040ac      0x114 zephyr/drivers/serial/libdrivers__serial.a(uart_stm32.c.obj)
 .text.uart_stm32_config_get
                0x00000000080041c0       0x94 zephyr/drivers/serial/libdrivers__serial.a(uart_stm32.c.obj)
 .text.uart_stm32_poll_in_visitor
                0x0000000008004254       0x34 zephyr/drivers/serial/libdrivers__serial.a(uart_stm32.c.obj)
 .text.uart_stm32_poll_out_visitor
                0x0000000008004288       0x3a zephyr/drivers/serial/libdrivers__serial.a(uart_stm32.c.obj)
 .text.poll_in_u8
                0x00000000080042c2        0x6 zephyr/drivers/serial/libdrivers__serial.a(uart_stm32.c.obj)
 .text.poll_out_u8
                0x00000000080042c8        0x6 zephyr/drivers/serial/libdrivers__serial.a(uart_stm32.c.obj)
 .text.uart_stm32_err_check
                0x00000000080042ce       0x98 zephyr/drivers/serial/libdrivers__serial.a(uart_stm32.c.obj)
 .text.uart_stm32_registers_configure
                0x0000000008004366       0x62 zephyr/drivers/serial/libdrivers__serial.a(uart_stm32.c.obj)
 .text.pinctrl_apply_state
                0x00000000080043c8       0x20 zephyr/drivers/serial/libdrivers__serial.a(uart_stm32.c.obj)
 .text.uart_stm32_init
                0x00000000080043e8       0x28 zephyr/drivers/serial/libdrivers__serial.a(uart_stm32.c.obj)
 .text.z_impl_device_is_ready
                0x0000000008004410       0x20 zephyr/kernel/libkernel.a(device.c.obj)
                0x0000000008004410                z_impl_device_is_ready
 .text.arch_system_halt
                0x0000000008004430       0x10 zephyr/kernel/libkernel.a(fatal.c.obj)
                0x0000000008004430                arch_system_halt
 .text.k_sys_fatal_error_handler
                0x0000000008004440        0x6 zephyr/kernel/libkernel.a(fatal.c.obj)
                0x0000000008004440                k_sys_fatal_error_handler
 .text.do_device_init
                0x0000000008004446       0x2e zephyr/kernel/libkernel.a(init.c.obj)
 .text.z_early_memset
                0x0000000008004474        0x8 zephyr/kernel/libkernel.a(init.c.obj)
                0x0000000008004474                z_early_memset
 .text.z_early_memcpy
                0x000000000800447c        0x8 zephyr/kernel/libkernel.a(init.c.obj)
                0x000000000800447c                z_early_memcpy
 .text.idle     0x0000000008004484       0x16 zephyr/kernel/libkernel.a(idle.c.obj)
                0x0000000008004484                idle
 .text.arch_spin_relax
                0x000000000800449a        0x4 zephyr/kernel/libkernel.a(idle.c.obj)
                0x000000000800449a                arch_spin_relax
 .text.sys_slist_remove
                0x000000000800449e       0x26 zephyr/kernel/libkernel.a(work.c.obj)
 .text.notify_queue_locked
                0x00000000080044c4       0x14 zephyr/kernel/libkernel.a(work.c.obj)
 .text.submit_to_queue_locked
                0x00000000080044d8       0x60 zephyr/kernel/libkernel.a(work.c.obj)
 .text.z_reschedule_unlocked
                0x0000000008004538       0x16 zephyr/kernel/libkernel.a(work.c.obj)
 .text.finalize_flush_locked
                0x000000000800454e       0x12 zephyr/kernel/libkernel.a(work.c.obj)
 .text.z_work_submit_to_queue
                0x0000000008004560       0x28 zephyr/kernel/libkernel.a(work.c.obj)
                0x0000000008004560                z_work_submit_to_queue
 .text.k_work_submit_to_queue
                0x0000000008004588       0x14 zephyr/kernel/libkernel.a(work.c.obj)
                0x0000000008004588                k_work_submit_to_queue
 .text.setup_thread_stack
                0x000000000800459c       0x46 zephyr/kernel/libkernel.a(thread.c.obj)
 .text.k_is_in_isr
                0x00000000080045e2        0xc zephyr/kernel/libkernel.a(thread.c.obj)
                0x00000000080045e2                k_is_in_isr
 .text.z_impl_k_thread_name_set
                0x00000000080045ee        0x6 zephyr/kernel/libkernel.a(thread.c.obj)
                0x00000000080045ee                z_impl_k_thread_name_set
 .text.z_init_thread_base
                0x00000000080045f4       0x16 zephyr/kernel/libkernel.a(thread.c.obj)
                0x00000000080045f4                z_init_thread_base
 .text.z_impl_k_thread_create
                0x000000000800460a       0x44 zephyr/kernel/libkernel.a(thread.c.obj)
                0x000000000800460a                z_impl_k_thread_create
 .text.thread_active_elsewhere
                0x000000000800464e        0x4 zephyr/kernel/libkernel.a(sched.c.obj)
 .text.add_to_waitq_locked
                0x0000000008004652       0x64 zephyr/kernel/libkernel.a(sched.c.obj)
 .text.z_abort_thread_timeout
                0x00000000080046b6        0xa zephyr/kernel/libkernel.a(sched.c.obj)
 .text.unpend_all
                0x00000000080046c0       0x44 zephyr/kernel/libkernel.a(sched.c.obj)
 .text.pend_locked
                0x0000000008004704       0x18 zephyr/kernel/libkernel.a(sched.c.obj)
 .text.z_ready_thread
                0x000000000800471c       0x36 zephyr/kernel/libkernel.a(sched.c.obj)
                0x000000000800471c                z_ready_thread
 .text.z_unpend_thread_no_timeout
                0x0000000008004752       0x40 zephyr/kernel/libkernel.a(sched.c.obj)
                0x0000000008004752                z_unpend_thread_no_timeout
 .text.z_sched_wake_thread
                0x0000000008004792       0x5a zephyr/kernel/libkernel.a(sched.c.obj)
                0x0000000008004792                z_sched_wake_thread
 .text.z_thread_timeout
                0x00000000080047ec        0xc zephyr/kernel/libkernel.a(sched.c.obj)
                0x00000000080047ec                z_thread_timeout
 .text.z_reschedule_unlocked
                0x00000000080047f8       0x16 zephyr/kernel/libkernel.a(sched.c.obj)
 .text.init_ready_q
                0x000000000800480e        0x8 zephyr/kernel/libkernel.a(sched.c.obj)
                0x000000000800480e                init_ready_q
 .text.z_sched_wake
                0x0000000008004816       0x6c zephyr/kernel/libkernel.a(sched.c.obj)
                0x0000000008004816                z_sched_wake
 .text.remove_timeout
                0x0000000008004882       0x2e zephyr/kernel/libkernel.a(timeout.c.obj)
 .text.next_timeout
                0x00000000080048b0       0x36 zephyr/kernel/libkernel.a(timeout.c.obj)
 .text.z_abort_timeout
                0x00000000080048e6       0x5e zephyr/kernel/libkernel.a(timeout.c.obj)
                0x00000000080048e6                z_abort_timeout
 .text.z_impl_k_uptime_ticks
                0x0000000008004944        0x8 zephyr/kernel/libkernel.a(timeout.c.obj)
                0x0000000008004944                z_impl_k_uptime_ticks
 .text.memcpy   0x000000000800494c       0x1c /home/alextran/zephyr-sdk-0.17.0/arm-zephyr-eabi/bin/../lib/gcc/../../picolibc/arm-zephyr-eabi/lib/thumb/v7e-m/nofp/libc.a(memcpy.c.o)
                0x000000000800494c                memcpy
                0x000000000800494c                __aeabi_memcpy
                0x000000000800494c                __aeabi_memcpy4
                0x000000000800494c                __aeabi_memcpy8
 .text.memset   0x0000000008004968       0x10 /home/alextran/zephyr-sdk-0.17.0/arm-zephyr-eabi/bin/../lib/gcc/../../picolibc/arm-zephyr-eabi/lib/thumb/v7e-m/nofp/libc.a(memset.c.o)
                0x0000000008004968                memset
 .text.strnlen  0x0000000008004978       0x18 /home/alextran/zephyr-sdk-0.17.0/arm-zephyr-eabi/bin/../lib/gcc/../../picolibc/arm-zephyr-eabi/lib/thumb/v7e-m/nofp/libc.a(libc_string_strnlen.c.o)
                0x0000000008004978                strnlen
 .text.__ultoa_invert
                0x0000000008004990       0xae /home/alextran/zephyr-sdk-0.17.0/arm-zephyr-eabi/bin/../lib/gcc/../../picolibc/arm-zephyr-eabi/lib/thumb/v7e-m/nofp/libc.a(libc_tinystdio_vflprintf.c.o)
 *(SORT_BY_ALIGNMENT(.TEXT.*))
 *fill*         0x0000000008004a3e        0x2 
 .TEXT.__aeabi_read_tp
                0x0000000008004a40        0xc zephyr/arch/arch/arm/core/cortex_m/libarch__arm__core__cortex_m.a(__aeabi_read_tp.S.obj)
                0x0000000008004a40                __aeabi_read_tp
 *(SORT_BY_ALIGNMENT(.gnu.linkonce.t.*))
 *(SORT_BY_ALIGNMENT(.glue_7t))
 .glue_7t       0x0000000008004a4c        0x0 linker stubs
 *(SORT_BY_ALIGNMENT(.glue_7))
 .glue_7        0x0000000008004a4c        0x0 linker stubs
 *(SORT_BY_ALIGNMENT(.vfp11_veneer))
 .vfp11_veneer  0x0000000008004a4c        0x0 linker stubs
 *(SORT_BY_ALIGNMENT(.v4_bx))
 .v4_bx         0x0000000008004a4c        0x0 linker stubs
                0x0000000008004a4c                . = ALIGN (0x4)
                0x0000000008004a4c                __text_region_end = .

.ARM.exidx      0x0000000008004a4c        0x8
                0x0000000008004a4c                __exidx_start = .
 *(SORT_BY_ALIGNMENT(.ARM.exidx*) SORT_BY_ALIGNMENT(gnu.linkonce.armexidx.*))
 .ARM.exidx     0x0000000008004a4c        0x8 /home/alextran/zephyr-sdk-0.17.0/arm-zephyr-eabi/bin/../lib/gcc/arm-zephyr-eabi/12.2.0/thumb/v7e-m/nofp/libgcc.a(_udivmoddi4.o)
                0x0000000008004a54                __exidx_end = .
                0x0000000008004a54                __rodata_region_start = .

initlevel       0x0000000008004a54       0x90
                0x0000000008004a54                __init_start = .
                0x0000000008004a54                __init_EARLY_start = .
 *(SORT_BY_NAME(SORT_BY_ALIGNMENT(.z_init_EARLY_P_?_*)))
 *(SORT_BY_NAME(SORT_BY_ALIGNMENT(.z_init_EARLY_P_??_*)))
 *(SORT_BY_NAME(SORT_BY_ALIGNMENT(.z_init_EARLY_P_???_*)))
                0x0000000008004a54                __init_PRE_KERNEL_1_start = .
 *(SORT_BY_NAME(SORT_BY_ALIGNMENT(.z_init_PRE_KERNEL_1_P_?_*)))
 .z_init_PRE_KERNEL_1_P_1_SUB_00009_
                0x0000000008004a54        0x8 zephyr/drivers/clock_control/libdrivers__clock_control.a(clock_stm32_ll_common.c.obj)
 .z_init_PRE_KERNEL_1_P_1_SUB_0_
                0x0000000008004a5c        0x8 zephyr/libzephyr.a(soc_config.c.obj)
 *(SORT_BY_NAME(SORT_BY_ALIGNMENT(.z_init_PRE_KERNEL_1_P_??_*)))
 .z_init_PRE_KERNEL_1_P_35_SUB_00049_
                0x0000000008004a64        0x8 zephyr/drivers/reset/libdrivers__reset.a(reset_stm32.c.obj)
 .z_init_PRE_KERNEL_1_P_40_SUB_00037_
                0x0000000008004a6c        0x8 zephyr/drivers/gpio/libdrivers__gpio.a(gpio_stm32.c.obj)
 .z_init_PRE_KERNEL_1_P_40_SUB_00040_
                0x0000000008004a74        0x8 zephyr/drivers/gpio/libdrivers__gpio.a(gpio_stm32.c.obj)
 .z_init_PRE_KERNEL_1_P_40_SUB_00069_
                0x0000000008004a7c        0x8 zephyr/drivers/interrupt_controller/libdrivers__interrupt_controller.a(intc_exti_stm32.c.obj)
 .z_init_PRE_KERNEL_1_P_40_SUB_00107_
                0x0000000008004a84        0x8 zephyr/drivers/gpio/libdrivers__gpio.a(gpio_stm32.c.obj)
 .z_init_PRE_KERNEL_1_P_40_SUB_00108_
                0x0000000008004a8c        0x8 zephyr/drivers/gpio/libdrivers__gpio.a(gpio_stm32.c.obj)
 .z_init_PRE_KERNEL_1_P_40_SUB_00109_
                0x0000000008004a94        0x8 zephyr/drivers/gpio/libdrivers__gpio.a(gpio_stm32.c.obj)
 .z_init_PRE_KERNEL_1_P_40_SUB_00110_
                0x0000000008004a9c        0x8 zephyr/drivers/gpio/libdrivers__gpio.a(gpio_stm32.c.obj)
 .z_init_PRE_KERNEL_1_P_40_SUB_00111_
                0x0000000008004aa4        0x8 zephyr/drivers/gpio/libdrivers__gpio.a(gpio_stm32.c.obj)
 .z_init_PRE_KERNEL_1_P_40_SUB_00112_
                0x0000000008004aac        0x8 zephyr/drivers/gpio/libdrivers__gpio.a(gpio_stm32.c.obj)
 .z_init_PRE_KERNEL_1_P_50_SUB_00074_
                0x0000000008004ab4        0x8 zephyr/drivers/serial/libdrivers__serial.a(uart_stm32.c.obj)
 .z_init_PRE_KERNEL_1_P_50_SUB_00080_
                0x0000000008004abc        0x8 zephyr/drivers/serial/libdrivers__serial.a(uart_stm32.c.obj)
 .z_init_PRE_KERNEL_1_P_60_SUB_0_
                0x0000000008004ac4        0x8 zephyr/drivers/console/libdrivers__console.a(uart_console.c.obj)
 *(SORT_BY_NAME(SORT_BY_ALIGNMENT(.z_init_PRE_KERNEL_1_P_???_*)))
                0x0000000008004acc                __init_PRE_KERNEL_2_start = .
 *(SORT_BY_NAME(SORT_BY_ALIGNMENT(.z_init_PRE_KERNEL_2_P_?_*)))
 .z_init_PRE_KERNEL_2_P_0_SUB_0_
                0x0000000008004acc        0x8 zephyr/drivers/timer/libdrivers__timer.a(cortex_m_systick.c.obj)
 *(SORT_BY_NAME(SORT_BY_ALIGNMENT(.z_init_PRE_KERNEL_2_P_??_*)))
 *(SORT_BY_NAME(SORT_BY_ALIGNMENT(.z_init_PRE_KERNEL_2_P_???_*)))
                0x0000000008004ad4                __init_POST_KERNEL_start = .
 *(SORT_BY_NAME(SORT_BY_ALIGNMENT(.z_init_POST_KERNEL_P_?_*)))
 *(SORT_BY_NAME(SORT_BY_ALIGNMENT(.z_init_POST_KERNEL_P_??_*)))
 .z_init_POST_KERNEL_P_35_SUB_0_
                0x0000000008004ad4        0x8 zephyr/lib/libc/common/liblib__libc__common.a(malloc.c.obj)
 .z_init_POST_KERNEL_P_40_SUB_0_
                0x0000000008004adc        0x8 zephyr/kernel/libkernel.a(system_work_q.c.obj)
 *(SORT_BY_NAME(SORT_BY_ALIGNMENT(.z_init_POST_KERNEL_P_???_*)))
                0x0000000008004ae4                __init_APPLICATION_start = .
 *(SORT_BY_NAME(SORT_BY_ALIGNMENT(.z_init_APPLICATION_P_?_*)))
 *(SORT_BY_NAME(SORT_BY_ALIGNMENT(.z_init_APPLICATION_P_??_*)))
 *(SORT_BY_NAME(SORT_BY_ALIGNMENT(.z_init_APPLICATION_P_???_*)))
                0x0000000008004ae4                __init_SMP_start = .
 *(SORT_BY_NAME(SORT_BY_ALIGNMENT(.z_init_SMP_P_?_*)))
 *(SORT_BY_NAME(SORT_BY_ALIGNMENT(.z_init_SMP_P_??_*)))
 *(SORT_BY_NAME(SORT_BY_ALIGNMENT(.z_init_SMP_P_???_*)))
                0x0000000008004ae4                __init_end = .

device_area     0x0000000008004ae4      0x1a0
                0x0000000008004ae4                _device_list_start = .
 *(SORT_BY_NAME(SORT_BY_ALIGNMENT(._device.static.*_?_*)))
 ._device.static.1_1_
                0x0000000008004ae4       0x20 zephyr/drivers/clock_control/libdrivers__clock_control.a(clock_stm32_ll_common.c.obj)
                0x0000000008004ae4                __device_dts_ord_9
 *(SORT_BY_NAME(SORT_BY_ALIGNMENT(._device.static.*_??_*)))
 ._device.static.1_35_
                0x0000000008004b04       0x20 zephyr/drivers/reset/libdrivers__reset.a(reset_stm32.c.obj)
                0x0000000008004b04                __device_dts_ord_49
 ._device.static.1_40_
                0x0000000008004b24       0x20 zephyr/drivers/interrupt_controller/libdrivers__interrupt_controller.a(intc_exti_stm32.c.obj)
                0x0000000008004b24                __device_dts_ord_69
 ._device.static.1_40_
                0x0000000008004b44      0x100 zephyr/drivers/gpio/libdrivers__gpio.a(gpio_stm32.c.obj)
                0x0000000008004b44                __device_dts_ord_112
                0x0000000008004b64                __device_dts_ord_111
                0x0000000008004b84                __device_dts_ord_110
                0x0000000008004ba4                __device_dts_ord_109
                0x0000000008004bc4                __device_dts_ord_108
                0x0000000008004be4                __device_dts_ord_37
                0x0000000008004c04                __device_dts_ord_107
                0x0000000008004c24                __device_dts_ord_40
 ._device.static.1_50_
                0x0000000008004c44       0x40 zephyr/drivers/serial/libdrivers__serial.a(uart_stm32.c.obj)
                0x0000000008004c44                __device_dts_ord_74
                0x0000000008004c64                __device_dts_ord_80
 *(SORT_BY_NAME(SORT_BY_ALIGNMENT(._device.static.*_???_*)))
 *(SORT_BY_NAME(SORT_BY_ALIGNMENT(._device.static.*_????_*)))
 *(SORT_BY_NAME(SORT_BY_ALIGNMENT(._device.static.*_?????_*)))
                0x0000000008004c84                _device_list_end = .

sw_isr_table    0x0000000008004c84      0x308
                0x0000000008004c84                . = ALIGN (0x4)
 *(SORT_BY_ALIGNMENT(.gnu.linkonce.sw_isr_table*))
 .gnu.linkonce.sw_isr_table
                0x0000000008004c84      0x308 zephyr/CMakeFiles/zephyr_final.dir/isr_tables.c.obj
                0x0000000008004c84                _sw_isr_table

initlevel_error
                0x0000000008004a54        0x0
 *(SORT_BY_NAME(SORT_BY_ALIGNMENT(.z_init_*)))
                0x0000000000000001                ASSERT ((SIZEOF (initlevel_error) == 0x0), Undefined initialization levels used.)

app_shmem_regions
                0x0000000008004f8c        0x0
                0x0000000008004f8c                __app_shmem_regions_start = .
 *(SORT_BY_NAME(SORT_BY_ALIGNMENT(.app_regions.*)))
                0x0000000008004f8c                __app_shmem_regions_end = .

k_p4wq_initparam_area
                0x0000000008004f8c        0x0
                0x0000000008004f8c                _k_p4wq_initparam_list_start = .
 *(SORT_BY_NAME(SORT_BY_ALIGNMENT(._k_p4wq_initparam.static.*)))
                0x0000000008004f8c                _k_p4wq_initparam_list_end = .

_static_thread_data_area
                0x0000000008004f8c        0x0
                0x0000000008004f8c                __static_thread_data_list_start = .
 *(SORT_BY_NAME(SORT_BY_ALIGNMENT(.__static_thread_data.static.*)))
                0x0000000008004f8c                __static_thread_data_list_end = .

device_deps     0x0000000008004f8c        0x0
                0x0000000008004f8c                __device_deps_start = .
 *(SORT_BY_NAME(SORT_BY_ALIGNMENT(.__device_deps_pass2*)))
                0x0000000008004f8c                __device_deps_end = .

gpio_driver_api_area
                0x0000000008004f8c       0x24
                0x0000000008004f8c                _gpio_driver_api_list_start = .
 *(SORT_BY_NAME(SORT_BY_ALIGNMENT(._gpio_driver_api.static.*)))
 ._gpio_driver_api.static.gpio_stm32_driver_
                0x0000000008004f8c       0x24 zephyr/drivers/gpio/libdrivers__gpio.a(gpio_stm32.c.obj)
                0x0000000008004fb0                _gpio_driver_api_list_end = .

reset_driver_api_area
                0x0000000008004fb0       0x10
                0x0000000008004fb0                _reset_driver_api_list_start = .
 *(SORT_BY_NAME(SORT_BY_ALIGNMENT(._reset_driver_api.static.*)))
 ._reset_driver_api.static.reset_stm32_driver_api_
                0x0000000008004fb0       0x10 zephyr/drivers/reset/libdrivers__reset.a(reset_stm32.c.obj)
                0x0000000008004fc0                _reset_driver_api_list_end = .

shared_irq_driver_api_area
                0x0000000008004fc0        0x0
                0x0000000008004fc0                _shared_irq_driver_api_list_start = .
 *(SORT_BY_NAME(SORT_BY_ALIGNMENT(._shared_irq_driver_api.static.*)))
                0x0000000008004fc0                _shared_irq_driver_api_list_end = .

crypto_driver_api_area
                0x0000000008004fc0        0x0
                0x0000000008004fc0                _crypto_driver_api_list_start = .
 *(SORT_BY_NAME(SORT_BY_ALIGNMENT(._crypto_driver_api.static.*)))
                0x0000000008004fc0                _crypto_driver_api_list_end = .

adc_driver_api_area
                0x0000000008004fc0        0x0
                0x0000000008004fc0                _adc_driver_api_list_start = .
 *(SORT_BY_NAME(SORT_BY_ALIGNMENT(._adc_driver_api.static.*)))
                0x0000000008004fc0                _adc_driver_api_list_end = .

auxdisplay_driver_api_area
                0x0000000008004fc0        0x0
                0x0000000008004fc0                _auxdisplay_driver_api_list_start = .
 *(SORT_BY_NAME(SORT_BY_ALIGNMENT(._auxdisplay_driver_api.static.*)))
                0x0000000008004fc0                _auxdisplay_driver_api_list_end = .

bbram_driver_api_area
                0x0000000008004fc0        0x0
                0x0000000008004fc0                _bbram_driver_api_list_start = .
 *(SORT_BY_NAME(SORT_BY_ALIGNMENT(._bbram_driver_api.static.*)))
                0x0000000008004fc0                _bbram_driver_api_list_end = .

bt_hci_driver_api_area
                0x0000000008004fc0        0x0
                0x0000000008004fc0                _bt_hci_driver_api_list_start = .
 *(SORT_BY_NAME(SORT_BY_ALIGNMENT(._bt_hci_driver_api.static.*)))
                0x0000000008004fc0                _bt_hci_driver_api_list_end = .

can_driver_api_area
                0x0000000008004fc0        0x0
                0x0000000008004fc0                _can_driver_api_list_start = .
 *(SORT_BY_NAME(SORT_BY_ALIGNMENT(._can_driver_api.static.*)))
                0x0000000008004fc0                _can_driver_api_list_end = .

cellular_driver_api_area
                0x0000000008004fc0        0x0
                0x0000000008004fc0                _cellular_driver_api_list_start = .
 *(SORT_BY_NAME(SORT_BY_ALIGNMENT(._cellular_driver_api.static.*)))
                0x0000000008004fc0                _cellular_driver_api_list_end = .

charger_driver_api_area
                0x0000000008004fc0        0x0
                0x0000000008004fc0                _charger_driver_api_list_start = .
 *(SORT_BY_NAME(SORT_BY_ALIGNMENT(._charger_driver_api.static.*)))
                0x0000000008004fc0                _charger_driver_api_list_end = .

clock_control_driver_api_area
                0x0000000008004fc0       0x1c
                0x0000000008004fc0                _clock_control_driver_api_list_start = .
 *(SORT_BY_NAME(SORT_BY_ALIGNMENT(._clock_control_driver_api.static.*)))
 ._clock_control_driver_api.static.stm32_clock_control_api_
                0x0000000008004fc0       0x1c zephyr/drivers/clock_control/libdrivers__clock_control.a(clock_stm32_ll_common.c.obj)
                0x0000000008004fdc                _clock_control_driver_api_list_end = .

comparator_driver_api_area
                0x0000000008004fdc        0x0
                0x0000000008004fdc                _comparator_driver_api_list_start = .
 *(SORT_BY_NAME(SORT_BY_ALIGNMENT(._comparator_driver_api.static.*)))
                0x0000000008004fdc                _comparator_driver_api_list_end = .

coredump_driver_api_area
                0x0000000008004fdc        0x0
                0x0000000008004fdc                _coredump_driver_api_list_start = .
 *(SORT_BY_NAME(SORT_BY_ALIGNMENT(._coredump_driver_api.static.*)))
                0x0000000008004fdc                _coredump_driver_api_list_end = .

counter_driver_api_area
                0x0000000008004fdc        0x0
                0x0000000008004fdc                _counter_driver_api_list_start = .
 *(SORT_BY_NAME(SORT_BY_ALIGNMENT(._counter_driver_api.static.*)))
                0x0000000008004fdc                _counter_driver_api_list_end = .

dac_driver_api_area
                0x0000000008004fdc        0x0
                0x0000000008004fdc                _dac_driver_api_list_start = .
 *(SORT_BY_NAME(SORT_BY_ALIGNMENT(._dac_driver_api.static.*)))
                0x0000000008004fdc                _dac_driver_api_list_end = .

dai_driver_api_area
                0x0000000008004fdc        0x0
                0x0000000008004fdc                _dai_driver_api_list_start = .
 *(SORT_BY_NAME(SORT_BY_ALIGNMENT(._dai_driver_api.static.*)))
                0x0000000008004fdc                _dai_driver_api_list_end = .

display_driver_api_area
                0x0000000008004fdc        0x0
                0x0000000008004fdc                _display_driver_api_list_start = .
 *(SORT_BY_NAME(SORT_BY_ALIGNMENT(._display_driver_api.static.*)))
                0x0000000008004fdc                _display_driver_api_list_end = .

dma_driver_api_area
                0x0000000008004fdc        0x0
                0x0000000008004fdc                _dma_driver_api_list_start = .
 *(SORT_BY_NAME(SORT_BY_ALIGNMENT(._dma_driver_api.static.*)))
                0x0000000008004fdc                _dma_driver_api_list_end = .

edac_driver_api_area
                0x0000000008004fdc        0x0
                0x0000000008004fdc                _edac_driver_api_list_start = .
 *(SORT_BY_NAME(SORT_BY_ALIGNMENT(._edac_driver_api.static.*)))
                0x0000000008004fdc                _edac_driver_api_list_end = .

eeprom_driver_api_area
                0x0000000008004fdc        0x0
                0x0000000008004fdc                _eeprom_driver_api_list_start = .
 *(SORT_BY_NAME(SORT_BY_ALIGNMENT(._eeprom_driver_api.static.*)))
                0x0000000008004fdc                _eeprom_driver_api_list_end = .

emul_bbram_driver_api_area
                0x0000000008004fdc        0x0
                0x0000000008004fdc                _emul_bbram_driver_api_list_start = .
 *(SORT_BY_NAME(SORT_BY_ALIGNMENT(._emul_bbram_driver_api.static.*)))
                0x0000000008004fdc                _emul_bbram_driver_api_list_end = .

fuel_gauge_emul_driver_api_area
                0x0000000008004fdc        0x0
                0x0000000008004fdc                _fuel_gauge_emul_driver_api_list_start = .
 *(SORT_BY_NAME(SORT_BY_ALIGNMENT(._fuel_gauge_emul_driver_api.static.*)))
                0x0000000008004fdc                _fuel_gauge_emul_driver_api_list_end = .

emul_sensor_driver_api_area
                0x0000000008004fdc        0x0
                0x0000000008004fdc                _emul_sensor_driver_api_list_start = .
 *(SORT_BY_NAME(SORT_BY_ALIGNMENT(._emul_sensor_driver_api.static.*)))
                0x0000000008004fdc                _emul_sensor_driver_api_list_end = .

entropy_driver_api_area
                0x0000000008004fdc        0x0
                0x0000000008004fdc                _entropy_driver_api_list_start = .
 *(SORT_BY_NAME(SORT_BY_ALIGNMENT(._entropy_driver_api.static.*)))
                0x0000000008004fdc                _entropy_driver_api_list_end = .

espi_driver_api_area
                0x0000000008004fdc        0x0
                0x0000000008004fdc                _espi_driver_api_list_start = .
 *(SORT_BY_NAME(SORT_BY_ALIGNMENT(._espi_driver_api.static.*)))
                0x0000000008004fdc                _espi_driver_api_list_end = .

espi_saf_driver_api_area
                0x0000000008004fdc        0x0
                0x0000000008004fdc                _espi_saf_driver_api_list_start = .
 *(SORT_BY_NAME(SORT_BY_ALIGNMENT(._espi_saf_driver_api.static.*)))
                0x0000000008004fdc                _espi_saf_driver_api_list_end = .

flash_driver_api_area
                0x0000000008004fdc        0x0
                0x0000000008004fdc                _flash_driver_api_list_start = .
 *(SORT_BY_NAME(SORT_BY_ALIGNMENT(._flash_driver_api.static.*)))
                0x0000000008004fdc                _flash_driver_api_list_end = .

fpga_driver_api_area
                0x0000000008004fdc        0x0
                0x0000000008004fdc                _fpga_driver_api_list_start = .
 *(SORT_BY_NAME(SORT_BY_ALIGNMENT(._fpga_driver_api.static.*)))
                0x0000000008004fdc                _fpga_driver_api_list_end = .

fuel_gauge_driver_api_area
                0x0000000008004fdc        0x0
                0x0000000008004fdc                _fuel_gauge_driver_api_list_start = .
 *(SORT_BY_NAME(SORT_BY_ALIGNMENT(._fuel_gauge_driver_api.static.*)))
                0x0000000008004fdc                _fuel_gauge_driver_api_list_end = .

gnss_driver_api_area
                0x0000000008004fdc        0x0
                0x0000000008004fdc                _gnss_driver_api_list_start = .
 *(SORT_BY_NAME(SORT_BY_ALIGNMENT(._gnss_driver_api.static.*)))
                0x0000000008004fdc                _gnss_driver_api_list_end = .

haptics_driver_api_area
                0x0000000008004fdc        0x0
                0x0000000008004fdc                _haptics_driver_api_list_start = .
 *(SORT_BY_NAME(SORT_BY_ALIGNMENT(._haptics_driver_api.static.*)))
                0x0000000008004fdc                _haptics_driver_api_list_end = .

hwspinlock_driver_api_area
                0x0000000008004fdc        0x0
                0x0000000008004fdc                _hwspinlock_driver_api_list_start = .
 *(SORT_BY_NAME(SORT_BY_ALIGNMENT(._hwspinlock_driver_api.static.*)))
                0x0000000008004fdc                _hwspinlock_driver_api_list_end = .

i2c_driver_api_area
                0x0000000008004fdc        0x0
                0x0000000008004fdc                _i2c_driver_api_list_start = .
 *(SORT_BY_NAME(SORT_BY_ALIGNMENT(._i2c_driver_api.static.*)))
                0x0000000008004fdc                _i2c_driver_api_list_end = .

i2c_target_driver_api_area
                0x0000000008004fdc        0x0
                0x0000000008004fdc                _i2c_target_driver_api_list_start = .
 *(SORT_BY_NAME(SORT_BY_ALIGNMENT(._i2c_target_driver_api.static.*)))
                0x0000000008004fdc                _i2c_target_driver_api_list_end = .

i2s_driver_api_area
                0x0000000008004fdc        0x0
                0x0000000008004fdc                _i2s_driver_api_list_start = .
 *(SORT_BY_NAME(SORT_BY_ALIGNMENT(._i2s_driver_api.static.*)))
                0x0000000008004fdc                _i2s_driver_api_list_end = .

i3c_driver_api_area
                0x0000000008004fdc        0x0
                0x0000000008004fdc                _i3c_driver_api_list_start = .
 *(SORT_BY_NAME(SORT_BY_ALIGNMENT(._i3c_driver_api.static.*)))
                0x0000000008004fdc                _i3c_driver_api_list_end = .

ipm_driver_api_area
                0x0000000008004fdc        0x0
                0x0000000008004fdc                _ipm_driver_api_list_start = .
 *(SORT_BY_NAME(SORT_BY_ALIGNMENT(._ipm_driver_api.static.*)))
                0x0000000008004fdc                _ipm_driver_api_list_end = .

led_driver_api_area
                0x0000000008004fdc        0x0
                0x0000000008004fdc                _led_driver_api_list_start = .
 *(SORT_BY_NAME(SORT_BY_ALIGNMENT(._led_driver_api.static.*)))
                0x0000000008004fdc                _led_driver_api_list_end = .

led_strip_driver_api_area
                0x0000000008004fdc        0x0
                0x0000000008004fdc                _led_strip_driver_api_list_start = .
 *(SORT_BY_NAME(SORT_BY_ALIGNMENT(._led_strip_driver_api.static.*)))
                0x0000000008004fdc                _led_strip_driver_api_list_end = .

lora_driver_api_area
                0x0000000008004fdc        0x0
                0x0000000008004fdc                _lora_driver_api_list_start = .
 *(SORT_BY_NAME(SORT_BY_ALIGNMENT(._lora_driver_api.static.*)))
                0x0000000008004fdc                _lora_driver_api_list_end = .

mbox_driver_api_area
                0x0000000008004fdc        0x0
                0x0000000008004fdc                _mbox_driver_api_list_start = .
 *(SORT_BY_NAME(SORT_BY_ALIGNMENT(._mbox_driver_api.static.*)))
                0x0000000008004fdc                _mbox_driver_api_list_end = .

mdio_driver_api_area
                0x0000000008004fdc        0x0
                0x0000000008004fdc                _mdio_driver_api_list_start = .
 *(SORT_BY_NAME(SORT_BY_ALIGNMENT(._mdio_driver_api.static.*)))
                0x0000000008004fdc                _mdio_driver_api_list_end = .

mipi_dbi_driver_api_area
                0x0000000008004fdc        0x0
                0x0000000008004fdc                _mipi_dbi_driver_api_list_start = .
 *(SORT_BY_NAME(SORT_BY_ALIGNMENT(._mipi_dbi_driver_api.static.*)))
                0x0000000008004fdc                _mipi_dbi_driver_api_list_end = .

mipi_dsi_driver_api_area
                0x0000000008004fdc        0x0
                0x0000000008004fdc                _mipi_dsi_driver_api_list_start = .
 *(SORT_BY_NAME(SORT_BY_ALIGNMENT(._mipi_dsi_driver_api.static.*)))
                0x0000000008004fdc                _mipi_dsi_driver_api_list_end = .

mspi_driver_api_area
                0x0000000008004fdc        0x0
                0x0000000008004fdc                _mspi_driver_api_list_start = .
 *(SORT_BY_NAME(SORT_BY_ALIGNMENT(._mspi_driver_api.static.*)))
                0x0000000008004fdc                _mspi_driver_api_list_end = .

peci_driver_api_area
                0x0000000008004fdc        0x0
                0x0000000008004fdc                _peci_driver_api_list_start = .
 *(SORT_BY_NAME(SORT_BY_ALIGNMENT(._peci_driver_api.static.*)))
                0x0000000008004fdc                _peci_driver_api_list_end = .

ps2_driver_api_area
                0x0000000008004fdc        0x0
                0x0000000008004fdc                _ps2_driver_api_list_start = .
 *(SORT_BY_NAME(SORT_BY_ALIGNMENT(._ps2_driver_api.static.*)))
                0x0000000008004fdc                _ps2_driver_api_list_end = .

ptp_clock_driver_api_area
                0x0000000008004fdc        0x0
                0x0000000008004fdc                _ptp_clock_driver_api_list_start = .
 *(SORT_BY_NAME(SORT_BY_ALIGNMENT(._ptp_clock_driver_api.static.*)))
                0x0000000008004fdc                _ptp_clock_driver_api_list_end = .

pwm_driver_api_area
                0x0000000008004fdc        0x0
                0x0000000008004fdc                _pwm_driver_api_list_start = .
 *(SORT_BY_NAME(SORT_BY_ALIGNMENT(._pwm_driver_api.static.*)))
                0x0000000008004fdc                _pwm_driver_api_list_end = .

regulator_parent_driver_api_area
                0x0000000008004fdc        0x0
                0x0000000008004fdc                _regulator_parent_driver_api_list_start = .
 *(SORT_BY_NAME(SORT_BY_ALIGNMENT(._regulator_parent_driver_api.static.*)))
                0x0000000008004fdc                _regulator_parent_driver_api_list_end = .

regulator_driver_api_area
                0x0000000008004fdc        0x0
                0x0000000008004fdc                _regulator_driver_api_list_start = .
 *(SORT_BY_NAME(SORT_BY_ALIGNMENT(._regulator_driver_api.static.*)))
                0x0000000008004fdc                _regulator_driver_api_list_end = .

retained_mem_driver_api_area
                0x0000000008004fdc        0x0
                0x0000000008004fdc                _retained_mem_driver_api_list_start = .
 *(SORT_BY_NAME(SORT_BY_ALIGNMENT(._retained_mem_driver_api.static.*)))
                0x0000000008004fdc                _retained_mem_driver_api_list_end = .

rtc_driver_api_area
                0x0000000008004fdc        0x0
                0x0000000008004fdc                _rtc_driver_api_list_start = .
 *(SORT_BY_NAME(SORT_BY_ALIGNMENT(._rtc_driver_api.static.*)))
                0x0000000008004fdc                _rtc_driver_api_list_end = .

sdhc_driver_api_area
                0x0000000008004fdc        0x0
                0x0000000008004fdc                _sdhc_driver_api_list_start = .
 *(SORT_BY_NAME(SORT_BY_ALIGNMENT(._sdhc_driver_api.static.*)))
                0x0000000008004fdc                _sdhc_driver_api_list_end = .

sensor_driver_api_area
                0x0000000008004fdc        0x0
                0x0000000008004fdc                _sensor_driver_api_list_start = .
 *(SORT_BY_NAME(SORT_BY_ALIGNMENT(._sensor_driver_api.static.*)))
                0x0000000008004fdc                _sensor_driver_api_list_end = .

smbus_driver_api_area
                0x0000000008004fdc        0x0
                0x0000000008004fdc                _smbus_driver_api_list_start = .
 *(SORT_BY_NAME(SORT_BY_ALIGNMENT(._smbus_driver_api.static.*)))
                0x0000000008004fdc                _smbus_driver_api_list_end = .

spi_driver_api_area
                0x0000000008004fdc        0x0
                0x0000000008004fdc                _spi_driver_api_list_start = .
 *(SORT_BY_NAME(SORT_BY_ALIGNMENT(._spi_driver_api.static.*)))
                0x0000000008004fdc                _spi_driver_api_list_end = .

stepper_driver_api_area
                0x0000000008004fdc        0x0
                0x0000000008004fdc                _stepper_driver_api_list_start = .
 *(SORT_BY_NAME(SORT_BY_ALIGNMENT(._stepper_driver_api.static.*)))
                0x0000000008004fdc                _stepper_driver_api_list_end = .

syscon_driver_api_area
                0x0000000008004fdc        0x0
                0x0000000008004fdc                _syscon_driver_api_list_start = .
 *(SORT_BY_NAME(SORT_BY_ALIGNMENT(._syscon_driver_api.static.*)))
                0x0000000008004fdc                _syscon_driver_api_list_end = .

tee_driver_api_area
                0x0000000008004fdc        0x0
                0x0000000008004fdc                _tee_driver_api_list_start = .
 *(SORT_BY_NAME(SORT_BY_ALIGNMENT(._tee_driver_api.static.*)))
                0x0000000008004fdc                _tee_driver_api_list_end = .

video_driver_api_area
                0x0000000008004fdc        0x0
                0x0000000008004fdc                _video_driver_api_list_start = .
 *(SORT_BY_NAME(SORT_BY_ALIGNMENT(._video_driver_api.static.*)))
                0x0000000008004fdc                _video_driver_api_list_end = .

w1_driver_api_area
                0x0000000008004fdc        0x0
                0x0000000008004fdc                _w1_driver_api_list_start = .
 *(SORT_BY_NAME(SORT_BY_ALIGNMENT(._w1_driver_api.static.*)))
                0x0000000008004fdc                _w1_driver_api_list_end = .

wdt_driver_api_area
                0x0000000008004fdc        0x0
                0x0000000008004fdc                _wdt_driver_api_list_start = .
 *(SORT_BY_NAME(SORT_BY_ALIGNMENT(._wdt_driver_api.static.*)))
                0x0000000008004fdc                _wdt_driver_api_list_end = .

can_transceiver_driver_api_area
                0x0000000008004fdc        0x0
                0x0000000008004fdc                _can_transceiver_driver_api_list_start = .
 *(SORT_BY_NAME(SORT_BY_ALIGNMENT(._can_transceiver_driver_api.static.*)))
                0x0000000008004fdc                _can_transceiver_driver_api_list_end = .

nrf_clock_control_driver_api_area
                0x0000000008004fdc        0x0
                0x0000000008004fdc                _nrf_clock_control_driver_api_list_start = .
 *(SORT_BY_NAME(SORT_BY_ALIGNMENT(._nrf_clock_control_driver_api.static.*)))
                0x0000000008004fdc                _nrf_clock_control_driver_api_list_end = .

i3c_target_driver_api_area
                0x0000000008004fdc        0x0
                0x0000000008004fdc                _i3c_target_driver_api_list_start = .
 *(SORT_BY_NAME(SORT_BY_ALIGNMENT(._i3c_target_driver_api.static.*)))
                0x0000000008004fdc                _i3c_target_driver_api_list_end = .

its_driver_api_area
                0x0000000008004fdc        0x0
                0x0000000008004fdc                _its_driver_api_list_start = .
 *(SORT_BY_NAME(SORT_BY_ALIGNMENT(._its_driver_api.static.*)))
                0x0000000008004fdc                _its_driver_api_list_end = .

vtd_driver_api_area
                0x0000000008004fdc        0x0
                0x0000000008004fdc                _vtd_driver_api_list_start = .
 *(SORT_BY_NAME(SORT_BY_ALIGNMENT(._vtd_driver_api.static.*)))
                0x0000000008004fdc                _vtd_driver_api_list_end = .

tgpio_driver_api_area
                0x0000000008004fdc        0x0
                0x0000000008004fdc                _tgpio_driver_api_list_start = .
 *(SORT_BY_NAME(SORT_BY_ALIGNMENT(._tgpio_driver_api.static.*)))
                0x0000000008004fdc                _tgpio_driver_api_list_end = .

pcie_ctrl_driver_api_area
                0x0000000008004fdc        0x0
                0x0000000008004fdc                _pcie_ctrl_driver_api_list_start = .
 *(SORT_BY_NAME(SORT_BY_ALIGNMENT(._pcie_ctrl_driver_api.static.*)))
                0x0000000008004fdc                _pcie_ctrl_driver_api_list_end = .

pcie_ep_driver_api_area
                0x0000000008004fdc        0x0
                0x0000000008004fdc                _pcie_ep_driver_api_list_start = .
 *(SORT_BY_NAME(SORT_BY_ALIGNMENT(._pcie_ep_driver_api.static.*)))
                0x0000000008004fdc                _pcie_ep_driver_api_list_end = .

svc_driver_api_area
                0x0000000008004fdc        0x0
                0x0000000008004fdc                _svc_driver_api_list_start = .
 *(SORT_BY_NAME(SORT_BY_ALIGNMENT(._svc_driver_api.static.*)))
                0x0000000008004fdc                _svc_driver_api_list_end = .

uart_driver_api_area
                0x0000000008004fdc       0x14
                0x0000000008004fdc                _uart_driver_api_list_start = .
 *(SORT_BY_NAME(SORT_BY_ALIGNMENT(._uart_driver_api.static.*)))
 ._uart_driver_api.static.uart_stm32_driver_api_
                0x0000000008004fdc       0x14 zephyr/drivers/serial/libdrivers__serial.a(uart_stm32.c.obj)
                0x0000000008004ff0                _uart_driver_api_list_end = .

bc12_emul_driver_api_area
                0x0000000008004ff0        0x0
                0x0000000008004ff0                _bc12_emul_driver_api_list_start = .
 *(SORT_BY_NAME(SORT_BY_ALIGNMENT(._bc12_emul_driver_api.static.*)))
                0x0000000008004ff0                _bc12_emul_driver_api_list_end = .

bc12_driver_api_area
                0x0000000008004ff0        0x0
                0x0000000008004ff0                _bc12_driver_api_list_start = .
 *(SORT_BY_NAME(SORT_BY_ALIGNMENT(._bc12_driver_api.static.*)))
                0x0000000008004ff0                _bc12_driver_api_list_end = .

usbc_ppc_driver_api_area
                0x0000000008004ff0        0x0
                0x0000000008004ff0                _usbc_ppc_driver_api_list_start = .
 *(SORT_BY_NAME(SORT_BY_ALIGNMENT(._usbc_ppc_driver_api.static.*)))
                0x0000000008004ff0                _usbc_ppc_driver_api_list_end = .

tcpc_driver_api_area
                0x0000000008004ff0        0x0
                0x0000000008004ff0                _tcpc_driver_api_list_start = .
 *(SORT_BY_NAME(SORT_BY_ALIGNMENT(._tcpc_driver_api.static.*)))
                0x0000000008004ff0                _tcpc_driver_api_list_end = .

usbc_vbus_driver_api_area
                0x0000000008004ff0        0x0
                0x0000000008004ff0                _usbc_vbus_driver_api_list_start = .
 *(SORT_BY_NAME(SORT_BY_ALIGNMENT(._usbc_vbus_driver_api.static.*)))
                0x0000000008004ff0                _usbc_vbus_driver_api_list_end = .

ivshmem_driver_api_area
                0x0000000008004ff0        0x0
                0x0000000008004ff0                _ivshmem_driver_api_list_start = .
 *(SORT_BY_NAME(SORT_BY_ALIGNMENT(._ivshmem_driver_api.static.*)))
                0x0000000008004ff0                _ivshmem_driver_api_list_end = .

ethphy_driver_api_area
                0x0000000008004ff0        0x0
                0x0000000008004ff0                _ethphy_driver_api_list_start = .
 *(SORT_BY_NAME(SORT_BY_ALIGNMENT(._ethphy_driver_api.static.*)))
                0x0000000008004ff0                _ethphy_driver_api_list_end = .

ztest           0x0000000008004ff0        0x0
                0x0000000008004ff0                _ztest_expected_result_entry_list_start = .
 *(SORT_BY_NAME(SORT_BY_ALIGNMENT(._ztest_expected_result_entry.static.*)))
                0x0000000008004ff0                _ztest_expected_result_entry_list_end = .
                0x0000000008004ff0                _ztest_suite_node_list_start = .
 *(SORT_BY_NAME(SORT_BY_ALIGNMENT(._ztest_suite_node.static.*)))
                0x0000000008004ff0                _ztest_suite_node_list_end = .
                0x0000000008004ff0                _ztest_unit_test_list_start = .
 *(SORT_BY_NAME(SORT_BY_ALIGNMENT(._ztest_unit_test.static.*)))
                0x0000000008004ff0                _ztest_unit_test_list_end = .
                0x0000000008004ff0                _ztest_test_rule_list_start = .
 *(SORT_BY_NAME(SORT_BY_ALIGNMENT(._ztest_test_rule.static.*)))
                0x0000000008004ff0                _ztest_test_rule_list_end = .

init_array      0x0000000008004ff0        0x0
                0x0000000008004ff0                __zephyr_init_array_start = .
 *(SORT_BY_INIT_PRIORITY(.init_array.*) SORT_BY_INIT_PRIORITY(.ctors.*))
 *(SORT_BY_ALIGNMENT(.init_array) SORT_BY_ALIGNMENT(.ctors))
                0x0000000008004ff0                __zephyr_init_array_end = .
                0x0000000000000001                ASSERT ((__zephyr_init_array_start == __zephyr_init_array_end), GNU-style constructors required but STATIC_INIT_GNU not enabled)

bt_l2cap_fixed_chan_area
                0x0000000008004ff0        0x0
                0x0000000008004ff0                _bt_l2cap_fixed_chan_list_start = .
 *(SORT_BY_NAME(SORT_BY_ALIGNMENT(._bt_l2cap_fixed_chan.static.*)))
                0x0000000008004ff0                _bt_l2cap_fixed_chan_list_end = .

bt_gatt_service_static_area
                0x0000000008004ff0        0x0
                0x0000000008004ff0                _bt_gatt_service_static_list_start = .
 *(SORT_BY_NAME(SORT_BY_ALIGNMENT(._bt_gatt_service_static.static.*)))
                0x0000000008004ff0                _bt_gatt_service_static_list_end = .

log_strings_area
                0x0000000008004ff0        0x0
                0x0000000008004ff0                _log_strings_list_start = .
 *(SORT_BY_NAME(SORT_BY_ALIGNMENT(._log_strings.static.*)))
                0x0000000008004ff0                _log_strings_list_end = .

log_stmesp_ptr_area
                0x0000000008004ff0        0x0
                0x0000000008004ff0                _log_stmesp_ptr_list_start = .
 *(SORT_BY_NAME(SORT_BY_ALIGNMENT(._log_stmesp_ptr.static.*)))
                0x0000000008004ff0                _log_stmesp_ptr_list_end = .

log_stmesp_str_area
                0x0000000008004ff0        0x0
                0x0000000008004ff0                _log_stmesp_str_list_start = .
 *(SORT_BY_NAME(SORT_BY_ALIGNMENT(._log_stmesp_str.static.*)))
                0x0000000008004ff0                _log_stmesp_str_list_end = .

log_const_area  0x0000000008004ff0        0x0
                0x0000000008004ff0                _log_const_list_start = .
 *(SORT_BY_NAME(SORT_BY_ALIGNMENT(._log_const.static.*)))
                0x0000000008004ff0                _log_const_list_end = .

log_backend_area
                0x0000000008004ff0        0x0
                0x0000000008004ff0                _log_backend_list_start = .
 *(SORT_BY_NAME(SORT_BY_ALIGNMENT(._log_backend.static.*)))
                0x0000000008004ff0                _log_backend_list_end = .

log_link_area   0x0000000008004ff0        0x0
                0x0000000008004ff0                _log_link_list_start = .
 *(SORT_BY_NAME(SORT_BY_ALIGNMENT(._log_link.static.*)))
                0x0000000008004ff0                _log_link_list_end = .

tracing_backend_area
                0x0000000008004ff0        0x0
                0x0000000008004ff0                _tracing_backend_list_start = .
 *(SORT_BY_NAME(SORT_BY_ALIGNMENT(._tracing_backend.static.*)))
                0x0000000008004ff0                _tracing_backend_list_end = .

zephyr_dbg_info
 *(SORT_BY_ALIGNMENT(.dbg_thread_info))

intc_table_area
                0x0000000008004ff0        0x0
                0x0000000008004ff0                _intc_table_list_start = .
 *(SORT_BY_NAME(SORT_BY_ALIGNMENT(._intc_table.static.*)))
                0x0000000008004ff0                _intc_table_list_end = .

symbol_to_keep  0x0000000008004ff0        0x0
                0x0000000008004ff0                __symbol_to_keep_start = .
 *(SORT_BY_NAME(SORT_BY_ALIGNMENT(.symbol_to_keep*)))
                0x0000000008004ff0                __symbol_to_keep_end = .

shell_area      0x0000000008004ff0        0x0
                0x0000000008004ff0                _shell_list_start = .
 *(SORT_BY_NAME(SORT_BY_ALIGNMENT(._shell.static.*)))
                0x0000000008004ff0                _shell_list_end = .

shell_root_cmds_area
                0x0000000008004ff0        0x0
                0x0000000008004ff0                _shell_root_cmds_list_start = .
 *(SORT_BY_NAME(SORT_BY_ALIGNMENT(._shell_root_cmds.static.*)))
                0x0000000008004ff0                _shell_root_cmds_list_end = .

shell_subcmds_area
                0x0000000008004ff0        0x0
                0x0000000008004ff0                _shell_subcmds_list_start = .
 *(SORT_BY_NAME(SORT_BY_ALIGNMENT(._shell_subcmds.static.*)))
                0x0000000008004ff0                _shell_subcmds_list_end = .

shell_dynamic_subcmds_area
                0x0000000008004ff0        0x0
                0x0000000008004ff0                _shell_dynamic_subcmds_list_start = .
 *(SORT_BY_NAME(SORT_BY_ALIGNMENT(._shell_dynamic_subcmds.static.*)))
                0x0000000008004ff0                _shell_dynamic_subcmds_list_end = .

cfb_font_area   0x0000000008004ff0        0x0
                0x0000000008004ff0                _cfb_font_list_start = .
 *(SORT_BY_NAME(SORT_BY_ALIGNMENT(._cfb_font.static.*)))
                0x0000000008004ff0                _cfb_font_list_end = .

tdata           0x0000000008004ff0        0x0
 *(SORT_BY_ALIGNMENT(.tdata) SORT_BY_ALIGNMENT(.tdata.*) SORT_BY_ALIGNMENT(.gnu.linkonce.td.*))

tbss            0x0000000008004ff0        0x4
 *(SORT_BY_ALIGNMENT(.tbss) SORT_BY_ALIGNMENT(.tbss.*) SORT_BY_ALIGNMENT(.gnu.linkonce.tb.*) SORT_BY_ALIGNMENT(.tcommon))
 .tbss.z_tls_current
                0x0000000008004ff0        0x4 zephyr/libzephyr.a(thread_entry.c.obj)
                0x0000000008004ff0                z_tls_current
                0x0000000008004ff0                PROVIDE (__tdata_start = LOADADDR (tdata))
                0x0000000000000001                PROVIDE (__tdata_align = ALIGNOF (tdata))
                0x0000000000000000                PROVIDE (__tdata_size = (((SIZEOF (tdata) + __tdata_align) - 0x1) & ~ ((__tdata_align - 0x1))))
                [!provide]                        PROVIDE (__tdata_end = (__tdata_start + __tdata_size))
                0x0000000000000004                PROVIDE (__tbss_align = ALIGNOF (tbss))
                [!provide]                        PROVIDE (__tbss_start = ADDR (tbss))
                0x0000000000000004                PROVIDE (__tbss_size = (((SIZEOF (tbss) + __tbss_align) - 0x1) & ~ ((__tbss_align - 0x1))))
                [!provide]                        PROVIDE (__tbss_end = (__tbss_start + __tbss_size))
                [!provide]                        PROVIDE (__tls_start = __tdata_start)
                [!provide]                        PROVIDE (__tls_end = __tbss_end)
                [!provide]                        PROVIDE (__tls_size = (__tbss_end - __tdata_start))

rodata          0x0000000008004ff0      0x3d0
 *(SORT_BY_ALIGNMENT(.rodata))
 *(SORT_BY_ALIGNMENT(.rodata.*))
 .rodata.work_handler.str1.4
                0x0000000008004ff0       0x29 app/libapp.a(main.c.obj)
 *fill*         0x0000000008005019        0x3 
 .rodata.timer_handler.str1.4
                0x000000000800501c       0x13 app/libapp.a(main.c.obj)
 *fill*         0x000000000800502f        0x1 
 .rodata.main.str1.4
                0x0000000008005030       0x2c app/libapp.a(main.c.obj)
 .rodata.led    0x000000000800505c        0x8 app/libapp.a(main.c.obj)
 .rodata.mem_attr_region
                0x0000000008005064        0x0 zephyr/libzephyr.a(mem_attr.c.obj)
 .rodata.say_hello.str1.4
                0x0000000008005064        0xe zephyr/libzephyr.a(say_hello.c.obj)
 *fill*         0x0000000008005072        0x2 
 .rodata.static_regions
                0x0000000008005074        0xc zephyr/arch/arch/arm/core/mpu/libarch__arm__core__mpu.a(arm_core_mpu.c.obj)
 .rodata.mpu_config
                0x0000000008005080        0x8 zephyr/arch/arch/arm/core/mpu/libarch__arm__core__mpu.a(arm_mpu_regions.c.obj)
                0x0000000008005080                mpu_config
 .rodata.str1.4
                0x0000000008005088        0xf zephyr/arch/arch/arm/core/mpu/libarch__arm__core__mpu.a(arm_mpu_regions.c.obj)
 *fill*         0x0000000008005097        0x1 
 .rodata.mpu_regions
                0x0000000008005098       0x18 zephyr/arch/arch/arm/core/mpu/libarch__arm__core__mpu.a(arm_mpu_regions.c.obj)
 .rodata.line_range_6.0
                0x00000000080050b0        0x2 zephyr/drivers/interrupt_controller/libdrivers__interrupt_controller.a(intc_exti_stm32.c.obj)
 *fill*         0x00000000080050b2        0x2 
 .rodata.line_range_5.1
                0x00000000080050b4        0x2 zephyr/drivers/interrupt_controller/libdrivers__interrupt_controller.a(intc_exti_stm32.c.obj)
 *fill*         0x00000000080050b6        0x2 
 .rodata.line_range_4.2
                0x00000000080050b8        0x2 zephyr/drivers/interrupt_controller/libdrivers__interrupt_controller.a(intc_exti_stm32.c.obj)
 *fill*         0x00000000080050ba        0x2 
 .rodata.line_range_3.3
                0x00000000080050bc        0x2 zephyr/drivers/interrupt_controller/libdrivers__interrupt_controller.a(intc_exti_stm32.c.obj)
 *fill*         0x00000000080050be        0x2 
 .rodata.line_range_2.4
                0x00000000080050c0        0x2 zephyr/drivers/interrupt_controller/libdrivers__interrupt_controller.a(intc_exti_stm32.c.obj)
 *fill*         0x00000000080050c2        0x2 
 .rodata.line_range_1.5
                0x00000000080050c4        0x2 zephyr/drivers/interrupt_controller/libdrivers__interrupt_controller.a(intc_exti_stm32.c.obj)
 *fill*         0x00000000080050c6        0x2 
 .rodata.line_range_0.6
                0x00000000080050c8        0x2 zephyr/drivers/interrupt_controller/libdrivers__interrupt_controller.a(intc_exti_stm32.c.obj)
 *fill*         0x00000000080050ca        0x2 
 .rodata.str1.4
                0x00000000080050cc       0x1e zephyr/drivers/interrupt_controller/libdrivers__interrupt_controller.a(intc_exti_stm32.c.obj)
 *fill*         0x00000000080050ea        0x2 
 .rodata.str1.4
                0x00000000080050ec        0xd zephyr/drivers/clock_control/libdrivers__clock_control.a(clock_stm32_ll_common.c.obj)
 *fill*         0x00000000080050f9        0x3 
 .rodata.str1.4
                0x00000000080050fc       0x7e zephyr/drivers/gpio/libdrivers__gpio.a(gpio_stm32.c.obj)
 *fill*         0x000000000800517a        0x2 
 .rodata.gpio_stm32_cfg_h